2025-04-15 20:51:12.545 [info] Extension host with pid 3601 started
2025-04-15 20:51:12.545 [info] Skipping acquiring lock for /var/www/html/cpa/User/workspaceStorage/36dc8be9c84159de429994b94ed188a6.
2025-04-15 20:51:12.776 [info] ExtensionService#_doActivateExtension vscode.emmet, startup: false, activationEvent: 'onLanguage'
2025-04-15 20:51:12.818 [info] ExtensionService#_doActivateExtension onecentlin.laravel-blade, startup: false, activationEvent: 'onLanguage:blade'
2025-04-15 20:51:12.940 [info] ExtensionService#_doActivateExtension shufo.vscode-blade-formatter, startup: false, activationEvent: 'onLanguage:blade'
2025-04-15 20:51:15.805 [info] ExtensionService#_doActivateExtension vscode.git-base, startup: true, activationEvent: '*', root cause: vscode.git
2025-04-15 20:51:15.864 [info] ExtensionService#_doActivateExtension christian-kohler.path-intellisense, startup: true, activationEvent: '*'
2025-04-15 20:51:16.223 [info] ExtensionService#_doActivateExtension Zignd.html-css-class-completion, startup: true, activationEvent: '*'
2025-04-15 20:51:16.379 [info] ExtensionService#_doActivateExtension vscode.npm, startup: true, activationEvent: 'workspaceContains:package.json'
2025-04-15 20:51:16.644 [info] ExtensionService#_doActivateExtension vscode.git, startup: true, activationEvent: '*'
2025-04-15 20:51:16.840 [info] ExtensionService#_doActivateExtension vscode.github, startup: true, activationEvent: '*'
2025-04-15 20:51:17.041 [info] ExtensionService#_doActivateExtension pranaygp.vscode-css-peek, startup: true, activationEvent: 'workspaceContains:**/*.css,**/*.scss,**/*.sass,**/*.less'
2025-04-15 20:51:18.865 [info] ExtensionService#_doActivateExtension zobo.php-intellisense, startup: true, activationEvent: 'workspaceContains:**/*.php'
2025-04-15 20:51:19.916 [info] ExtensionService#_doActivateExtension vscode.github-authentication, startup: false, activationEvent: 'onAuthenticationRequest:github'
2025-04-15 20:51:20.118 [info] ExtensionService#_doActivateExtension vscode.microsoft-authentication, startup: false, activationEvent: 'onAuthenticationRequest:microsoft'
2025-04-15 20:51:21.953 [info] Eager extensions activated
2025-04-15 20:51:22.002 [info] ExtensionService#_doActivateExtension vscode.debug-auto-launch, startup: false, activationEvent: 'onStartupFinished'
2025-04-15 20:51:22.063 [info] ExtensionService#_doActivateExtension vscode.merge-conflict, startup: false, activationEvent: 'onStartupFinished'
2025-04-15 20:51:22.112 [info] ExtensionService#_doActivateExtension ionutvmi.path-autocomplete, startup: false, activationEvent: 'onStartupFinished'
2025-04-15 20:51:22.257 [info] ExtensionService#_doActivateExtension PKief.material-icon-theme, startup: false, activationEvent: 'onStartupFinished'
2025-04-15 18:05:36.941 [error] Error: Repository not initialized
    at R.Y (/usr/share/code/resources/app/extensions/git/dist/main.js:2:1325527)
    at R.status (/usr/share/code/resources/app/extensions/git/dist/main.js:2:1310970)
    at R.o (/usr/share/code/resources/app/extensions/git/dist/main.js:2:1217933)
    at /usr/share/code/resources/app/extensions/git/dist/main.js:2:1217898
2025-04-15 18:05:36.942 [error] Error: Repository not initialized
    at R.Y (/usr/share/code/resources/app/extensions/git/dist/main.js:2:1325527)
    at R.status (/usr/share/code/resources/app/extensions/git/dist/main.js:2:1310970)
    at R.o (/usr/share/code/resources/app/extensions/git/dist/main.js:2:1217933)
    at /usr/share/code/resources/app/extensions/git/dist/main.js:2:1217898
2025-04-15 18:30:12.384 [error] Error: Repository not initialized
    at R.Y (/usr/share/code/resources/app/extensions/git/dist/main.js:2:1325527)
    at R.status (/usr/share/code/resources/app/extensions/git/dist/main.js:2:1310970)
    at R.o (/usr/share/code/resources/app/extensions/git/dist/main.js:2:1217933)
    at /usr/share/code/resources/app/extensions/git/dist/main.js:2:1217898
2025-04-15 18:30:12.385 [error] Error: Repository not initialized
    at R.Y (/usr/share/code/resources/app/extensions/git/dist/main.js:2:1325527)
    at R.status (/usr/share/code/resources/app/extensions/git/dist/main.js:2:1310970)
    at R.o (/usr/share/code/resources/app/extensions/git/dist/main.js:2:1217933)
    at /usr/share/code/resources/app/extensions/git/dist/main.js:2:1217898
2025-04-15 18:44:14.049 [info] ExtensionService#_doActivateExtension GitHub.vscode-pull-request-github, startup: false, activationEvent: 'onStartupFinished'
2025-04-15 19:32:10.107 [info] Extension host terminating: renderer closed the MessagePort
2025-04-15 19:32:10.160 [error] Canceled: Canceled
    at new h (/usr/share/code/resources/app/out/vs/workbench/api/node/extensionHostProcess.js:102:56634)
    at t.O (/usr/share/code/resources/app/out/vs/workbench/api/node/extensionHostProcess.js:114:8020)
    at Proxy.N.<computed>.T.charCodeAt.N.<computed> (/usr/share/code/resources/app/out/vs/workbench/api/node/extensionHostProcess.js:114:5459)
    at a.g (/usr/share/code/resources/app/out/vs/workbench/api/node/extensionHostProcess.js:102:77241)
    at a.executeCommand (/usr/share/code/resources/app/out/vs/workbench/api/node/extensionHostProcess.js:102:76679)
    at v.registerCommand.description (/usr/share/code/resources/app/out/vs/workbench/api/node/extensionHostProcess.js:102:76000)
    at a.h (/usr/share/code/resources/app/out/vs/workbench/api/node/extensionHostProcess.js:102:77777)
    at a.g (/usr/share/code/resources/app/out/vs/workbench/api/node/extensionHostProcess.js:102:76772)
    at a.executeCommand (/usr/share/code/resources/app/out/vs/workbench/api/node/extensionHostProcess.js:102:76679)
    at Object.executeCommand (/usr/share/code/resources/app/out/vs/workbench/api/node/extensionHostProcess.js:120:20977)
    at r.D [as value] (/usr/share/code/resources/app/extensions/git/dist/main.js:2:1261690)
    at f.w (/usr/share/code/resources/app/out/vs/workbench/api/node/extensionHostProcess.js:63:1902)
    at f.x (/usr/share/code/resources/app/out/vs/workbench/api/node/extensionHostProcess.js:63:1972)
    at fire (/usr/share/code/resources/app/out/vs/workbench/api/node/extensionHostProcess.js:63:2188)
    at Object.m [as dispose] (/usr/share/code/resources/app/extensions/git/dist/main.js:2:1277293)
    at /usr/share/code/resources/app/extensions/git/dist/main.js:2:1282023
    at Array.forEach (<anonymous>)
    at g.dispose (/usr/share/code/resources/app/extensions/git/dist/main.js:2:1282009)
    at p.<anonymous> (/usr/share/code/resources/app/out/vs/workbench/api/node/extensionHostProcess.js:98:3381)
    at p.dispose (/usr/share/code/resources/app/out/vs/workbench/api/node/extensionHostProcess.js:98:3478)
    at p.<anonymous> (/usr/share/code/resources/app/extensions/git/dist/main.js:2:1263703)
    at p.dispose (/usr/share/code/resources/app/out/vs/workbench/api/node/extensionHostProcess.js:98:3478)
    at S (/usr/share/code/resources/app/out/vs/workbench/api/node/extensionHostProcess.js:13:11731)
    at r.Z (/usr/share/code/resources/app/out/vs/workbench/api/node/extensionHostProcess.js:116:9686)
    at /usr/share/code/resources/app/out/vs/workbench/api/node/extensionHostProcess.js:116:7582
    at Array.map (<anonymous>)
    at r.S (/usr/share/code/resources/app/out/vs/workbench/api/node/extensionHostProcess.js:116:7570)
    at r.terminate (/usr/share/code/resources/app/out/vs/workbench/api/node/extensionHostProcess.js:116:7842)
    at s.terminate (/usr/share/code/resources/app/out/vs/workbench/api/node/extensionHostProcess.js:120:1506)
    at C (/usr/share/code/resources/app/out/vs/workbench/api/node/extensionHostProcess.js:130:32254)
    at MessagePortMain.<anonymous> (/usr/share/code/resources/app/out/vs/workbench/api/node/extensionHostProcess.js:130:28679)
    at MessagePortMain.emit (node:events:513:28)
    at Object.MessagePortMain._internalPort.emit (node:electron/js2c/utility_init:2:367) setContext undefined
2025-04-15 19:32:10.161 [error] Canceled: Canceled
    at new h (/usr/share/code/resources/app/out/vs/workbench/api/node/extensionHostProcess.js:102:56634)
    at t.O (/usr/share/code/resources/app/out/vs/workbench/api/node/extensionHostProcess.js:114:8020)
    at Proxy.N.<computed>.T.charCodeAt.N.<computed> (/usr/share/code/resources/app/out/vs/workbench/api/node/extensionHostProcess.js:114:5459)
    at a.g (/usr/share/code/resources/app/out/vs/workbench/api/node/extensionHostProcess.js:102:77241)
    at a.executeCommand (/usr/share/code/resources/app/out/vs/workbench/api/node/extensionHostProcess.js:102:76679)
    at v.registerCommand.description (/usr/share/code/resources/app/out/vs/workbench/api/node/extensionHostProcess.js:102:76000)
    at a.h (/usr/share/code/resources/app/out/vs/workbench/api/node/extensionHostProcess.js:102:77777)
    at a.g (/usr/share/code/resources/app/out/vs/workbench/api/node/extensionHostProcess.js:102:76772)
    at a.executeCommand (/usr/share/code/resources/app/out/vs/workbench/api/node/extensionHostProcess.js:102:76679)
    at Object.executeCommand (/usr/share/code/resources/app/out/vs/workbench/api/node/extensionHostProcess.js:120:20977)
    at t.$Ne.set b [as b] (/usr/share/code/resources/app/extensions/github/dist/extension.js:2:676183)
    at /usr/share/code/resources/app/extensions/github/dist/extension.js:2:676827
    at r.value (/usr/share/code/resources/app/extensions/git/dist/main.js:2:1349176)
    at f.w (/usr/share/code/resources/app/out/vs/workbench/api/node/extensionHostProcess.js:63:1902)
    at f.x (/usr/share/code/resources/app/out/vs/workbench/api/node/extensionHostProcess.js:63:1972)
    at fire (/usr/share/code/resources/app/out/vs/workbench/api/node/extensionHostProcess.js:63:2188)
    at Object.m [as dispose] (/usr/share/code/resources/app/extensions/git/dist/main.js:2:1277293)
    at /usr/share/code/resources/app/extensions/git/dist/main.js:2:1282023
    at Array.forEach (<anonymous>)
    at g.dispose (/usr/share/code/resources/app/extensions/git/dist/main.js:2:1282009)
    at p.<anonymous> (/usr/share/code/resources/app/out/vs/workbench/api/node/extensionHostProcess.js:98:3381)
    at p.dispose (/usr/share/code/resources/app/out/vs/workbench/api/node/extensionHostProcess.js:98:3478)
    at p.<anonymous> (/usr/share/code/resources/app/extensions/git/dist/main.js:2:1263703)
    at p.dispose (/usr/share/code/resources/app/out/vs/workbench/api/node/extensionHostProcess.js:98:3478)
    at S (/usr/share/code/resources/app/out/vs/workbench/api/node/extensionHostProcess.js:13:11731)
    at r.Z (/usr/share/code/resources/app/out/vs/workbench/api/node/extensionHostProcess.js:116:9686)
    at /usr/share/code/resources/app/out/vs/workbench/api/node/extensionHostProcess.js:116:7582
    at Array.map (<anonymous>)
    at r.S (/usr/share/code/resources/app/out/vs/workbench/api/node/extensionHostProcess.js:116:7570)
    at r.terminate (/usr/share/code/resources/app/out/vs/workbench/api/node/extensionHostProcess.js:116:7842)
    at s.terminate (/usr/share/code/resources/app/out/vs/workbench/api/node/extensionHostProcess.js:120:1506)
    at C (/usr/share/code/resources/app/out/vs/workbench/api/node/extensionHostProcess.js:130:32254)
    at MessagePortMain.<anonymous> (/usr/share/code/resources/app/out/vs/workbench/api/node/extensionHostProcess.js:130:28679)
    at MessagePortMain.emit (node:events:513:28)
    at Object.MessagePortMain._internalPort.emit (node:electron/js2c/utility_init:2:367) setContext undefined
2025-04-15 19:32:10.165 [error] Canceled: Canceled
    at new h (/usr/share/code/resources/app/out/vs/workbench/api/node/extensionHostProcess.js:102:56634)
    at t.O (/usr/share/code/resources/app/out/vs/workbench/api/node/extensionHostProcess.js:114:8020)
    at Proxy.N.<computed>.T.charCodeAt.N.<computed> (/usr/share/code/resources/app/out/vs/workbench/api/node/extensionHostProcess.js:114:5459)
    at a.g (/usr/share/code/resources/app/out/vs/workbench/api/node/extensionHostProcess.js:102:77241)
    at a.executeCommand (/usr/share/code/resources/app/out/vs/workbench/api/node/extensionHostProcess.js:102:76679)
    at v.registerCommand.description (/usr/share/code/resources/app/out/vs/workbench/api/node/extensionHostProcess.js:102:76000)
    at a.h (/usr/share/code/resources/app/out/vs/workbench/api/node/extensionHostProcess.js:102:77777)
    at a.g (/usr/share/code/resources/app/out/vs/workbench/api/node/extensionHostProcess.js:102:76772)
    at a.executeCommand (/usr/share/code/resources/app/out/vs/workbench/api/node/extensionHostProcess.js:102:76679)
    at Object.executeCommand (/usr/share/code/resources/app/out/vs/workbench/api/node/extensionHostProcess.js:120:20977)
    at e (/root/.vscode/extensions/github.vscode-pull-request-github-0.70.0/dist/extension.js:1655:1445)
    at Object.n [as setContext] (/root/.vscode/extensions/github.vscode-pull-request-github-0.70.0/dist/extension.js:1655:1560)
    at gp.updateActiveReviewCount (/root/.vscode/extensions/github.vscode-pull-request-github-0.70.0/dist/extension.js:1772:22481)
    at gp.removeRepo (/root/.vscode/extensions/github.vscode-pull-request-github-0.70.0/dist/extension.js:1772:23608)
    at r.value (/root/.vscode/extensions/github.vscode-pull-request-github-0.70.0/dist/extension.js:1835:4126)
    at f.w (/usr/share/code/resources/app/out/vs/workbench/api/node/extensionHostProcess.js:63:1902)
    at f.x (/usr/share/code/resources/app/out/vs/workbench/api/node/extensionHostProcess.js:63:1972)
    at fire (/usr/share/code/resources/app/out/vs/workbench/api/node/extensionHostProcess.js:63:2188)
    at r.value (/root/.vscode/extensions/github.vscode-pull-request-github-0.70.0/dist/extension.js:1624:461993)
    at f.w (/usr/share/code/resources/app/out/vs/workbench/api/node/extensionHostProcess.js:63:1902)
    at fire (/usr/share/code/resources/app/out/vs/workbench/api/node/extensionHostProcess.js:63:2119)
    at /root/.vscode/extensions/github.vscode-pull-request-github-0.70.0/dist/extension.js:1772:27322
    at r.value (/usr/share/code/resources/app/extensions/git/dist/main.js:2:1349176)
    at f.w (/usr/share/code/resources/app/out/vs/workbench/api/node/extensionHostProcess.js:63:1902)
    at f.x (/usr/share/code/resources/app/out/vs/workbench/api/node/extensionHostProcess.js:63:1972)
    at fire (/usr/share/code/resources/app/out/vs/workbench/api/node/extensionHostProcess.js:63:2188)
    at Object.m [as dispose] (/usr/share/code/resources/app/extensions/git/dist/main.js:2:1277293)
    at /usr/share/code/resources/app/extensions/git/dist/main.js:2:1282023
    at Array.forEach (<anonymous>)
    at g.dispose (/usr/share/code/resources/app/extensions/git/dist/main.js:2:1282009)
    at p.<anonymous> (/usr/share/code/resources/app/out/vs/workbench/api/node/extensionHostProcess.js:98:3381)
    at p.dispose (/usr/share/code/resources/app/out/vs/workbench/api/node/extensionHostProcess.js:98:3478)
    at p.<anonymous> (/usr/share/code/resources/app/extensions/git/dist/main.js:2:1263703)
    at p.dispose (/usr/share/code/resources/app/out/vs/workbench/api/node/extensionHostProcess.js:98:3478)
    at S (/usr/share/code/resources/app/out/vs/workbench/api/node/extensionHostProcess.js:13:11731)
    at r.Z (/usr/share/code/resources/app/out/vs/workbench/api/node/extensionHostProcess.js:116:9686)
    at /usr/share/code/resources/app/out/vs/workbench/api/node/extensionHostProcess.js:116:7582
    at Array.map (<anonymous>)
    at r.S (/usr/share/code/resources/app/out/vs/workbench/api/node/extensionHostProcess.js:116:7570)
    at r.terminate (/usr/share/code/resources/app/out/vs/workbench/api/node/extensionHostProcess.js:116:7842)
    at s.terminate (/usr/share/code/resources/app/out/vs/workbench/api/node/extensionHostProcess.js:120:1506)
    at C (/usr/share/code/resources/app/out/vs/workbench/api/node/extensionHostProcess.js:130:32254)
    at MessagePortMain.<anonymous> (/usr/share/code/resources/app/out/vs/workbench/api/node/extensionHostProcess.js:130:28679)
    at MessagePortMain.emit (node:events:513:28)
    at Object.MessagePortMain._internalPort.emit (node:electron/js2c/utility_init:2:367) setContext undefined
2025-04-15 19:32:10.166 [error] Canceled: Canceled
    at new h (/usr/share/code/resources/app/out/vs/workbench/api/node/extensionHostProcess.js:102:56634)
    at t.O (/usr/share/code/resources/app/out/vs/workbench/api/node/extensionHostProcess.js:114:8020)
    at Proxy.N.<computed>.T.charCodeAt.N.<computed> (/usr/share/code/resources/app/out/vs/workbench/api/node/extensionHostProcess.js:114:5459)
    at a.g (/usr/share/code/resources/app/out/vs/workbench/api/node/extensionHostProcess.js:102:77241)
    at a.executeCommand (/usr/share/code/resources/app/out/vs/workbench/api/node/extensionHostProcess.js:102:76679)
    at v.registerCommand.description (/usr/share/code/resources/app/out/vs/workbench/api/node/extensionHostProcess.js:102:76000)
    at a.h (/usr/share/code/resources/app/out/vs/workbench/api/node/extensionHostProcess.js:102:77777)
    at a.g (/usr/share/code/resources/app/out/vs/workbench/api/node/extensionHostProcess.js:102:76772)
    at a.executeCommand (/usr/share/code/resources/app/out/vs/workbench/api/node/extensionHostProcess.js:102:76679)
    at Object.executeCommand (/usr/share/code/resources/app/out/vs/workbench/api/node/extensionHostProcess.js:120:20977)
    at r0.reset (/root/.vscode/extensions/github.vscode-pull-request-github-0.70.0/dist/extension.js:1822:4008)
    at r0.dispose (/root/.vscode/extensions/github.vscode-pull-request-github-0.70.0/dist/extension.js:1822:4247)
    at S (/usr/share/code/resources/app/out/vs/workbench/api/node/extensionHostProcess.js:13:11731)
    at r.Z (/usr/share/code/resources/app/out/vs/workbench/api/node/extensionHostProcess.js:116:9686)
    at /usr/share/code/resources/app/out/vs/workbench/api/node/extensionHostProcess.js:116:7582
    at Array.map (<anonymous>)
    at r.S (/usr/share/code/resources/app/out/vs/workbench/api/node/extensionHostProcess.js:116:7570)
    at r.terminate (/usr/share/code/resources/app/out/vs/workbench/api/node/extensionHostProcess.js:116:7842)
    at s.terminate (/usr/share/code/resources/app/out/vs/workbench/api/node/extensionHostProcess.js:120:1506)
    at C (/usr/share/code/resources/app/out/vs/workbench/api/node/extensionHostProcess.js:130:32254)
    at MessagePortMain.<anonymous> (/usr/share/code/resources/app/out/vs/workbench/api/node/extensionHostProcess.js:130:28679)
    at MessagePortMain.emit (node:events:513:28)
    at Object.MessagePortMain._internalPort.emit (node:electron/js2c/utility_init:2:367) setContext undefined
2025-04-15 19:32:10.168 [error] Canceled: Canceled
    at new h (/usr/share/code/resources/app/out/vs/workbench/api/node/extensionHostProcess.js:102:56634)
    at t.O (/usr/share/code/resources/app/out/vs/workbench/api/node/extensionHostProcess.js:114:8020)
    at Proxy.N.<computed>.T.charCodeAt.N.<computed> (/usr/share/code/resources/app/out/vs/workbench/api/node/extensionHostProcess.js:114:5459)
    at A.showMessage (/usr/share/code/resources/app/out/vs/workbench/api/node/extensionHostProcess.js:104:85257)
    at Object.showErrorMessage (/usr/share/code/resources/app/out/vs/workbench/api/node/extensionHostProcess.js:120:30410)
    at eg.login (/root/.vscode/extensions/github.vscode-pull-request-github-0.70.0/dist/extension.js:1772:19113)
    at gp.authenticate (/root/.vscode/extensions/github.vscode-pull-request-github-0.70.0/dist/extension.js:1772:26073)
    at /root/.vscode/extensions/github.vscode-pull-request-github-0.70.0/dist/extension.js:1762:10313
    at a.h (/usr/share/code/resources/app/out/vs/workbench/api/node/extensionHostProcess.js:102:77769) pr.signin {"value":"GitHub.vscode-pull-request-github","_lower":"github.vscode-pull-request-github"}
2025-04-15 19:32:10.169 [error] Canceled: Canceled
    at new h (/usr/share/code/resources/app/out/vs/workbench/api/node/extensionHostProcess.js:102:56634)
    at t.O (/usr/share/code/resources/app/out/vs/workbench/api/node/extensionHostProcess.js:114:8020)
    at Proxy.N.<computed>.T.charCodeAt.N.<computed> (/usr/share/code/resources/app/out/vs/workbench/api/node/extensionHostProcess.js:114:5459)
    at A.showMessage (/usr/share/code/resources/app/out/vs/workbench/api/node/extensionHostProcess.js:104:85257)
    at Object.showErrorMessage (/usr/share/code/resources/app/out/vs/workbench/api/node/extensionHostProcess.js:120:30410)
    at eg.login (/root/.vscode/extensions/github.vscode-pull-request-github-0.70.0/dist/extension.js:1772:19113)
    at gp.authenticate (/root/.vscode/extensions/github.vscode-pull-request-github-0.70.0/dist/extension.js:1772:26073)
    at /root/.vscode/extensions/github.vscode-pull-request-github-0.70.0/dist/extension.js:1762:10313
    at a.h (/usr/share/code/resources/app/out/vs/workbench/api/node/extensionHostProcess.js:102:77769) pr.signin {"value":"GitHub.vscode-pull-request-github","_lower":"github.vscode-pull-request-github"}
2025-04-15 19:32:10.170 [error] Canceled: Canceled
    at new h (/usr/share/code/resources/app/out/vs/workbench/api/node/extensionHostProcess.js:102:56634)
    at t.O (/usr/share/code/resources/app/out/vs/workbench/api/node/extensionHostProcess.js:114:8020)
    at Proxy.N.<computed>.T.charCodeAt.N.<computed> (/usr/share/code/resources/app/out/vs/workbench/api/node/extensionHostProcess.js:114:5459)
    at A.showMessage (/usr/share/code/resources/app/out/vs/workbench/api/node/extensionHostProcess.js:104:85257)
    at Object.showErrorMessage (/usr/share/code/resources/app/out/vs/workbench/api/node/extensionHostProcess.js:120:30410)
    at eg.login (/root/.vscode/extensions/github.vscode-pull-request-github-0.70.0/dist/extension.js:1772:19113)
    at gp.authenticate (/root/.vscode/extensions/github.vscode-pull-request-github-0.70.0/dist/extension.js:1772:26073)
    at /root/.vscode/extensions/github.vscode-pull-request-github-0.70.0/dist/extension.js:1762:10313
    at a.h (/usr/share/code/resources/app/out/vs/workbench/api/node/extensionHostProcess.js:102:77769) pr.signin {"value":"GitHub.vscode-pull-request-github","_lower":"github.vscode-pull-request-github"}
2025-04-15 19:32:10.170 [error] Canceled: Canceled
    at new h (/usr/share/code/resources/app/out/vs/workbench/api/node/extensionHostProcess.js:102:56634)
    at t.O (/usr/share/code/resources/app/out/vs/workbench/api/node/extensionHostProcess.js:114:8020)
    at Proxy.N.<computed>.T.charCodeAt.N.<computed> (/usr/share/code/resources/app/out/vs/workbench/api/node/extensionHostProcess.js:114:5459)
    at A.showMessage (/usr/share/code/resources/app/out/vs/workbench/api/node/extensionHostProcess.js:104:85257)
    at Object.showErrorMessage (/usr/share/code/resources/app/out/vs/workbench/api/node/extensionHostProcess.js:120:30410)
    at eg.login (/root/.vscode/extensions/github.vscode-pull-request-github-0.70.0/dist/extension.js:1772:19113)
    at gp.authenticate (/root/.vscode/extensions/github.vscode-pull-request-github-0.70.0/dist/extension.js:1772:26073)
    at /root/.vscode/extensions/github.vscode-pull-request-github-0.70.0/dist/extension.js:1762:10313
    at a.h (/usr/share/code/resources/app/out/vs/workbench/api/node/extensionHostProcess.js:102:77769) pr.signin {"value":"GitHub.vscode-pull-request-github","_lower":"github.vscode-pull-request-github"}
2025-04-15 19:32:10.265 [info] Extension host with pid 3601 exiting with code 0
