2025-01-07 22:28:55.763 [info] Log level: Info
2025-01-07 22:28:55.763 [info] Validating found git in: "git"
2025-01-07 22:28:55.763 [info] Using git "2.34.1" from "git"
2025-01-07 22:28:55.763 [info] > git rev-parse --show-toplevel [451ms]
2025-01-07 22:28:56.078 [info] > git rev-parse --git-dir --git-common-dir [120ms]
2025-01-07 22:28:56.097 [info] Open repository: /var/www/html/cpa
2025-01-07 22:28:56.143 [info] > git config --get commit.template [27ms]
2025-01-07 22:28:57.036 [info] > git rev-parse --show-toplevel [862ms]
2025-01-07 22:28:57.319 [info] > git check-ignore -v -z --stdin [297ms]
2025-01-07 22:28:57.473 [info] > git rev-parse --show-toplevel [42ms]
2025-01-07 22:28:57.473 [info] > git for-each-ref --format=%(refname)%00%(upstream:short)%00%(objectname)%00%(upstream:track)%00%(upstream:remotename)%00%(upstream:remoteref) refs/heads/avara refs/remotes/avara [169ms]
2025-01-07 22:28:57.515 [info] > git rev-parse --show-toplevel [2ms]
2025-01-07 22:28:57.527 [info] > git rev-parse --show-toplevel [2ms]
2025-01-07 22:28:57.539 [info] > git rev-parse --show-toplevel [3ms]
2025-01-07 22:28:57.554 [info] > git rev-parse --show-toplevel [3ms]
2025-01-07 22:28:57.569 [info] > git rev-parse --show-toplevel [2ms]
2025-01-07 22:28:57.582 [info] > git rev-parse --show-toplevel [3ms]
2025-01-07 22:28:57.599 [info] > git rev-parse --show-toplevel [2ms]
2025-01-07 22:28:57.615 [info] > git rev-parse --show-toplevel [3ms]
2025-01-07 22:28:57.633 [info] > git rev-parse --show-toplevel [3ms]
2025-01-07 22:28:57.655 [info] > git rev-parse --show-toplevel [7ms]
2025-01-07 22:28:57.672 [info] > git rev-parse --show-toplevel [3ms]
2025-01-07 22:28:57.687 [info] > git rev-parse --show-toplevel [3ms]
2025-01-07 22:28:57.700 [info] > git rev-parse --show-toplevel [2ms]
2025-01-07 22:28:57.715 [info] > git rev-parse --show-toplevel [3ms]
2025-01-07 22:28:57.731 [info] > git rev-parse --show-toplevel [3ms]
2025-01-07 22:28:57.747 [info] > git rev-parse --show-toplevel [3ms]
2025-01-07 22:28:57.763 [info] > git rev-parse --show-toplevel [2ms]
2025-01-07 22:28:57.777 [info] > git rev-parse --show-toplevel [2ms]
2025-01-07 22:28:57.793 [info] > git rev-parse --show-toplevel [2ms]
2025-01-07 22:28:57.807 [info] > git rev-parse --show-toplevel [2ms]
2025-01-07 22:28:57.822 [info] > git rev-parse --show-toplevel [3ms]
2025-01-07 22:28:57.840 [info] > git rev-parse --show-toplevel [3ms]
2025-01-07 22:28:57.864 [info] > git rev-parse --show-toplevel [11ms]
2025-01-07 22:28:57.874 [info] > git status -z -uall [389ms] (cancelled)
2025-01-07 22:28:57.889 [info] > git rev-parse --show-toplevel [3ms]
2025-01-07 22:28:57.908 [info] > git rev-parse --show-toplevel [4ms]
2025-01-07 22:28:57.925 [info] > git rev-parse --show-toplevel [3ms]
2025-01-07 22:28:57.940 [info] > git rev-parse --show-toplevel [3ms]
2025-01-07 22:28:57.993 [info] > git ls-files --stage -- /var/www/html/cpa/resources/views/pages/support_team/marks/print/sheet.blade.php [15ms]
2025-01-07 22:28:58.009 [info] > git show --textconv :resources/views/pages/support_team/marks/print/sheet.blade.php [48ms]
2025-01-07 22:28:58.012 [info] > git cat-file -s 12866a5e51d69b7a60216a65fafd33ee8a512413 [5ms]
2025-01-07 22:31:52.298 [info] > git check-ignore -v -z --stdin [13ms]
2025-01-07 22:31:57.521 [info] > git show --textconv :resources/views/pages/support_team/marks/print/sheet.blade copy211223.php [10ms]
2025-01-07 22:31:57.530 [info] > git ls-files --stage -- /var/www/html/cpa/resources/views/pages/support_team/marks/print/sheet.blade copy211223.php [10ms]
2025-01-07 22:32:24.549 [info] > git check-ignore -v -z --stdin [13ms]
2025-01-07 22:32:27.936 [info] > git show --textconv :resources/views/pages/support_team/marks/show/sheet.blade.php [13ms]
2025-01-07 22:32:27.942 [info] > git ls-files --stage -- /var/www/html/cpa/resources/views/pages/support_team/marks/show/sheet.blade.php [10ms]
2025-01-07 22:32:27.961 [info] > git cat-file -s e51fed2f96e5a44aff3998373da6f2c3b3cce708 [2ms]
2025-01-07 22:34:12.686 [info] > git check-ignore -v -z --stdin [88ms]
2025-01-07 22:34:13.719 [info] > git check-ignore -v -z --stdin [20ms]
2025-01-07 22:34:14.465 [info] > git check-ignore -v -z --stdin [24ms]
2025-01-07 22:34:26.993 [info] > git show --textconv :app/Http/Controllers/SupportTeam/MarkController.php [20ms]
2025-01-07 22:34:26.995 [info] > git ls-files --stage -- /var/www/html/cpa/app/Http/Controllers/SupportTeam/MarkController.php [9ms]
2025-01-07 22:34:27.005 [info] > git cat-file -s d433cf3df4578d9a98b2a131d42910e048cb599f [2ms]
2025-01-07 22:34:27.199 [info] > git check-ignore -v -z --stdin [11ms]
2025-01-07 22:34:49.169 [info] > git check-ignore -v -z --stdin [12ms]
2025-01-07 22:35:01.242 [info] > git show --textconv :app/Models/Mark.php [12ms]
2025-01-07 22:35:01.250 [info] > git ls-files --stage -- /var/www/html/cpa/app/Models/Mark.php [9ms]
2025-01-07 22:35:01.260 [info] > git cat-file -s 9979fac39c89e463f1aebe85b87d4c9876d36db6 [2ms]
2025-01-07 22:35:11.339 [info] > git check-ignore -v -z --stdin [28ms]
