2025-01-05 20:34:21.917 [info] Log level: Info
2025-01-05 20:34:21.917 [info] Validating found git in: "git"
2025-01-05 20:34:24.401 [info] Using git "2.34.1" from "git"
2025-01-05 20:34:25.181 [info] > git rev-parse --show-toplevel [147ms]
2025-01-05 20:34:25.302 [info] > git rev-parse --git-dir --git-common-dir [50ms]
2025-01-05 20:34:25.324 [info] Open repository: /var/www/html/cpa
2025-01-05 20:34:25.676 [info] > git rev-parse --show-toplevel [24ms]
2025-01-05 20:34:25.677 [info] > git config --get commit.template [267ms]
2025-01-05 20:34:26.453 [info] > git for-each-ref --format=%(refname)%00%(upstream:short)%00%(objectname)%00%(upstream:track)%00%(upstream:remotename)%00%(upstream:remoteref) refs/heads/avara refs/remotes/avara [529ms]
2025-01-05 20:34:26.634 [info] > git check-ignore -v -z --stdin [332ms]
2025-01-05 20:34:27.263 [info] > git rev-parse --show-toplevel [26ms]
2025-01-05 20:34:27.272 [info] > git status -z -uall [810ms] (cancelled)
2025-01-05 20:34:27.297 [info] > git rev-parse --show-toplevel [3ms]
2025-01-05 20:34:27.307 [info] > git rev-parse --show-toplevel [2ms]
2025-01-05 20:34:27.319 [info] > git rev-parse --show-toplevel [3ms]
2025-01-05 20:34:27.338 [info] > git rev-parse --show-toplevel [9ms]
2025-01-05 20:34:27.350 [info] > git rev-parse --show-toplevel [2ms]
2025-01-05 20:34:27.362 [info] > git rev-parse --show-toplevel [3ms]
2025-01-05 20:34:27.379 [info] > git rev-parse --show-toplevel [3ms]
2025-01-05 20:34:27.406 [info] > git rev-parse --show-toplevel [6ms]
2025-01-05 20:34:27.423 [info] > git rev-parse --show-toplevel [2ms]
2025-01-05 20:34:27.435 [info] > git rev-parse --show-toplevel [3ms]
2025-01-05 20:34:27.446 [info] > git rev-parse --show-toplevel [2ms]
2025-01-05 20:34:27.461 [info] > git rev-parse --show-toplevel [2ms]
2025-01-05 20:34:27.475 [info] > git rev-parse --show-toplevel [2ms]
2025-01-05 20:34:27.487 [info] > git rev-parse --show-toplevel [2ms]
2025-01-05 20:34:27.505 [info] > git rev-parse --show-toplevel [5ms]
2025-01-05 20:34:27.515 [info] > git rev-parse --show-toplevel [2ms]
2025-01-05 20:34:27.528 [info] > git rev-parse --show-toplevel [3ms]
2025-01-05 20:34:27.542 [info] > git rev-parse --show-toplevel [3ms]
2025-01-05 20:34:27.554 [info] > git rev-parse --show-toplevel [2ms]
2025-01-05 20:34:27.566 [info] > git rev-parse --show-toplevel [2ms]
2025-01-05 20:34:27.580 [info] > git rev-parse --show-toplevel [2ms]
2025-01-05 20:34:27.595 [info] > git rev-parse --show-toplevel [2ms]
2025-01-05 20:34:27.606 [info] > git rev-parse --show-toplevel [3ms]
2025-01-05 20:34:27.620 [info] > git rev-parse --show-toplevel [2ms]
2025-01-05 20:34:27.631 [info] > git rev-parse --show-toplevel [2ms]
2025-01-05 20:34:27.641 [info] > git rev-parse --show-toplevel [2ms]
2025-01-05 20:34:27.652 [info] > git rev-parse --show-toplevel [3ms]
2025-01-05 20:34:27.707 [info] > git ls-files --stage -- /var/www/html/cpa/app/Http/Controllers/SupportTeam/MarkController.php [34ms]
2025-01-05 20:34:27.758 [info] > git cat-file -s d433cf3df4578d9a98b2a131d42910e048cb599f [41ms]
2025-01-05 20:34:27.760 [info] > git show --textconv :app/Http/Controllers/SupportTeam/MarkController.php [96ms]
2025-01-05 20:34:28.030 [info] > git check-ignore -v -z --stdin [18ms]
2025-01-05 20:34:30.430 [info] > git ls-files --stage -- /var/www/html/cpa/resources/views/pages/support_team/marks/print/sheet.blade copy.php [17ms]
2025-01-05 20:34:30.450 [info] > git check-ignore -v -z --stdin [21ms]
2025-01-05 20:34:30.538 [info] > git cat-file -s a9ae69345f1e58d2cfc470c840e0ab6674c504b2 [99ms]
2025-01-05 20:34:30.539 [info] > git show --textconv :resources/views/pages/support_team/marks/print/sheet.blade copy.php [135ms]
2025-01-05 20:34:31.919 [info] > git check-ignore -v -z --stdin [12ms]
2025-01-05 20:34:44.873 [info] > git check-ignore -v -z --stdin [66ms]
2025-01-05 20:34:44.901 [info] > git show --textconv :resources/views/pages/support_team/marks/show/sheet.blade.php [15ms]
2025-01-05 20:34:44.910 [info] > git ls-files --stage -- /var/www/html/cpa/resources/views/pages/support_team/marks/show/sheet.blade.php [13ms]
2025-01-05 20:34:44.922 [info] > git cat-file -s e51fed2f96e5a44aff3998373da6f2c3b3cce708 [3ms]
2025-01-05 20:34:48.189 [info] > git show --textconv :resources/views/pages/support_team/marks/print/sheet.blade.php [25ms]
2025-01-05 20:34:48.195 [info] > git ls-files --stage -- /var/www/html/cpa/resources/views/pages/support_team/marks/print/sheet.blade.php [9ms]
2025-01-05 20:34:48.211 [info] > git cat-file -s 12866a5e51d69b7a60216a65fafd33ee8a512413 [2ms]
2025-01-05 20:35:09.881 [info] > git show --textconv :resources/views/pages/support_team/marks/print/sheet.blade copy211223.php [10ms]
2025-01-05 20:35:09.889 [info] > git ls-files --stage -- /var/www/html/cpa/resources/views/pages/support_team/marks/print/sheet.blade copy211223.php [10ms]
2025-01-05 20:37:13.130 [info] > git check-ignore -v -z --stdin [22ms]
2025-01-05 20:37:16.321 [info] > git check-ignore -v -z --stdin [11ms]
2025-01-05 20:37:25.567 [info] > git check-ignore -v -z --stdin [97ms]
2025-01-05 20:37:33.479 [info] > git check-ignore -v -z --stdin [81ms]
2025-01-05 20:37:46.111 [info] > git ls-files --stage -- /var/www/html/cpa/app/Models/Subject.php [11ms]
2025-01-05 20:37:46.148 [info] > git cat-file -s 6e0e4028db34029612fdeb6592ee68b23c4f0e50 [28ms]
2025-01-05 20:37:46.150 [info] > git show --textconv :app/Models/Subject.php [61ms]
2025-01-05 20:37:46.694 [info] > git show --textconv :app/Models/StudentRecord.php [13ms]
2025-01-05 20:37:46.702 [info] > git ls-files --stage -- /var/www/html/cpa/app/Models/StudentRecord.php [8ms]
2025-01-05 20:37:46.713 [info] > git cat-file -s ee3b3f33a8c1234fdb72f27219134a747b3cae5d [3ms]
2025-01-05 20:38:22.112 [info] > git check-ignore -v -z --stdin [21ms]
2025-01-05 20:38:30.578 [info] > git show --textconv :resources/views/pages/support_team/marks/selector.blade.php [10ms]
2025-01-05 20:38:30.586 [info] > git ls-files --stage -- /var/www/html/cpa/resources/views/pages/support_team/marks/selector.blade.php [9ms]
2025-01-05 20:38:30.600 [info] > git cat-file -s 8c29ce0711838f849322cbc4abafa4753df17174 [2ms]
2025-01-05 20:38:31.173 [info] > git show --textconv :resources/views/pages/support_team/marks/print/comments.blade.php [10ms]
2025-01-05 20:38:31.182 [info] > git ls-files --stage -- /var/www/html/cpa/resources/views/pages/support_team/marks/print/comments.blade.php [9ms]
2025-01-05 20:38:31.195 [info] > git cat-file -s 577cf5c405ae62e254567ae588bd8fac42e7e305 [2ms]
2025-01-05 20:38:48.350 [info] > git show --textconv :routes/web.php [19ms]
2025-01-05 20:38:48.352 [info] > git ls-files --stage -- /var/www/html/cpa/routes/web.php [10ms]
2025-01-05 20:38:48.365 [info] > git cat-file -s fb077c0d01030aa6b068f5b844d5f4abe650587b [3ms]
2025-01-05 20:38:48.705 [info] > git check-ignore -v -z --stdin [75ms]
2025-01-05 20:38:50.176 [info] > git show --textconv :resources/views/pages/support_team/marks/manage.blade.php [11ms]
2025-01-05 20:38:50.183 [info] > git ls-files --stage -- /var/www/html/cpa/resources/views/pages/support_team/marks/manage.blade.php [9ms]
2025-01-05 20:38:50.193 [info] > git cat-file -s d4167bb4a755eea1c2189f4f59196da7636aed47 [2ms]
2025-01-05 20:38:52.884 [info] > git show --textconv :resources/views/pages/support_team/marks/tabulation/index.blade.php [12ms]
2025-01-05 20:38:52.892 [info] > git ls-files --stage -- /var/www/html/cpa/resources/views/pages/support_team/marks/tabulation/index.blade.php [9ms]
2025-01-05 20:38:52.906 [info] > git cat-file -s 142001e43f49a46b140d0e73515b79dc1575b059 [2ms]
2025-01-05 20:39:02.203 [info] > git show --textconv :app/Models/Exam.php [10ms]
2025-01-05 20:39:02.212 [info] > git ls-files --stage -- /var/www/html/cpa/app/Models/Exam.php [10ms]
2025-01-05 20:39:02.229 [info] > git cat-file -s 6647fdeed8bfb2da4ded6f1696774460b159e133 [2ms]
2025-01-05 20:39:04.661 [info] > git show --textconv :app/Models/ExamRecord.php [10ms]
2025-01-05 20:39:04.670 [info] > git ls-files --stage -- /var/www/html/cpa/app/Models/ExamRecord.php [9ms]
2025-01-05 20:39:04.693 [info] > git cat-file -s 1aeb7b4ba409fc01e151cbd36f756b9da90828bd [2ms]
2025-01-05 20:41:21.642 [info] > git check-ignore -v -z --stdin [33ms]
2025-01-05 20:41:26.588 [info] > git check-ignore -v -z --stdin [25ms]
2025-01-05 20:41:27.179 [info] > git check-ignore -v -z --stdin [22ms]
2025-01-05 20:42:00.802 [info] > git show --textconv :resources/views/pages/support_team/marks/print/sheet.blade.php [21ms]
2025-01-05 20:42:00.811 [info] > git ls-files --stage -- /var/www/html/cpa/resources/views/pages/support_team/marks/print/sheet.blade.php [9ms]
2025-01-05 20:42:00.823 [info] > git cat-file -s 12866a5e51d69b7a60216a65fafd33ee8a512413 [2ms]
