2025-04-15 20:51:20.920 [info] Reading sessions from keychain...
2025-04-15 20:51:20.920 [info] Getting sessions for all scopes...
2025-04-15 20:51:20.920 [info] Got 0 sessions for ...
2025-04-15 20:51:20.920 [info] Getting sessions for user:email...
2025-04-15 20:51:20.920 [info] Got 0 sessions for user:email...
2025-04-15 20:51:20.920 [info] Getting sessions for all scopes...
2025-04-15 20:51:20.920 [info] Got 0 sessions for ...
2025-04-15 20:51:21.091 [info] Getting sessions for all scopes...
2025-04-15 20:51:21.091 [info] Got 0 sessions for ...
2025-04-15 18:09:48.293 [info] Getting sessions for read:user,repo,user:email,workflow...
2025-04-15 18:09:48.293 [info] Got 0 sessions for read:user,repo,user:email,workflow...
2025-04-15 18:09:51.187 [info] Logging in for the following scopes: read:user repo user:email workflow
2025-04-15 18:09:51.194 [info] Trying without local server... (read:user repo user:email workflow)
2025-04-15 18:10:45.722 [error] User Cancelled
2025-04-15 18:44:14.362 [info] Getting sessions for read:user,repo,user:email,workflow...
2025-04-15 18:44:14.362 [info] Got 0 sessions for read:user,repo,user:email,workflow...
2025-04-15 18:44:14.368 [info] Getting sessions for read:user,repo,user:email...
2025-04-15 18:44:14.368 [info] Got 0 sessions for read:user,repo,user:email...
2025-04-15 18:44:54.780 [info] Getting sessions for read:user,repo,user:email,workflow...
2025-04-15 18:44:54.780 [info] Got 0 sessions for read:user,repo,user:email,workflow...
2025-04-15 18:44:54.784 [info] Getting sessions for read:user,repo,user:email...
2025-04-15 18:44:54.784 [info] Got 0 sessions for read:user,repo,user:email...
2025-04-15 18:44:54.790 [info] Getting sessions for read:user,repo,user:email,workflow...
2025-04-15 18:44:54.790 [info] Got 0 sessions for read:user,repo,user:email,workflow...
2025-04-15 18:44:56.716 [info] Logging in for the following scopes: read:user repo user:email workflow
2025-04-15 18:44:56.735 [info] Trying without local server... (read:user repo user:email workflow)
2025-04-15 18:49:56.736 [error] Timed out
2025-04-15 19:32:10.158 [error] Canceled
2025-04-15 19:32:10.166 [error] Canceled
2025-04-15 19:32:10.167 [error] Error: No auth flow succeeded.
    at t.GitHubServer.login (/usr/share/code/resources/app/extensions/github-authentication/dist/extension.js:2:603712)
    at t.GitHubAuthenticationProvider.createSession (/usr/share/code/resources/app/extensions/github-authentication/dist/extension.js:2:600185)
