2025-04-15 19:32:58.683 [info] Log level: Info
2025-04-15 19:32:58.684 [info] Validating found git in: "git"
2025-04-15 19:32:58.684 [info] Using git "2.34.1" from "git"
2025-04-15 19:32:58.684 [info] > git rev-parse --show-toplevel [37ms]
2025-04-15 19:32:58.734 [info] > git rev-parse --git-dir --git-common-dir [244ms]
2025-04-15 19:32:58.768 [info] Open repository: /var/www/html/cpa
2025-04-15 19:32:58.795 [info] > git config --get commit.template [9ms]
2025-04-15 19:32:59.682 [info] > git rev-parse --show-toplevel [20ms]
2025-04-15 19:32:59.682 [info] > git for-each-ref --format=%(refname)%00%(upstream:short)%00%(objectname)%00%(upstream:track)%00%(upstream:remotename)%00%(upstream:remoteref) refs/heads/master refs/remotes/master [30ms]
2025-04-15 19:32:59.896 [info] > git status -z -uall [204ms]
2025-04-15 19:32:59.947 [info] > git rev-parse --show-toplevel [52ms]
2025-04-15 19:32:59.971 [info] > git config --get commit.template [24ms]
2025-04-15 19:33:00.126 [info] > git for-each-ref --format=%(refname)%00%(upstream:short)%00%(objectname)%00%(upstream:track)%00%(upstream:remotename)%00%(upstream:remoteref) refs/heads/master refs/remotes/master [14ms]
2025-04-15 19:33:00.140 [info] > git rev-parse --show-toplevel [16ms]
2025-04-15 19:33:00.196 [info] > git status -z -uall [61ms]
2025-04-15 19:33:00.248 [info] > git check-ignore -v -z --stdin [20ms]
2025-04-15 19:33:00.250 [info] > git rev-parse --show-toplevel [6ms]
2025-04-15 19:33:00.267 [info] > git rev-parse --show-toplevel [3ms]
2025-04-15 19:33:00.285 [info] > git rev-parse --show-toplevel [3ms]
2025-04-15 19:33:00.344 [info] > git rev-parse --show-toplevel [41ms]
2025-04-15 19:33:00.357 [info] > git rev-parse --show-toplevel [2ms]
2025-04-15 19:33:00.370 [info] > git rev-parse --show-toplevel [2ms]
2025-04-15 19:33:00.382 [info] > git rev-parse --show-toplevel [2ms]
2025-04-15 19:33:00.394 [info] > git rev-parse --show-toplevel [2ms]
2025-04-15 19:33:00.403 [info] > git rev-parse --show-toplevel [2ms]
2025-04-15 19:33:00.412 [info] > git rev-parse --show-toplevel [2ms]
2025-04-15 19:33:00.420 [info] > git rev-parse --show-toplevel [2ms]
2025-04-15 19:33:00.429 [info] > git rev-parse --show-toplevel [2ms]
2025-04-15 19:33:00.437 [info] > git rev-parse --show-toplevel [1ms]
2025-04-15 19:33:00.446 [info] > git rev-parse --show-toplevel [1ms]
2025-04-15 19:33:00.455 [info] > git rev-parse --show-toplevel [2ms]
2025-04-15 19:33:00.464 [info] > git rev-parse --show-toplevel [2ms]
2025-04-15 19:33:00.473 [info] > git rev-parse --show-toplevel [1ms]
2025-04-15 19:33:00.481 [info] > git rev-parse --show-toplevel [2ms]
2025-04-15 19:33:00.489 [info] > git rev-parse --show-toplevel [1ms]
2025-04-15 19:33:00.498 [info] > git rev-parse --show-toplevel [2ms]
2025-04-15 19:33:00.511 [info] > git rev-parse --show-toplevel [2ms]
2025-04-15 19:33:00.520 [info] > git rev-parse --show-toplevel [1ms]
2025-04-15 19:33:00.528 [info] > git rev-parse --show-toplevel [1ms]
2025-04-15 19:33:00.537 [info] > git rev-parse --show-toplevel [2ms]
2025-04-15 19:33:00.558 [info] > git show --textconv :.gitignore [9ms]
2025-04-15 19:33:00.561 [info] > git ls-files --stage -- /var/www/html/cpa/.gitignore [4ms]
2025-04-15 19:33:00.570 [info] > git cat-file -s e70827acc68c3929973b2239d755d8b0740f5f85 [2ms]
2025-04-15 19:33:00.964 [info] > git config --local branch.master.github-pr-owner-number [3ms]
2025-04-15 19:33:01.007 [info] > git config --get commit.template [16ms]
2025-04-15 19:33:01.031 [info] > git for-each-ref --format=%(refname)%00%(upstream:short)%00%(objectname)%00%(upstream:track)%00%(upstream:remotename)%00%(upstream:remoteref) refs/heads/master refs/remotes/master [11ms]
2025-04-15 19:33:01.121 [info] > git status -z -uall [77ms]
2025-04-15 19:33:44.880 [info] > git config --get commit.template [11ms]
2025-04-15 19:33:44.881 [info] > git for-each-ref --format=%(refname)%00%(upstream:short)%00%(objectname)%00%(upstream:track)%00%(upstream:remotename)%00%(upstream:remoteref) refs/heads/master refs/remotes/master [3ms]
2025-04-15 19:33:44.927 [info] > git status -z -uall [34ms]
2025-04-15 19:33:49.971 [info] > git config --get commit.template [14ms]
2025-04-15 19:33:49.972 [info] > git for-each-ref --format=%(refname)%00%(upstream:short)%00%(objectname)%00%(upstream:track)%00%(upstream:remotename)%00%(upstream:remoteref) refs/heads/master refs/remotes/master [3ms]
2025-04-15 19:33:50.025 [info] > git status -z -uall [35ms]
2025-04-15 19:33:57.495 [info] > git config --get commit.template [11ms]
2025-04-15 19:33:57.496 [info] > git for-each-ref --format=%(refname)%00%(upstream:short)%00%(objectname)%00%(upstream:track)%00%(upstream:remotename)%00%(upstream:remoteref) refs/heads/master refs/remotes/master [2ms]
2025-04-15 19:33:57.540 [info] > git status -z -uall [36ms]
2025-04-15 19:34:17.570 [info] > git config --get commit.template [14ms]
2025-04-15 19:34:17.571 [info] > git for-each-ref --format=%(refname)%00%(upstream:short)%00%(objectname)%00%(upstream:track)%00%(upstream:remotename)%00%(upstream:remoteref) refs/heads/master refs/remotes/master [2ms]
2025-04-15 19:34:17.619 [info] > git status -z -uall [38ms]
2025-04-15 19:34:30.075 [info] > git config --get commit.template [14ms]
2025-04-15 19:34:30.076 [info] > git for-each-ref --format=%(refname)%00%(upstream:short)%00%(objectname)%00%(upstream:track)%00%(upstream:remotename)%00%(upstream:remoteref) refs/heads/master refs/remotes/master [3ms]
2025-04-15 19:34:30.122 [info] > git status -z -uall [36ms]
2025-04-15 19:34:47.085 [info] > git config --get commit.template [13ms]
2025-04-15 19:34:47.086 [info] > git for-each-ref --format=%(refname)%00%(upstream:short)%00%(objectname)%00%(upstream:track)%00%(upstream:remotename)%00%(upstream:remoteref) refs/heads/master refs/remotes/master [2ms]
2025-04-15 19:34:47.130 [info] > git status -z -uall [34ms]
2025-04-15 19:34:55.686 [info] > git config --get commit.template [10ms]
2025-04-15 19:34:55.687 [info] > git for-each-ref --format=%(refname)%00%(upstream:short)%00%(objectname)%00%(upstream:track)%00%(upstream:remotename)%00%(upstream:remoteref) refs/heads/master refs/remotes/master [2ms]
2025-04-15 19:34:55.734 [info] > git status -z -uall [36ms]
2025-04-15 19:35:51.269 [info] > git config --get commit.template [9ms]
2025-04-15 19:35:51.270 [info] > git for-each-ref --format=%(refname)%00%(upstream:short)%00%(objectname)%00%(upstream:track)%00%(upstream:remotename)%00%(upstream:remoteref) refs/heads/master refs/remotes/master [2ms]
2025-04-15 19:35:51.321 [info] > git status -z -uall [41ms]
2025-04-15 19:35:56.355 [info] > git config --get commit.template [13ms]
2025-04-15 19:35:56.356 [info] > git for-each-ref --format=%(refname)%00%(upstream:short)%00%(objectname)%00%(upstream:track)%00%(upstream:remotename)%00%(upstream:remoteref) refs/heads/master refs/remotes/master [2ms]
2025-04-15 19:35:56.402 [info] > git status -z -uall [38ms]
2025-04-15 19:35:57.997 [info] > git ls-files --stage -- /var/www/html/cpa/.gitignore [4ms]
2025-04-15 19:35:58.008 [info] > git cat-file -s e70827acc68c3929973b2239d755d8b0740f5f85 [2ms]
2025-04-15 19:35:58.030 [info] > git show --textconv :.gitignore [5ms]
