2025-04-15 20:51:11.239 [info] Added views:workbench.panel.markers.view in workbench.panel.markers
2025-04-15 20:51:11.239 [info] Added views:workbench.panel.output in workbench.panel.output
2025-04-15 20:51:11.239 [info] Added views:terminal in terminal
2025-04-15 20:51:11.239 [info] Added views:outline in workbench.view.explorer
2025-04-15 20:51:11.239 [info] Added views:workbench.scm in workbench.view.scm
2025-04-15 20:51:11.239 [info] Added views:workbench.view.search in workbench.view.search
2025-04-15 20:51:11.239 [info] Added views:timeline in workbench.view.explorer
2025-04-15 20:51:11.239 [info] Added views:workbench.explorer.fileView in workbench.view.explorer
2025-04-15 20:51:12.154 [info] Added views:workbench.debug.welcome in workbench.view.debug
2025-04-15 20:51:12.779 [info] Added views:workbench.panel.repl.view in workbench.panel.repl
2025-04-15 18:27:22.788 [info] Added views:workbench.views.extensions.installed,workbench.views.extensions.popular,extensions.recommendedList in workbench.view.extensions
2025-04-15 18:27:22.791 [info] Removed views:workbench.views.extensions.popular from workbench.view.extensions
2025-04-15 18:27:25.519 [info] Removed views:extensions.recommendedList,workbench.views.extensions.installed from workbench.view.extensions
2025-04-15 18:27:25.557 [info] Added views:workbench.views.extensions.marketplace in workbench.view.extensions
2025-04-15 18:27:36.396 [info] Removed views:workbench.views.extensions.marketplace from workbench.view.extensions
2025-04-15 18:27:36.457 [info] Added views:workbench.views.extensions.installed,extensions.recommendedList in workbench.view.extensions
2025-04-15 18:28:29.335 [info] Removed views:extensions.recommendedList,workbench.views.extensions.installed from workbench.view.extensions
2025-04-15 18:28:29.368 [info] Added views:workbench.views.extensions.marketplace in workbench.view.extensions
2025-04-15 18:44:13.918 [info] Added views:pr:github,issues:github in workbench.view.extension.github-pull-requests
2025-04-15 18:44:14.408 [info] Removed views:issues:github,pr:github from workbench.view.extension.github-pull-requests
2025-04-15 18:44:14.408 [info] Added views:github:login in workbench.view.extension.github-pull-requests
2025-04-15 18:44:14.582 [info] Added views:github:activePullRequest:welcome in workbench.view.extension.github-pull-request
2025-04-15 18:44:14.586 [info] Removed views:github:activePullRequest:welcome from workbench.view.extension.github-pull-request
