2025-01-06 23:15:10.614 [info] Log level: Info
2025-01-06 23:15:10.614 [info] Validating found git in: "git"
2025-01-06 23:15:10.614 [info] Using git "2.34.1" from "git"
2025-01-06 23:15:10.658 [info] > git rev-parse --show-toplevel [184ms]
2025-01-06 23:15:11.410 [info] > git rev-parse --git-dir --git-common-dir [34ms]
2025-01-06 23:15:11.434 [info] Open repository: /var/www/html/cpa
2025-01-06 23:15:11.641 [info] > git rev-parse --show-toplevel [77ms]
2025-01-06 23:15:11.642 [info] > git config --get commit.template [174ms]
2025-01-06 23:15:11.670 [info] > git rev-parse --show-toplevel [2ms]
2025-01-06 23:15:11.687 [info] > git rev-parse --show-toplevel [3ms]
2025-01-06 23:15:11.697 [info] > git rev-parse --show-toplevel [2ms]
2025-01-06 23:15:11.708 [info] > git rev-parse --show-toplevel [2ms]
2025-01-06 23:15:11.724 [info] > git rev-parse --show-toplevel [1ms]
2025-01-06 23:15:11.736 [info] > git rev-parse --show-toplevel [2ms]
2025-01-06 23:15:11.749 [info] > git rev-parse --show-toplevel [2ms]
2025-01-06 23:15:11.762 [info] > git rev-parse --show-toplevel [2ms]
2025-01-06 23:15:11.777 [info] > git rev-parse --show-toplevel [2ms]
2025-01-06 23:15:11.789 [info] > git rev-parse --show-toplevel [2ms]
2025-01-06 23:15:11.801 [info] > git rev-parse --show-toplevel [3ms]
2025-01-06 23:15:11.812 [info] > git rev-parse --show-toplevel [1ms]
2025-01-06 23:15:11.823 [info] > git rev-parse --show-toplevel [1ms]
2025-01-06 23:15:11.833 [info] > git rev-parse --show-toplevel [1ms]
2025-01-06 23:15:11.844 [info] > git rev-parse --show-toplevel [2ms]
2025-01-06 23:15:11.854 [info] > git rev-parse --show-toplevel [2ms]
2025-01-06 23:15:11.864 [info] > git rev-parse --show-toplevel [2ms]
2025-01-06 23:15:11.875 [info] > git rev-parse --show-toplevel [2ms]
2025-01-06 23:15:11.885 [info] > git rev-parse --show-toplevel [1ms]
2025-01-06 23:15:11.895 [info] > git rev-parse --show-toplevel [2ms]
2025-01-06 23:15:11.905 [info] > git rev-parse --show-toplevel [2ms]
2025-01-06 23:15:11.916 [info] > git rev-parse --show-toplevel [1ms]
2025-01-06 23:15:11.925 [info] > git rev-parse --show-toplevel [2ms]
2025-01-06 23:15:11.935 [info] > git for-each-ref --format=%(refname)%00%(upstream:short)%00%(objectname)%00%(upstream:track)%00%(upstream:remotename)%00%(upstream:remoteref) refs/heads/avara refs/remotes/avara [281ms]
2025-01-06 23:15:11.946 [info] > git rev-parse --show-toplevel [12ms]
2025-01-06 23:15:11.957 [info] > git rev-parse --show-toplevel [3ms]
2025-01-06 23:15:11.969 [info] > git rev-parse --show-toplevel [2ms]
2025-01-06 23:15:11.981 [info] > git rev-parse --show-toplevel [2ms]
2025-01-06 23:15:11.991 [info] > git rev-parse --show-toplevel [2ms]
2025-01-06 23:15:12.155 [info] > git check-ignore -v -z --stdin [76ms]
2025-01-06 23:15:12.324 [info] > git ls-files --stage -- /var/www/html/cpa/resources/views/pages/support_team/marks/print/sheet.blade.php [29ms]
2025-01-06 23:15:12.348 [info] > git cat-file -s 12866a5e51d69b7a60216a65fafd33ee8a512413 [13ms]
2025-01-06 23:15:12.349 [info] > git show --textconv :resources/views/pages/support_team/marks/print/sheet.blade.php [63ms]
2025-01-06 23:15:12.902 [info] > git status -z -uall [957ms] (cancelled)
2025-01-06 23:35:22.654 [info] > git check-ignore -v -z --stdin [17ms]
2025-01-06 23:35:23.209 [info] > git check-ignore -v -z --stdin [17ms]
2025-01-06 23:36:26.469 [info] > git show --textconv :resources/views/pages/support_team/marks/print/sheet.blade copy211223.php [10ms]
2025-01-06 23:36:26.478 [info] > git ls-files --stage -- /var/www/html/cpa/resources/views/pages/support_team/marks/print/sheet.blade copy211223.php [9ms]
2025-01-06 23:36:32.048 [info] > git show --textconv :resources/views/pages/support_team/marks/print/sheet.blade copy.php [18ms]
2025-01-06 23:36:32.050 [info] > git ls-files --stage -- /var/www/html/cpa/resources/views/pages/support_team/marks/print/sheet.blade copy.php [10ms]
2025-01-06 23:36:32.061 [info] > git cat-file -s a9ae69345f1e58d2cfc470c840e0ab6674c504b2 [2ms]
2025-01-06 23:36:36.738 [info] > git check-ignore -v -z --stdin [15ms]
