2024-04-18 16:34:13.227 [info] Log level: Info
2024-04-18 16:34:13.227 [info] Validating found git in: "git"
2024-04-18 16:34:13.227 [info] Using git "2.34.1" from "git"
2024-04-18 16:34:13.227 [info] > git rev-parse --show-toplevel [100ms]
2024-04-18 16:34:13.231 [info] > git rev-parse --git-dir --git-common-dir [737ms]
2024-04-18 16:34:13.249 [info] Open repository: /var/www/html/cpa
2024-04-18 16:34:13.340 [info] > git config --get commit.template [42ms]
2024-04-18 16:34:13.604 [info] > git rev-parse --show-toplevel [265ms]
2024-04-18 16:34:13.644 [info] > git for-each-ref --format=%(refname)%00%(upstream:short)%00%(objectname)%00%(upstream:track)%00%(upstream:remotename)%00%(upstream:remoteref) refs/heads/avara refs/remotes/avara [9ms]
2024-04-18 16:34:13.992 [info] > git check-ignore -v -z --stdin [91ms]
2024-04-18 16:34:13.994 [info] > git rev-parse --show-toplevel [73ms]
2024-04-18 16:34:14.063 [info] > git status -z -uall [400ms] (cancelled)
2024-04-18 16:34:14.072 [info] > git rev-parse --show-toplevel [13ms]
2024-04-18 16:34:14.088 [info] > git rev-parse --show-toplevel [2ms]
2024-04-18 16:34:14.101 [info] > git rev-parse --show-toplevel [2ms]
2024-04-18 16:34:14.113 [info] > git rev-parse --show-toplevel [1ms]
2024-04-18 16:34:14.124 [info] > git rev-parse --show-toplevel [2ms]
2024-04-18 16:34:14.136 [info] > git rev-parse --show-toplevel [2ms]
2024-04-18 16:34:14.151 [info] > git rev-parse --show-toplevel [2ms]
2024-04-18 16:34:14.164 [info] > git rev-parse --show-toplevel [2ms]
2024-04-18 16:34:14.176 [info] > git rev-parse --show-toplevel [1ms]
2024-04-18 16:34:14.191 [info] > git rev-parse --show-toplevel [2ms]
2024-04-18 16:34:14.202 [info] > git rev-parse --show-toplevel [1ms]
2024-04-18 16:34:14.212 [info] > git rev-parse --show-toplevel [2ms]
2024-04-18 16:34:14.225 [info] > git rev-parse --show-toplevel [2ms]
2024-04-18 16:34:14.239 [info] > git rev-parse --show-toplevel [2ms]
2024-04-18 16:34:14.254 [info] > git rev-parse --show-toplevel [1ms]
2024-04-18 16:34:14.272 [info] > git rev-parse --show-toplevel [2ms]
2024-04-18 16:34:14.283 [info] > git rev-parse --show-toplevel [1ms]
2024-04-18 16:34:14.293 [info] > git rev-parse --show-toplevel [1ms]
2024-04-18 16:34:14.305 [info] > git rev-parse --show-toplevel [1ms]
2024-04-18 16:34:14.316 [info] > git rev-parse --show-toplevel [2ms]
2024-04-18 16:34:14.326 [info] > git rev-parse --show-toplevel [1ms]
2024-04-18 16:34:14.338 [info] > git rev-parse --show-toplevel [2ms]
2024-04-18 16:34:14.348 [info] > git rev-parse --show-toplevel [2ms]
2024-04-18 16:34:14.359 [info] > git rev-parse --show-toplevel [1ms]
2024-04-18 16:34:14.370 [info] > git rev-parse --show-toplevel [2ms]
2024-04-18 16:34:14.380 [info] > git rev-parse --show-toplevel [2ms]
2024-04-18 16:34:14.391 [info] > git rev-parse --show-toplevel [2ms]
2024-04-18 16:34:14.422 [info] > git show --textconv :resources/views/pages/support_team/marks/selector.blade.php [17ms]
2024-04-18 16:34:14.429 [info] > git ls-files --stage -- /var/www/html/cpa/resources/views/pages/support_team/marks/selector.blade.php [8ms]
2024-04-18 16:34:14.441 [info] > git cat-file -s 8c29ce0711838f849322cbc4abafa4753df17174 [2ms]
2024-04-18 16:34:14.506 [info] > git check-ignore -v -z --stdin [11ms]
2024-04-18 16:34:16.168 [info] > git show --textconv :resources/views/pages/support_team/marks/print/comments.blade.php [17ms]
2024-04-18 16:34:16.178 [info] > git ls-files --stage -- /var/www/html/cpa/resources/views/pages/support_team/marks/print/comments.blade.php [11ms]
2024-04-18 16:34:16.193 [info] > git cat-file -s 577cf5c405ae62e254567ae588bd8fac42e7e305 [2ms]
2024-04-18 16:34:16.414 [info] > git check-ignore -v -z --stdin [17ms]
2024-04-18 16:37:02.918 [info] > git show --textconv :app/Http/Controllers/SupportTeam/MarkController.php [13ms]
2024-04-18 16:37:02.927 [info] > git ls-files --stage -- /var/www/html/cpa/app/Http/Controllers/SupportTeam/MarkController.php [9ms]
2024-04-18 16:37:02.942 [info] > git cat-file -s d433cf3df4578d9a98b2a131d42910e048cb599f [2ms]
2024-04-18 16:37:02.994 [info] > git check-ignore -v -z --stdin [15ms]
2024-04-18 16:37:06.553 [info] > git show --textconv :resources/views/pages/support_team/marks/print/sheet.blade.php [16ms]
2024-04-18 16:37:06.562 [info] > git ls-files --stage -- /var/www/html/cpa/resources/views/pages/support_team/marks/print/sheet.blade.php [11ms]
2024-04-18 16:37:06.574 [info] > git cat-file -s 12866a5e51d69b7a60216a65fafd33ee8a512413 [2ms]
2024-04-18 16:37:14.327 [info] > git config --get commit.template [2ms]
2024-04-18 16:37:14.351 [info] > git for-each-ref --format=%(refname)%00%(upstream:short)%00%(objectname)%00%(upstream:track)%00%(upstream:remotename)%00%(upstream:remoteref) refs/heads/avara refs/remotes/avara [4ms]
2024-04-18 16:37:17.326 [info] > git status -z -uall [2963ms] (cancelled)
2024-04-18 16:37:26.253 [info] > git check-ignore -v -z --stdin [69ms]
2024-04-18 16:39:43.702 [info] > git check-ignore -v -z --stdin [18ms]
2024-04-18 16:39:50.579 [info] > git show --textconv :resources/views/pages/support_team/marks/tabulation/index.blade.php [21ms]
2024-04-18 16:39:50.591 [info] > git ls-files --stage -- /var/www/html/cpa/resources/views/pages/support_team/marks/tabulation/index.blade.php [13ms]
2024-04-18 16:39:50.607 [info] > git cat-file -s 142001e43f49a46b140d0e73515b79dc1575b059 [2ms]
2024-04-18 16:42:02.507 [info] > git check-ignore -v -z --stdin [25ms]
2024-04-18 18:22:01.125 [info] > git check-ignore -v -z --stdin [143ms]
2024-04-18 18:38:29.181 [info] > git check-ignore -v -z --stdin [13ms]
