2025-04-15 19:33:00.170 [info] Reading sessions from keychain...
2025-04-15 19:33:00.170 [info] Getting sessions for all scopes...
2025-04-15 19:33:00.170 [info] Got 0 sessions for ...
2025-04-15 19:33:00.170 [info] Getting sessions for all scopes...
2025-04-15 19:33:00.170 [info] Got 0 sessions for ...
2025-04-15 19:33:00.170 [info] Getting sessions for user:email...
2025-04-15 19:33:00.170 [info] Got 0 sessions for user:email...
2025-04-15 19:33:00.170 [info] Getting sessions for read:user,repo,user:email,workflow...
2025-04-15 19:33:00.170 [info] Got 0 sessions for read:user,repo,user:email,workflow...
2025-04-15 19:33:00.254 [info] Getting sessions for all scopes...
2025-04-15 19:33:00.254 [info] Got 0 sessions for ...
2025-04-15 19:33:00.807 [info] Getting sessions for read:user,repo,user:email,workflow...
2025-04-15 19:33:00.807 [info] Got 0 sessions for read:user,repo,user:email,workflow...
2025-04-15 19:33:00.867 [info] Getting sessions for read:user,repo,user:email...
2025-04-15 19:33:00.867 [info] Got 0 sessions for read:user,repo,user:email...
2025-04-15 19:33:21.863 [info] Getting sessions for read:user,repo,user:email,workflow...
2025-04-15 19:33:21.863 [info] Got 0 sessions for read:user,repo,user:email,workflow...
2025-04-15 19:33:21.865 [info] Getting sessions for read:user,repo,user:email...
2025-04-15 19:33:21.865 [info] Got 0 sessions for read:user,repo,user:email...
2025-04-15 19:33:21.867 [info] Getting sessions for read:user,repo,user:email,workflow...
2025-04-15 19:33:21.867 [info] Got 0 sessions for read:user,repo,user:email,workflow...
2025-04-15 19:33:23.575 [info] Logging in for the following scopes: read:user repo user:email workflow
2025-04-15 19:33:23.607 [info] Trying without local server... (read:user repo user:email workflow)
