2025-01-08 19:45:55.377 [info] Log level: Info
2025-01-08 19:45:55.377 [info] Validating found git in: "git"
2025-01-08 19:45:55.377 [info] Using git "2.34.1" from "git"
2025-01-08 19:45:55.377 [info] > git rev-parse --show-toplevel [91ms]
2025-01-08 19:45:55.442 [info] > git rev-parse --git-dir --git-common-dir [53ms]
2025-01-08 19:45:55.460 [info] Open repository: /var/www/html/cpa
2025-01-08 19:45:56.222 [info] > git config --get commit.template [717ms]
2025-01-08 19:45:56.235 [info] > git rev-parse --show-toplevel [197ms]
2025-01-08 19:45:56.419 [info] > git rev-parse --show-toplevel [39ms]
2025-01-08 19:45:56.420 [info] > git for-each-ref --format=%(refname)%00%(upstream:short)%00%(objectname)%00%(upstream:track)%00%(upstream:remotename)%00%(upstream:remoteref) refs/heads/avara refs/remotes/avara [172ms]
2025-01-08 19:45:56.459 [info] > git rev-parse --show-toplevel [1ms]
2025-01-08 19:45:56.475 [info] > git rev-parse --show-toplevel [2ms]
2025-01-08 19:45:56.489 [info] > git rev-parse --show-toplevel [2ms]
2025-01-08 19:45:56.500 [info] > git check-ignore -v -z --stdin [130ms]
2025-01-08 19:45:56.503 [info] > git rev-parse --show-toplevel [5ms]
2025-01-08 19:45:56.515 [info] > git rev-parse --show-toplevel [2ms]
2025-01-08 19:45:56.529 [info] > git rev-parse --show-toplevel [3ms]
2025-01-08 19:45:56.540 [info] > git rev-parse --show-toplevel [1ms]
2025-01-08 19:45:56.552 [info] > git rev-parse --show-toplevel [2ms]
2025-01-08 19:45:56.566 [info] > git rev-parse --show-toplevel [2ms]
2025-01-08 19:45:56.585 [info] > git rev-parse --show-toplevel [2ms]
2025-01-08 19:45:56.595 [info] > git rev-parse --show-toplevel [2ms]
2025-01-08 19:45:56.613 [info] > git rev-parse --show-toplevel [2ms]
2025-01-08 19:45:56.623 [info] > git rev-parse --show-toplevel [2ms]
2025-01-08 19:45:56.633 [info] > git rev-parse --show-toplevel [1ms]
2025-01-08 19:45:56.644 [info] > git rev-parse --show-toplevel [2ms]
2025-01-08 19:45:56.655 [info] > git rev-parse --show-toplevel [2ms]
2025-01-08 19:45:56.665 [info] > git rev-parse --show-toplevel [2ms]
2025-01-08 19:45:56.676 [info] > git rev-parse --show-toplevel [2ms]
2025-01-08 19:45:56.688 [info] > git rev-parse --show-toplevel [2ms]
2025-01-08 19:45:56.698 [info] > git rev-parse --show-toplevel [1ms]
2025-01-08 19:45:56.713 [info] > git rev-parse --show-toplevel [3ms]
2025-01-08 19:45:56.723 [info] > git rev-parse --show-toplevel [2ms]
2025-01-08 19:45:56.734 [info] > git rev-parse --show-toplevel [1ms]
2025-01-08 19:45:56.743 [info] > git rev-parse --show-toplevel [1ms]
2025-01-08 19:45:56.753 [info] > git rev-parse --show-toplevel [2ms]
2025-01-08 19:45:56.765 [info] > git rev-parse --show-toplevel [1ms]
2025-01-08 19:45:56.776 [info] > git rev-parse --show-toplevel [2ms]
2025-01-08 19:45:56.812 [info] > git ls-files --stage -- /var/www/html/cpa/resources/views/pages/support_team/marks/print/comments.blade.php [13ms]
2025-01-08 19:45:56.830 [info] > git cat-file -s 577cf5c405ae62e254567ae588bd8fac42e7e305 [9ms]
2025-01-08 19:45:57.116 [info] > git show --textconv :resources/views/pages/support_team/marks/print/comments.blade.php [327ms]
2025-01-08 19:45:57.142 [info] > git status -z -uall [709ms] (cancelled)
2025-01-08 19:47:13.656 [info] > git show --textconv :resources/views/pages/support_team/marks/print/sheet.blade.phpjk [10ms]
2025-01-08 19:47:13.663 [info] > git ls-files --stage -- /var/www/html/cpa/resources/views/pages/support_team/marks/print/sheet.blade.phpjk [9ms]
2025-01-08 19:47:19.519 [info] > git show --textconv :resources/views/pages/support_team/marks/print/sheet.blade.php [11ms]
2025-01-08 19:47:19.527 [info] > git ls-files --stage -- /var/www/html/cpa/resources/views/pages/support_team/marks/print/sheet.blade.php [10ms]
2025-01-08 19:47:19.538 [info] > git cat-file -s 12866a5e51d69b7a60216a65fafd33ee8a512413 [2ms]
2025-01-08 19:47:19.599 [info] > git check-ignore -v -z --stdin [13ms]
2025-01-08 19:53:30.321 [info] > git check-ignore -v -z --stdin [14ms]
2025-01-08 19:57:00.804 [info] > git show --textconv :resources/views/pages/support_team/marks/print/sheet.blade.phpjk [11ms]
2025-01-08 19:57:00.812 [info] > git ls-files --stage -- /var/www/html/cpa/resources/views/pages/support_team/marks/print/sheet.blade.phpjk [10ms]
2025-01-08 19:57:16.341 [info] > git show --textconv :resources/views/pages/support_team/marks/print/sheet.blade.php [11ms]
2025-01-08 19:57:16.350 [info] > git ls-files --stage -- /var/www/html/cpa/resources/views/pages/support_team/marks/print/sheet.blade.php [10ms]
2025-01-08 19:57:16.363 [info] > git cat-file -s 12866a5e51d69b7a60216a65fafd33ee8a512413 [3ms]
2025-01-08 20:00:57.357 [info] > git check-ignore -v -z --stdin [11ms]
2025-01-08 20:00:57.916 [info] > git check-ignore -v -z --stdin [14ms]
2025-01-08 20:01:00.141 [info] > git check-ignore -v -z --stdin [21ms]
2025-01-08 20:01:10.472 [info] > git show --textconv :resources/views/pages/support_team/marks/print/index.blade.php [20ms]
2025-01-08 20:01:10.472 [info] > git ls-files --stage -- /var/www/html/cpa/resources/views/pages/support_team/marks/print/index.blade.php [10ms]
2025-01-08 20:01:10.485 [info] > git cat-file -s 5f51e401b52fbe464d4f4b3bb3e35f1ea6d8d906 [2ms]
2025-01-08 20:01:48.674 [info] > git check-ignore -v -z --stdin [21ms]
2025-01-08 20:03:13.106 [info] > git ls-files --stage -- /var/www/html/cpa/resources/views/pages/support_team/marks/show/index.blade.php [13ms]
2025-01-08 20:03:13.115 [info] > git show --textconv :resources/views/pages/support_team/marks/show/index.blade.php [30ms]
2025-01-08 20:03:13.116 [info] > git cat-file -s 7a26f20240a2d4dbf777f495ac582e5b31f443fe [2ms]
2025-01-08 20:04:02.685 [info] > git show --textconv :resources/views/pages/support_team/marks/print/sheet.blade copy211223.php [16ms]
2025-01-08 20:04:02.691 [info] > git ls-files --stage -- /var/www/html/cpa/resources/views/pages/support_team/marks/print/sheet.blade copy211223.php [12ms]
2025-01-08 20:13:34.833 [info] > git show --textconv :resources/views/pages/support_team/marks/show/sheet.blade.php [11ms]
2025-01-08 20:13:34.845 [info] > git ls-files --stage -- /var/www/html/cpa/resources/views/pages/support_team/marks/show/sheet.blade.php [13ms]
2025-01-08 20:13:34.856 [info] > git cat-file -s e51fed2f96e5a44aff3998373da6f2c3b3cce708 [2ms]
2025-01-08 20:13:37.668 [info] > git check-ignore -v -z --stdin [61ms]
2025-01-08 20:16:04.708 [info] > git show --textconv :app/Models/Mark.php [49ms]
2025-01-08 20:16:04.709 [info] > git ls-files --stage -- /var/www/html/cpa/app/Models/Mark.php [35ms]
2025-01-08 20:16:04.724 [info] > git cat-file -s 9979fac39c89e463f1aebe85b87d4c9876d36db6 [6ms]
2025-01-08 20:16:04.953 [info] > git show --textconv :app/Http/Controllers/SupportTeam/MarkController.php [19ms]
2025-01-08 20:16:04.962 [info] > git ls-files --stage -- /var/www/html/cpa/app/Http/Controllers/SupportTeam/MarkController.php [9ms]
2025-01-08 20:16:04.973 [info] > git cat-file -s d433cf3df4578d9a98b2a131d42910e048cb599f [2ms]
2025-01-08 20:16:05.490 [info] > git check-ignore -v -z --stdin [119ms]
2025-01-08 20:16:21.132 [info] > git show --textconv :app/Models/StudentRecord.php [12ms]
2025-01-08 20:16:21.143 [info] > git ls-files --stage -- /var/www/html/cpa/app/Models/StudentRecord.php [11ms]
2025-01-08 20:16:21.154 [info] > git cat-file -s ee3b3f33a8c1234fdb72f27219134a747b3cae5d [2ms]
2025-01-08 20:19:19.127 [info] > git show --textconv :resources/views/pages/support_team/marks/print/skills.blade.php [13ms]
2025-01-08 20:19:19.136 [info] > git ls-files --stage -- /var/www/html/cpa/resources/views/pages/support_team/marks/print/skills.blade.php [11ms]
2025-01-08 20:19:19.150 [info] > git cat-file -s 1137eb15c0c15f117d112f0252c68df80b06e010 [3ms]
2025-01-08 20:44:18.476 [info] > git show --textconv :resources/views/pages/support_team/marks/print/sheet.blade copy211223.php [12ms]
2025-01-08 20:44:18.487 [info] > git ls-files --stage -- /var/www/html/cpa/resources/views/pages/support_team/marks/print/sheet.blade copy211223.php [12ms]
2025-01-08 20:44:28.957 [info] > git show --textconv :resources/views/pages/support_team/marks/print/sheet.blade copy.php [11ms]
2025-01-08 20:44:28.968 [info] > git ls-files --stage -- /var/www/html/cpa/resources/views/pages/support_team/marks/print/sheet.blade copy.php [10ms]
2025-01-08 20:44:28.980 [info] > git cat-file -s a9ae69345f1e58d2cfc470c840e0ab6674c504b2 [2ms]
2025-01-08 20:49:59.996 [info] > git check-ignore -v -z --stdin [20ms]
2025-01-08 20:50:00.395 [info] > git show --textconv :public/global_assets/js/plugins/editors/ace/snippets/markdown.js [50ms]
2025-01-08 20:50:00.395 [info] > git ls-files --stage -- /var/www/html/cpa/public/global_assets/js/plugins/editors/ace/snippets/markdown.js [33ms]
2025-01-08 20:50:00.412 [info] > git cat-file -s 228b646c9cebc1a9e6fe4bd8c4dc173e6dfaab8a [4ms]
2025-01-08 20:50:01.145 [info] > git check-ignore -v -z --stdin [264ms]
2025-01-08 20:50:25.901 [info] > git show --textconv :resources/views/pages/support_team/marks/show/sheet.blade copy.php [14ms]
2025-01-08 20:50:25.912 [info] > git ls-files --stage -- /var/www/html/cpa/resources/views/pages/support_team/marks/show/sheet.blade copy.php [11ms]
2025-01-08 20:50:25.926 [info] > git cat-file -s e9a06af57cb09aae68f637a581db85570f2b2e60 [2ms]
2025-01-08 21:02:00.559 [info] > git check-ignore -v -z --stdin [13ms]
2025-01-08 21:02:15.055 [info] > git show --textconv :app/Repositories/MarkRepo.php [16ms]
2025-01-08 21:02:15.066 [info] > git ls-files --stage -- /var/www/html/cpa/app/Repositories/MarkRepo.php [12ms]
2025-01-08 21:02:15.084 [info] > git cat-file -s 76172c34d96161da9a3c10bb96ca16067035cb99 [2ms]
2025-01-08 21:03:42.865 [info] > git check-ignore -v -z --stdin [90ms]
2025-01-08 21:03:44.320 [info] > git check-ignore -v -z --stdin [60ms]
2025-01-08 21:05:11.749 [info] > git show --textconv :resources/views/pages/support_team/marks/print/sheet.blade copy 2.php [19ms]
2025-01-08 21:05:11.756 [info] > git ls-files --stage -- /var/www/html/cpa/resources/views/pages/support_team/marks/print/sheet.blade copy 2.php [9ms]
2025-01-08 21:05:11.938 [info] > git check-ignore -v -z --stdin [16ms]
2025-01-08 21:05:29.471 [info] > git show --textconv :resources/views/pages/support_team/marks/print/sheet.blade copy 08012025.php [14ms]
2025-01-08 21:05:29.481 [info] > git ls-files --stage -- /var/www/html/cpa/resources/views/pages/support_team/marks/print/sheet.blade copy 08012025.php [11ms]
2025-01-08 21:05:29.567 [info] > git check-ignore -v -z --stdin [25ms]
2025-01-08 21:05:30.569 [info] > git show --textconv :resources/views/pages/support_team/marks/print/sheet.blade copy211223.php [12ms]
2025-01-08 21:05:30.578 [info] > git ls-files --stage -- /var/www/html/cpa/resources/views/pages/support_team/marks/print/sheet.blade copy211223.php [9ms]
