2025-04-15 19:36:10.196 [info] Log level: Info
2025-04-15 19:36:10.196 [info] Validating found git in: "git"
2025-04-15 19:36:10.196 [info] Using git "2.34.1" from "git"
2025-04-15 19:36:10.196 [info] > git rev-parse --show-toplevel [2ms]
2025-04-15 19:36:10.196 [info] > git rev-parse --git-dir --git-common-dir [3ms]
2025-04-15 19:36:10.196 [info] Open repository: /var/www/html/cpa
2025-04-15 19:36:10.196 [info] > git config --get commit.template [14ms]
2025-04-15 19:36:10.196 [info] > git for-each-ref --format=%(refname)%00%(upstream:short)%00%(objectname)%00%(upstream:track)%00%(upstream:remotename)%00%(upstream:remoteref) refs/heads/master refs/remotes/master [9ms]
2025-04-15 19:36:10.196 [info] > git rev-parse --show-toplevel [33ms]
2025-04-15 19:36:10.201 [info] > git status -z -uall [477ms]
2025-04-15 19:36:10.632 [info] > git config --get commit.template [50ms]
2025-04-15 19:36:10.684 [info] > git rev-parse --show-toplevel [33ms]
2025-04-15 19:36:10.698 [info] > git for-each-ref --format=%(refname)%00%(upstream:short)%00%(objectname)%00%(upstream:track)%00%(upstream:remotename)%00%(upstream:remoteref) refs/heads/master refs/remotes/master [15ms]
2025-04-15 19:36:11.560 [info] > git status -z -uall [851ms]
2025-04-15 19:36:11.576 [info] > git rev-parse --show-toplevel [838ms]
2025-04-15 19:36:11.614 [info] > git check-ignore -v -z --stdin [63ms]
2025-04-15 19:36:11.999 [info] > git rev-parse --show-toplevel [12ms]
2025-04-15 19:36:12.092 [info] > git rev-parse --show-toplevel [21ms]
2025-04-15 19:36:12.122 [info] > git rev-parse --show-toplevel [3ms]
2025-04-15 19:36:12.139 [info] > git rev-parse --show-toplevel [3ms]
2025-04-15 19:36:12.151 [info] > git rev-parse --show-toplevel [2ms]
2025-04-15 19:36:12.166 [info] > git rev-parse --show-toplevel [3ms]
2025-04-15 19:36:12.178 [info] > git rev-parse --show-toplevel [2ms]
2025-04-15 19:36:12.191 [info] > git rev-parse --show-toplevel [2ms]
2025-04-15 19:36:12.203 [info] > git rev-parse --show-toplevel [2ms]
2025-04-15 19:36:12.216 [info] > git rev-parse --show-toplevel [2ms]
2025-04-15 19:36:12.229 [info] > git rev-parse --show-toplevel [2ms]
2025-04-15 19:36:12.243 [info] > git rev-parse --show-toplevel [3ms]
2025-04-15 19:36:12.261 [info] > git rev-parse --show-toplevel [2ms]
2025-04-15 19:36:12.272 [info] > git rev-parse --show-toplevel [1ms]
2025-04-15 19:36:12.288 [info] > git rev-parse --show-toplevel [9ms]
2025-04-15 19:36:12.306 [info] > git rev-parse --show-toplevel [3ms]
2025-04-15 19:36:12.318 [info] > git rev-parse --show-toplevel [3ms]
2025-04-15 19:36:12.335 [info] > git rev-parse --show-toplevel [1ms]
2025-04-15 19:36:12.346 [info] > git rev-parse --show-toplevel [2ms]
2025-04-15 19:36:12.359 [info] > git rev-parse --show-toplevel [2ms]
2025-04-15 19:36:12.369 [info] > git rev-parse --show-toplevel [2ms]
2025-04-15 19:36:12.377 [info] > git rev-parse --show-toplevel [1ms]
2025-04-15 19:36:12.388 [info] > git rev-parse --show-toplevel [2ms]
2025-04-15 19:36:12.397 [info] > git rev-parse --show-toplevel [1ms]
2025-04-15 19:36:12.432 [info] > git show --textconv :.gitignore [20ms]
2025-04-15 19:36:12.435 [info] > git ls-files --stage -- /var/www/html/cpa/.gitignore [4ms]
2025-04-15 19:36:12.445 [info] > git cat-file -s e70827acc68c3929973b2239d755d8b0740f5f85 [3ms]
2025-04-15 19:36:12.857 [info] > git config --local branch.master.github-pr-owner-number [4ms]
2025-04-15 19:36:12.880 [info] > git config --get commit.template [6ms]
2025-04-15 19:36:12.893 [info] > git for-each-ref --format=%(refname)%00%(upstream:short)%00%(objectname)%00%(upstream:track)%00%(upstream:remotename)%00%(upstream:remoteref) refs/heads/master refs/remotes/master [3ms]
2025-04-15 19:36:12.957 [info] > git status -z -uall [55ms]
2025-04-15 19:36:13.356 [info] > git show --textconv :.org.chromium.Chromium.1sNCXy [14ms]
2025-04-15 19:36:13.359 [info] > git ls-files --stage -- /var/www/html/cpa/.org.chromium.Chromium.1sNCXy [4ms]
2025-04-15 19:36:13.371 [info] > git cat-file -s 3673ab5d365fc9f869aeb0afe5d0639d673c1973 [2ms]
2025-04-15 19:36:13.957 [info] > git show --textconv :.gitignore~ [10ms]
2025-04-15 19:36:13.963 [info] > git ls-files --stage -- /var/www/html/cpa/.gitignore~ [6ms]
2025-04-15 19:36:13.976 [info] > git cat-file -s 48b8bf9072d8716346ec810e5a1808305c97d50f [3ms]
2025-04-15 19:36:20.081 [info] > git check-ignore -v -z --stdin [6ms]
2025-04-15 19:36:53.345 [info] > git config --get commit.template [11ms]
2025-04-15 19:36:53.346 [info] > git for-each-ref --format=%(refname)%00%(upstream:short)%00%(objectname)%00%(upstream:track)%00%(upstream:remotename)%00%(upstream:remoteref) refs/heads/master refs/remotes/master [3ms]
2025-04-15 19:36:53.394 [info] > git status -z -uall [38ms]
2025-04-15 19:36:58.450 [info] > git config --get commit.template [3ms]
2025-04-15 19:36:58.465 [info] > git for-each-ref --format=%(refname)%00%(upstream:short)%00%(objectname)%00%(upstream:track)%00%(upstream:remotename)%00%(upstream:remoteref) refs/heads/master refs/remotes/master [3ms]
2025-04-15 19:36:58.514 [info] > git status -z -uall [38ms]
2025-04-15 19:37:03.565 [info] > git config --get commit.template [11ms]
2025-04-15 19:37:03.566 [info] > git for-each-ref --format=%(refname)%00%(upstream:short)%00%(objectname)%00%(upstream:track)%00%(upstream:remotename)%00%(upstream:remoteref) refs/heads/master refs/remotes/master [2ms]
2025-04-15 19:37:03.611 [info] > git status -z -uall [36ms]
2025-04-15 19:37:08.680 [info] > git config --get commit.template [3ms]
2025-04-15 19:37:08.694 [info] > git for-each-ref --format=%(refname)%00%(upstream:short)%00%(objectname)%00%(upstream:track)%00%(upstream:remotename)%00%(upstream:remoteref) refs/heads/master refs/remotes/master [4ms]
2025-04-15 19:37:08.750 [info] > git status -z -uall [45ms]
2025-04-15 19:37:13.795 [info] > git config --get commit.template [14ms]
2025-04-15 19:37:13.796 [info] > git for-each-ref --format=%(refname)%00%(upstream:short)%00%(objectname)%00%(upstream:track)%00%(upstream:remotename)%00%(upstream:remoteref) refs/heads/master refs/remotes/master [2ms]
2025-04-15 19:37:13.843 [info] > git status -z -uall [38ms]
2025-04-15 19:37:43.443 [info] > git config --get commit.template [1ms]
2025-04-15 19:37:43.455 [info] > git for-each-ref --format=%(refname)%00%(upstream:short)%00%(objectname)%00%(upstream:track)%00%(upstream:remotename)%00%(upstream:remoteref) refs/heads/master refs/remotes/master [3ms]
2025-04-15 19:37:43.501 [info] > git status -z -uall [38ms]
2025-04-15 19:37:48.545 [info] > git config --get commit.template [10ms]
2025-04-15 19:37:48.546 [info] > git for-each-ref --format=%(refname)%00%(upstream:short)%00%(objectname)%00%(upstream:track)%00%(upstream:remotename)%00%(upstream:remoteref) refs/heads/master refs/remotes/master [2ms]
2025-04-15 19:37:48.591 [info] > git status -z -uall [36ms]
2025-04-15 19:37:53.641 [info] > git config --get commit.template [10ms]
2025-04-15 19:37:53.642 [info] > git for-each-ref --format=%(refname)%00%(upstream:short)%00%(objectname)%00%(upstream:track)%00%(upstream:remotename)%00%(upstream:remoteref) refs/heads/master refs/remotes/master [2ms]
2025-04-15 19:37:53.687 [info] > git status -z -uall [36ms]
2025-04-15 19:37:58.737 [info] > git config --get commit.template [10ms]
2025-04-15 19:37:58.738 [info] > git for-each-ref --format=%(refname)%00%(upstream:short)%00%(objectname)%00%(upstream:track)%00%(upstream:remotename)%00%(upstream:remoteref) refs/heads/master refs/remotes/master [3ms]
2025-04-15 19:37:58.792 [info] > git status -z -uall [37ms]
2025-04-15 19:38:03.841 [info] > git config --get commit.template [11ms]
2025-04-15 19:38:03.842 [info] > git for-each-ref --format=%(refname)%00%(upstream:short)%00%(objectname)%00%(upstream:track)%00%(upstream:remotename)%00%(upstream:remoteref) refs/heads/master refs/remotes/master [2ms]
2025-04-15 19:38:03.896 [info] > git status -z -uall [35ms]
2025-04-15 19:38:08.993 [info] > git config --get commit.template [11ms]
2025-04-15 19:38:08.994 [info] > git for-each-ref --format=%(refname)%00%(upstream:short)%00%(objectname)%00%(upstream:track)%00%(upstream:remotename)%00%(upstream:remoteref) refs/heads/master refs/remotes/master [3ms]
2025-04-15 19:38:09.038 [info] > git status -z -uall [35ms]
2025-04-15 19:38:14.087 [info] > git config --get commit.template [11ms]
2025-04-15 19:38:14.088 [info] > git for-each-ref --format=%(refname)%00%(upstream:short)%00%(objectname)%00%(upstream:track)%00%(upstream:remotename)%00%(upstream:remoteref) refs/heads/master refs/remotes/master [3ms]
2025-04-15 19:38:14.133 [info] > git status -z -uall [36ms]
2025-04-15 19:38:19.183 [info] > git config --get commit.template [10ms]
2025-04-15 19:38:19.200 [info] > git for-each-ref --format=%(refname)%00%(upstream:short)%00%(objectname)%00%(upstream:track)%00%(upstream:remotename)%00%(upstream:remoteref) refs/heads/master refs/remotes/master [19ms]
2025-04-15 19:38:19.246 [info] > git status -z -uall [36ms]
2025-04-15 19:38:29.882 [info] > git config --get commit.template [3ms]
2025-04-15 19:38:29.904 [info] > git for-each-ref --format=%(refname)%00%(upstream:short)%00%(objectname)%00%(upstream:track)%00%(upstream:remotename)%00%(upstream:remoteref) refs/heads/master refs/remotes/master [1ms]
2025-04-15 19:38:29.966 [info] > git status -z -uall [46ms]
2025-04-15 19:38:35.011 [info] > git config --get commit.template [10ms]
2025-04-15 19:38:35.012 [info] > git for-each-ref --format=%(refname)%00%(upstream:short)%00%(objectname)%00%(upstream:track)%00%(upstream:remotename)%00%(upstream:remoteref) refs/heads/master refs/remotes/master [2ms]
2025-04-15 19:38:35.056 [info] > git status -z -uall [36ms]
2025-04-15 19:38:40.095 [info] > git config --get commit.template [8ms]
2025-04-15 19:38:40.096 [info] > git for-each-ref --format=%(refname)%00%(upstream:short)%00%(objectname)%00%(upstream:track)%00%(upstream:remotename)%00%(upstream:remoteref) refs/heads/master refs/remotes/master [2ms]
2025-04-15 19:38:40.138 [info] > git status -z -uall [35ms]
2025-04-15 19:38:45.172 [info] > git config --get commit.template [8ms]
2025-04-15 19:38:45.173 [info] > git for-each-ref --format=%(refname)%00%(upstream:short)%00%(objectname)%00%(upstream:track)%00%(upstream:remotename)%00%(upstream:remoteref) refs/heads/master refs/remotes/master [2ms]
2025-04-15 19:38:45.215 [info] > git status -z -uall [36ms]
2025-04-15 19:38:47.708 [info] > git check-ignore -v -z --stdin [6ms]
2025-04-15 19:38:50.256 [info] > git for-each-ref --format=%(refname)%00%(upstream:short)%00%(objectname)%00%(upstream:track)%00%(upstream:remotename)%00%(upstream:remoteref) refs/heads/master refs/remotes/master [4ms]
2025-04-15 19:38:50.257 [info] > git config --get commit.template [13ms]
2025-04-15 19:38:50.309 [info] > git status -z -uall [43ms]
2025-04-15 19:38:59.921 [info] > git config --get commit.template [8ms]
2025-04-15 19:38:59.922 [info] > git for-each-ref --format=%(refname)%00%(upstream:short)%00%(objectname)%00%(upstream:track)%00%(upstream:remotename)%00%(upstream:remoteref) refs/heads/master refs/remotes/master [2ms]
2025-04-15 19:38:59.963 [info] > git status -z -uall [35ms]
2025-04-15 19:39:05.015 [info] > git config --get commit.template [15ms]
2025-04-15 19:39:05.019 [info] > git for-each-ref --format=%(refname)%00%(upstream:short)%00%(objectname)%00%(upstream:track)%00%(upstream:remotename)%00%(upstream:remoteref) refs/heads/master refs/remotes/master [6ms]
2025-04-15 19:39:05.085 [info] > git status -z -uall [51ms]
2025-04-15 19:39:06.321 [info] > git check-ignore -v -z --stdin [6ms]
2025-04-15 19:39:14.964 [info] > git config --get commit.template [11ms]
2025-04-15 19:39:14.965 [info] > git for-each-ref --format=%(refname)%00%(upstream:short)%00%(objectname)%00%(upstream:track)%00%(upstream:remotename)%00%(upstream:remoteref) refs/heads/master refs/remotes/master [2ms]
2025-04-15 19:39:15.013 [info] > git status -z -uall [39ms]
2025-04-15 19:39:20.055 [info] > git config --get commit.template [11ms]
2025-04-15 19:39:20.056 [info] > git for-each-ref --format=%(refname)%00%(upstream:short)%00%(objectname)%00%(upstream:track)%00%(upstream:remotename)%00%(upstream:remoteref) refs/heads/master refs/remotes/master [2ms]
2025-04-15 19:39:20.101 [info] > git status -z -uall [36ms]
2025-04-15 19:39:25.151 [info] > git config --get commit.template [11ms]
2025-04-15 19:39:25.152 [info] > git for-each-ref --format=%(refname)%00%(upstream:short)%00%(objectname)%00%(upstream:track)%00%(upstream:remotename)%00%(upstream:remoteref) refs/heads/master refs/remotes/master [2ms]
2025-04-15 19:39:25.229 [info] > git status -z -uall [68ms]
2025-04-15 19:39:30.287 [info] > git config --get commit.template [11ms]
2025-04-15 19:39:30.289 [info] > git for-each-ref --format=%(refname)%00%(upstream:short)%00%(objectname)%00%(upstream:track)%00%(upstream:remotename)%00%(upstream:remoteref) refs/heads/master refs/remotes/master [2ms]
2025-04-15 19:39:30.333 [info] > git status -z -uall [36ms]
2025-04-15 19:39:35.380 [info] > git config --get commit.template [10ms]
2025-04-15 19:39:35.381 [info] > git for-each-ref --format=%(refname)%00%(upstream:short)%00%(objectname)%00%(upstream:track)%00%(upstream:remotename)%00%(upstream:remoteref) refs/heads/master refs/remotes/master [2ms]
2025-04-15 19:39:35.425 [info] > git status -z -uall [35ms]
2025-04-15 19:39:40.474 [info] > git config --get commit.template [11ms]
2025-04-15 19:39:40.475 [info] > git for-each-ref --format=%(refname)%00%(upstream:short)%00%(objectname)%00%(upstream:track)%00%(upstream:remotename)%00%(upstream:remoteref) refs/heads/master refs/remotes/master [2ms]
2025-04-15 19:39:40.529 [info] > git status -z -uall [36ms]
2025-04-15 19:39:45.577 [info] > git config --get commit.template [11ms]
2025-04-15 19:39:45.578 [info] > git for-each-ref --format=%(refname)%00%(upstream:short)%00%(objectname)%00%(upstream:track)%00%(upstream:remotename)%00%(upstream:remoteref) refs/heads/master refs/remotes/master [2ms]
2025-04-15 19:39:45.673 [info] > git status -z -uall [78ms]
2025-04-15 19:39:50.730 [info] > git config --get commit.template [11ms]
2025-04-15 19:39:50.731 [info] > git for-each-ref --format=%(refname)%00%(upstream:short)%00%(objectname)%00%(upstream:track)%00%(upstream:remotename)%00%(upstream:remoteref) refs/heads/master refs/remotes/master [2ms]
2025-04-15 19:39:50.777 [info] > git status -z -uall [37ms]
2025-04-15 19:39:55.818 [info] > git config --get commit.template [11ms]
2025-04-15 19:39:55.819 [info] > git for-each-ref --format=%(refname)%00%(upstream:short)%00%(objectname)%00%(upstream:track)%00%(upstream:remotename)%00%(upstream:remoteref) refs/heads/master refs/remotes/master [2ms]
2025-04-15 19:39:55.863 [info] > git status -z -uall [35ms]
2025-04-15 19:40:00.911 [info] > git config --get commit.template [11ms]
2025-04-15 19:40:00.912 [info] > git for-each-ref --format=%(refname)%00%(upstream:short)%00%(objectname)%00%(upstream:track)%00%(upstream:remotename)%00%(upstream:remoteref) refs/heads/master refs/remotes/master [3ms]
2025-04-15 19:40:00.969 [info] > git status -z -uall [38ms]
2025-04-15 19:40:06.008 [info] > git config --get commit.template [12ms]
2025-04-15 19:40:06.009 [info] > git for-each-ref --format=%(refname)%00%(upstream:short)%00%(objectname)%00%(upstream:track)%00%(upstream:remotename)%00%(upstream:remoteref) refs/heads/master refs/remotes/master [2ms]
2025-04-15 19:40:06.054 [info] > git status -z -uall [36ms]
2025-04-15 19:40:11.098 [info] > git config --get commit.template [10ms]
2025-04-15 19:40:11.100 [info] > git for-each-ref --format=%(refname)%00%(upstream:short)%00%(objectname)%00%(upstream:track)%00%(upstream:remotename)%00%(upstream:remoteref) refs/heads/master refs/remotes/master [3ms]
2025-04-15 19:40:11.155 [info] > git status -z -uall [45ms]
2025-04-15 19:40:16.201 [info] > git config --get commit.template [10ms]
2025-04-15 19:40:16.202 [info] > git for-each-ref --format=%(refname)%00%(upstream:short)%00%(objectname)%00%(upstream:track)%00%(upstream:remotename)%00%(upstream:remoteref) refs/heads/master refs/remotes/master [3ms]
2025-04-15 19:40:16.246 [info] > git status -z -uall [36ms]
2025-04-15 19:40:21.297 [info] > git config --get commit.template [10ms]
2025-04-15 19:40:21.299 [info] > git for-each-ref --format=%(refname)%00%(upstream:short)%00%(objectname)%00%(upstream:track)%00%(upstream:remotename)%00%(upstream:remoteref) refs/heads/master refs/remotes/master [2ms]
2025-04-15 19:40:21.341 [info] > git status -z -uall [34ms]
2025-04-15 19:40:26.396 [info] > git config --get commit.template [13ms]
2025-04-15 19:40:26.397 [info] > git for-each-ref --format=%(refname)%00%(upstream:short)%00%(objectname)%00%(upstream:track)%00%(upstream:remotename)%00%(upstream:remoteref) refs/heads/master refs/remotes/master [3ms]
2025-04-15 19:40:26.465 [info] > git status -z -uall [58ms]
2025-04-15 19:40:31.509 [info] > git config --get commit.template [11ms]
2025-04-15 19:40:31.510 [info] > git for-each-ref --format=%(refname)%00%(upstream:short)%00%(objectname)%00%(upstream:track)%00%(upstream:remotename)%00%(upstream:remoteref) refs/heads/master refs/remotes/master [2ms]
2025-04-15 19:40:31.556 [info] > git status -z -uall [37ms]
2025-04-15 19:40:36.599 [info] > git config --get commit.template [10ms]
2025-04-15 19:40:36.601 [info] > git for-each-ref --format=%(refname)%00%(upstream:short)%00%(objectname)%00%(upstream:track)%00%(upstream:remotename)%00%(upstream:remoteref) refs/heads/master refs/remotes/master [3ms]
2025-04-15 19:40:36.646 [info] > git status -z -uall [37ms]
2025-04-15 19:40:41.694 [info] > git config --get commit.template [11ms]
2025-04-15 19:40:41.696 [info] > git for-each-ref --format=%(refname)%00%(upstream:short)%00%(objectname)%00%(upstream:track)%00%(upstream:remotename)%00%(upstream:remoteref) refs/heads/master refs/remotes/master [3ms]
2025-04-15 19:40:41.746 [info] > git status -z -uall [36ms]
2025-04-15 19:40:46.791 [info] > git config --get commit.template [11ms]
2025-04-15 19:40:46.792 [info] > git for-each-ref --format=%(refname)%00%(upstream:short)%00%(objectname)%00%(upstream:track)%00%(upstream:remotename)%00%(upstream:remoteref) refs/heads/master refs/remotes/master [2ms]
2025-04-15 19:40:46.836 [info] > git status -z -uall [35ms]
2025-04-15 19:40:51.882 [info] > git config --get commit.template [10ms]
2025-04-15 19:40:51.883 [info] > git for-each-ref --format=%(refname)%00%(upstream:short)%00%(objectname)%00%(upstream:track)%00%(upstream:remotename)%00%(upstream:remoteref) refs/heads/master refs/remotes/master [2ms]
2025-04-15 19:40:51.926 [info] > git status -z -uall [34ms]
2025-04-15 19:40:53.778 [info] > git ls-files --stage -- /var/www/html/cpa/.org.chromium.Chromium.1sNCXy [11ms]
2025-04-15 19:40:53.778 [info] fatal: not a git repository (or any of the parent directories): .git
2025-04-15 19:40:53.789 [info] > git ls-files --stage -- /var/www/html/cpa/.gitignore [31ms]
2025-04-15 19:40:53.789 [info] fatal: not a git repository (or any of the parent directories): .git
2025-04-15 19:40:53.791 [info] > git ls-files --stage -- /var/www/html/cpa/.gitignore~ [14ms]
2025-04-15 19:40:53.791 [info] fatal: not a git repository (or any of the parent directories): .git
