2025-04-15 20:51:20.098 [info] Log level: Info
2025-04-15 20:51:20.098 [info] Validating found git in: "git"
2025-04-15 20:51:20.098 [info] Using git "2.34.1" from "git"
2025-04-15 20:51:20.098 [info] > git rev-parse --show-toplevel [123ms]
2025-04-15 20:51:20.845 [info] > git rev-parse --git-dir --git-common-dir [584ms]
2025-04-15 20:51:20.862 [info] Open repository: /var/www/html/cpa
2025-04-15 20:51:20.917 [info] > git rev-parse --show-toplevel [12ms]
2025-04-15 20:51:20.918 [info] > git config --get commit.template [29ms]
2025-04-15 20:51:21.117 [info] > git rev-parse --show-toplevel [7ms]
2025-04-15 20:51:21.473 [info] > git rev-parse --show-toplevel [44ms]
2025-04-15 20:51:21.474 [info] > git for-each-ref --format=%(refname)%00%(upstream:short)%00%(objectname)%00%(upstream:track)%00%(upstream:remotename)%00%(upstream:remoteref) refs/heads/avara refs/remotes/avara [422ms]
2025-04-15 20:51:21.513 [info] > git rev-parse --show-toplevel [1ms]
2025-04-15 20:51:21.527 [info] > git rev-parse --show-toplevel [2ms]
2025-04-15 20:51:21.540 [info] > git rev-parse --show-toplevel [2ms]
2025-04-15 20:51:21.551 [info] > git rev-parse --show-toplevel [2ms]
2025-04-15 20:51:21.562 [info] > git rev-parse --show-toplevel [2ms]
2025-04-15 20:51:21.573 [info] > git rev-parse --show-toplevel [2ms]
2025-04-15 20:51:21.588 [info] > git rev-parse --show-toplevel [2ms]
2025-04-15 20:51:21.609 [info] > git rev-parse --show-toplevel [2ms]
2025-04-15 20:51:21.621 [info] > git rev-parse --show-toplevel [2ms]
2025-04-15 20:51:21.632 [info] > git rev-parse --show-toplevel [2ms]
2025-04-15 20:51:21.643 [info] > git rev-parse --show-toplevel [2ms]
2025-04-15 20:51:21.656 [info] > git rev-parse --show-toplevel [1ms]
2025-04-15 20:51:21.668 [info] > git rev-parse --show-toplevel [2ms]
2025-04-15 20:51:21.679 [info] > git rev-parse --show-toplevel [2ms]
2025-04-15 20:51:21.695 [info] > git rev-parse --show-toplevel [2ms]
2025-04-15 20:51:21.713 [info] > git rev-parse --show-toplevel [2ms]
2025-04-15 20:51:21.723 [info] > git check-ignore -v -z --stdin [253ms]
2025-04-15 20:51:21.727 [info] > git rev-parse --show-toplevel [5ms]
2025-04-15 20:51:21.737 [info] > git rev-parse --show-toplevel [2ms]
2025-04-15 20:51:21.748 [info] > git rev-parse --show-toplevel [2ms]
2025-04-15 20:51:21.758 [info] > git rev-parse --show-toplevel [2ms]
2025-04-15 20:51:21.769 [info] > git rev-parse --show-toplevel [2ms]
2025-04-15 20:51:21.780 [info] > git rev-parse --show-toplevel [2ms]
2025-04-15 20:51:21.791 [info] > git rev-parse --show-toplevel [1ms]
2025-04-15 20:51:21.802 [info] > git rev-parse --show-toplevel [2ms]
2025-04-15 20:51:21.815 [info] > git rev-parse --show-toplevel [2ms]
2025-04-15 20:51:21.829 [info] > git rev-parse --show-toplevel [6ms]
2025-04-15 20:51:21.863 [info] > git ls-files --stage -- /var/www/html/cpa/resources/views/pages/support_team/marks/print/sheet.blade.php [11ms]
2025-04-15 20:51:21.939 [info] > git cat-file -s 12866a5e51d69b7a60216a65fafd33ee8a512413 [67ms]
2025-04-15 20:51:21.941 [info] > git show --textconv :resources/views/pages/support_team/marks/print/sheet.blade.php [100ms]
2025-04-15 20:51:22.380 [info] > git status -z -uall [896ms] (cancelled)
2025-04-15 20:51:23.198 [info] > git check-ignore -v -z --stdin [42ms]
2025-04-15 20:51:25.922 [info] > git check-ignore -v -z --stdin [187ms]
2025-04-15 20:51:27.851 [info] > git check-ignore -v -z --stdin [73ms]
2025-04-15 20:51:29.821 [info] > git check-ignore -v -z --stdin [74ms]
2025-04-15 20:51:31.674 [info] > git check-ignore -v -z --stdin [74ms]
2025-04-15 20:51:32.944 [info] > git check-ignore -v -z --stdin [52ms]
2025-04-15 20:51:36.349 [info] > git check-ignore -v -z --stdin [100ms]
2025-04-15 20:51:56.268 [info] > git show --textconv :.org.chromium.Chromium.1sNCXy [13ms]
2025-04-15 20:51:56.277 [info] > git ls-files --stage -- /var/www/html/cpa/.org.chromium.Chromium.1sNCXy [12ms]
2025-04-15 20:51:57.211 [info] > git show --textconv :.org.chromium.Chromium.NkuyxN [10ms]
2025-04-15 20:51:57.223 [info] > git ls-files --stage -- /var/www/html/cpa/.org.chromium.Chromium.NkuyxN [13ms]
2025-04-15 20:52:02.495 [info] > git show --textconv :.org.chromium.Chromium.whg8kl [10ms]
2025-04-15 20:52:02.509 [info] > git ls-files --stage -- /var/www/html/cpa/.org.chromium.Chromium.whg8kl [16ms]
2025-04-15 20:52:02.519 [info] > git cat-file -s 28249974f284b3bfe889adfd179c6f7bd70c58bf [2ms]
2025-04-15 20:52:03.056 [info] > git show --textconv :.org.chromium.Chromium.TKWVeK [11ms]
2025-04-15 20:52:03.068 [info] > git ls-files --stage -- /var/www/html/cpa/.org.chromium.Chromium.TKWVeK [12ms]
2025-04-15 20:52:03.490 [info] > git show --textconv :.org.chromium.Chromium.rN7fAD [11ms]
2025-04-15 20:52:03.502 [info] > git ls-files --stage -- /var/www/html/cpa/.org.chromium.Chromium.rN7fAD [12ms]
2025-04-15 20:52:06.391 [info] > git show --textconv :.gitignore [10ms]
2025-04-15 20:52:06.404 [info] > git ls-files --stage -- /var/www/html/cpa/.gitignore [13ms]
2025-04-15 20:52:48.629 [info] > git ls-files --stage -- /var/www/html/cpa/.org.chromium.Chromium.1sNCXy [28ms]
2025-04-15 20:52:48.632 [info] > git ls-files --stage -- /var/www/html/cpa/resources/views/pages/support_team/marks/print/sheet.blade.php [41ms]
2025-04-15 20:52:48.684 [info] > git ls-files --stage -- /var/www/html/cpa/.org.chromium.Chromium.TKWVeK [30ms]
2025-04-15 20:52:48.686 [info] > git cat-file -s 12866a5e51d69b7a60216a65fafd33ee8a512413 [43ms]
2025-04-15 20:52:48.687 [info] > git ls-files --stage -- /var/www/html/cpa/.org.chromium.Chromium.whg8kl [59ms]
2025-04-15 20:52:48.697 [info] > git ls-files --stage -- /var/www/html/cpa/.org.chromium.Chromium.NkuyxN [81ms]
2025-04-15 20:52:48.700 [info] > git cat-file -s 28249974f284b3bfe889adfd179c6f7bd70c58bf [3ms]
2025-04-15 20:52:48.701 [info] > git ls-files --stage -- /var/www/html/cpa/.org.chromium.Chromium.rN7fAD [34ms]
2025-04-15 20:52:48.702 [info] > git ls-files --stage -- /var/www/html/cpa/.gitignore [20ms]
2025-04-15 20:52:48.829 [info] > git show --textconv :.org.chromium.Chromium.1sNCXy [82ms]
2025-04-15 20:52:48.829 [info] > git show --textconv :.org.chromium.Chromium.TKWVeK [69ms]
2025-04-15 20:52:48.829 [info] > git show --textconv :resources/views/pages/support_team/marks/print/sheet.blade.php [59ms]
2025-04-15 20:52:48.830 [info] > git show --textconv :.org.chromium.Chromium.NkuyxN [45ms]
2025-04-15 20:52:48.830 [info] > git show --textconv :.org.chromium.Chromium.whg8kl [30ms]
2025-04-15 20:52:48.830 [info] > git show --textconv :.org.chromium.Chromium.rN7fAD [19ms]
2025-04-15 20:52:48.846 [info] > git show --textconv :.gitignore [19ms]
2025-04-15 18:01:51.667 [info] > git ls-files --stage -- /var/www/html/cpa/.org.chromium.Chromium.1sNCXy [11ms]
2025-04-15 18:01:51.668 [info] > git ls-files --stage -- /var/www/html/cpa/resources/views/pages/support_team/marks/print/sheet.blade.php [21ms]
2025-04-15 18:01:51.712 [info] > git ls-files --stage -- /var/www/html/cpa/.org.chromium.Chromium.rN7fAD [14ms]
2025-04-15 18:01:51.714 [info] > git ls-files --stage -- /var/www/html/cpa/.org.chromium.Chromium.TKWVeK [25ms]
2025-04-15 18:01:51.714 [info] > git ls-files --stage -- /var/www/html/cpa/.org.chromium.Chromium.whg8kl [36ms]
2025-04-15 18:01:51.715 [info] > git ls-files --stage -- /var/www/html/cpa/.org.chromium.Chromium.NkuyxN [49ms]
2025-04-15 18:01:51.735 [info] > git show --textconv :.org.chromium.Chromium.1sNCXy [11ms]
2025-04-15 18:01:51.735 [info] > git show --textconv :resources/views/pages/support_team/marks/print/sheet.blade.php [2ms]
2025-04-15 18:01:51.737 [info] > git ls-files --stage -- /var/www/html/cpa/.gitignore [29ms]
2025-04-15 18:01:51.774 [info] > git show --textconv :.org.chromium.Chromium.rN7fAD [28ms]
2025-04-15 18:01:51.774 [info] > git show --textconv :.org.chromium.Chromium.TKWVeK [20ms]
2025-04-15 18:01:51.774 [info] > git show --textconv :.org.chromium.Chromium.whg8kl [11ms]
2025-04-15 18:01:51.774 [info] > git show --textconv :.org.chromium.Chromium.NkuyxN [2ms]
2025-04-15 18:01:51.789 [info] > git show --textconv :.gitignore [3ms]
2025-04-15 18:03:14.939 [info] > git ls-files --stage -- /var/www/html/cpa/.org.chromium.Chromium.1sNCXy [10ms]
2025-04-15 18:03:14.941 [info] > git ls-files --stage -- /var/www/html/cpa/resources/views/pages/support_team/marks/print/sheet.blade.php [21ms]
2025-04-15 18:03:14.981 [info] > git ls-files --stage -- /var/www/html/cpa/.org.chromium.Chromium.rN7fAD [11ms]
2025-04-15 18:03:14.982 [info] > git ls-files --stage -- /var/www/html/cpa/.org.chromium.Chromium.TKWVeK [22ms]
2025-04-15 18:03:14.983 [info] > git ls-files --stage -- /var/www/html/cpa/.org.chromium.Chromium.whg8kl [32ms]
2025-04-15 18:03:14.984 [info] > git ls-files --stage -- /var/www/html/cpa/.org.chromium.Chromium.NkuyxN [46ms]
2025-04-15 18:03:15.005 [info] > git show --textconv :.org.chromium.Chromium.1sNCXy [11ms]
2025-04-15 18:03:15.005 [info] > git show --textconv :resources/views/pages/support_team/marks/print/sheet.blade.php [2ms]
2025-04-15 18:03:15.006 [info] > git ls-files --stage -- /var/www/html/cpa/.gitignore [28ms]
2025-04-15 18:03:15.044 [info] > git show --textconv :.org.chromium.Chromium.rN7fAD [28ms]
2025-04-15 18:03:15.044 [info] > git show --textconv :.org.chromium.Chromium.TKWVeK [19ms]
2025-04-15 18:03:15.044 [info] > git show --textconv :.org.chromium.Chromium.whg8kl [11ms]
2025-04-15 18:03:15.044 [info] > git show --textconv :.org.chromium.Chromium.NkuyxN [2ms]
2025-04-15 18:03:15.060 [info] > git show --textconv :.gitignore [4ms]
2025-04-15 18:03:29.643 [info] > git ls-files --stage -- /var/www/html/cpa/.org.chromium.Chromium.1sNCXy [10ms]
2025-04-15 18:03:29.644 [info] > git ls-files --stage -- /var/www/html/cpa/resources/views/pages/support_team/marks/print/sheet.blade.php [20ms]
2025-04-15 18:03:29.684 [info] > git ls-files --stage -- /var/www/html/cpa/.org.chromium.Chromium.rN7fAD [11ms]
2025-04-15 18:03:29.686 [info] > git ls-files --stage -- /var/www/html/cpa/.org.chromium.Chromium.TKWVeK [22ms]
2025-04-15 18:03:29.687 [info] > git ls-files --stage -- /var/www/html/cpa/.org.chromium.Chromium.whg8kl [33ms]
2025-04-15 18:03:29.687 [info] > git ls-files --stage -- /var/www/html/cpa/.org.chromium.Chromium.NkuyxN [45ms]
2025-04-15 18:03:29.708 [info] > git show --textconv :.org.chromium.Chromium.1sNCXy [11ms]
2025-04-15 18:03:29.708 [info] > git show --textconv :resources/views/pages/support_team/marks/print/sheet.blade.php [2ms]
2025-04-15 18:03:29.709 [info] > git ls-files --stage -- /var/www/html/cpa/.gitignore [27ms]
2025-04-15 18:03:29.746 [info] > git show --textconv :.org.chromium.Chromium.rN7fAD [28ms]
2025-04-15 18:03:29.746 [info] > git show --textconv :.org.chromium.Chromium.TKWVeK [19ms]
2025-04-15 18:03:29.747 [info] > git show --textconv :.org.chromium.Chromium.whg8kl [10ms]
2025-04-15 18:03:29.747 [info] > git show --textconv :.org.chromium.Chromium.NkuyxN [2ms]
2025-04-15 18:03:29.762 [info] > git show --textconv :.gitignore [3ms]
2025-04-15 18:04:46.965 [info] > git ls-files --stage -- /var/www/html/cpa/.org.chromium.Chromium.1sNCXy [15ms]
2025-04-15 18:04:46.967 [info] > git ls-files --stage -- /var/www/html/cpa/resources/views/pages/support_team/marks/print/sheet.blade.php [24ms]
2025-04-15 18:04:47.009 [info] > git ls-files --stage -- /var/www/html/cpa/.org.chromium.Chromium.rN7fAD [12ms]
2025-04-15 18:04:47.010 [info] > git ls-files --stage -- /var/www/html/cpa/.org.chromium.Chromium.TKWVeK [20ms]
2025-04-15 18:04:47.010 [info] > git ls-files --stage -- /var/www/html/cpa/.org.chromium.Chromium.whg8kl [27ms]
2025-04-15 18:04:47.011 [info] > git cat-file -s 5b99601aced6d72d5bbace2c1730cc067791b2a4 [36ms]
2025-04-15 18:04:47.011 [info] > git ls-files --stage -- /var/www/html/cpa/.org.chromium.Chromium.NkuyxN [48ms]
2025-04-15 18:04:47.022 [info] > git ls-files --stage -- /var/www/html/cpa/.gitignore [14ms]
2025-04-15 18:04:47.064 [info] > git show --textconv :.org.chromium.Chromium.1sNCXy [44ms]
2025-04-15 18:04:47.064 [info] > git show --textconv :.org.chromium.Chromium.rN7fAD [31ms]
2025-04-15 18:04:47.065 [info] > git show --textconv :.org.chromium.Chromium.TKWVeK [25ms]
2025-04-15 18:04:47.065 [info] > git show --textconv :.org.chromium.Chromium.whg8kl [17ms]
2025-04-15 18:04:47.065 [info] > git show --textconv :resources/views/pages/support_team/marks/print/sheet.blade.php [10ms]
2025-04-15 18:04:47.077 [info] > git show --textconv :.org.chromium.Chromium.NkuyxN [14ms]
2025-04-15 18:04:47.080 [info] > git show --textconv :.gitignore [5ms]
2025-04-15 18:04:54.799 [info] > git ls-files --stage -- /var/www/html/cpa/.org.chromium.Chromium.NkuyxN [14ms]
2025-04-15 18:04:54.800 [info] > git ls-files --stage -- /var/www/html/cpa/.org.chromium.Chromium.1sNCXy [26ms]
2025-04-15 18:04:54.801 [info] > git ls-files --stage -- /var/www/html/cpa/resources/views/pages/support_team/marks/print/sheet.blade.php [36ms]
2025-04-15 18:04:54.845 [info] > git ls-files --stage -- /var/www/html/cpa/.org.chromium.Chromium.rN7fAD [13ms]
2025-04-15 18:04:54.846 [info] > git ls-files --stage -- /var/www/html/cpa/.org.chromium.Chromium.TKWVeK [26ms]
2025-04-15 18:04:54.847 [info] > git cat-file -s 5b99601aced6d72d5bbace2c1730cc067791b2a4 [35ms]
2025-04-15 18:04:54.847 [info] > git ls-files --stage -- /var/www/html/cpa/.org.chromium.Chromium.whg8kl [50ms]
2025-04-15 18:04:54.851 [info] > git ls-files --stage -- /var/www/html/cpa/.gitignore [9ms]
2025-04-15 18:04:54.996 [info] > git show --textconv :.org.chromium.Chromium.NkuyxN [64ms]
2025-04-15 18:04:54.996 [info] > git show --textconv :.org.chromium.Chromium.1sNCXy [55ms]
2025-04-15 18:04:54.996 [info] > git show --textconv :.org.chromium.Chromium.rN7fAD [46ms]
2025-04-15 18:04:54.996 [info] > git show --textconv :.org.chromium.Chromium.TKWVeK [38ms]
2025-04-15 18:04:54.996 [info] > git show --textconv :resources/views/pages/support_team/marks/print/sheet.blade.php [26ms]
2025-04-15 18:04:54.997 [info] > git show --textconv :.org.chromium.Chromium.whg8kl [15ms]
2025-04-15 18:04:55.004 [info] > git show --textconv :.gitignore [10ms]
2025-04-15 18:05:14.216 [info] > git ls-files --stage -- /var/www/html/cpa/.org.chromium.Chromium.whg8kl [9ms]
2025-04-15 18:05:14.216 [info] fatal: not a git repository (or any of the parent directories): .git
2025-04-15 18:05:14.220 [info] > git ls-files --stage -- /var/www/html/cpa/.org.chromium.Chromium.NkuyxN [21ms]
2025-04-15 18:05:14.220 [info] fatal: not a git repository (or any of the parent directories): .git
2025-04-15 18:05:14.221 [info] > git ls-files --stage -- /var/www/html/cpa/.org.chromium.Chromium.1sNCXy [28ms]
2025-04-15 18:05:14.221 [info] fatal: not a git repository (or any of the parent directories): .git
2025-04-15 18:05:14.221 [info] > git ls-files --stage -- /var/www/html/cpa/resources/views/pages/support_team/marks/print/sheet.blade.php [36ms]
2025-04-15 18:05:14.221 [info] fatal: not a git repository (or any of the parent directories): .git
2025-04-15 18:05:14.225 [info] > git ls-files --stage -- /var/www/html/cpa/.org.chromium.Chromium.TKWVeK [11ms]
2025-04-15 18:05:14.225 [info] fatal: not a git repository (or any of the parent directories): .git
2025-04-15 18:05:35.687 [info] > git rev-parse --show-toplevel [2ms]
2025-04-15 18:05:35.702 [info] > git rev-parse --git-dir --git-common-dir [2ms]
2025-04-15 18:05:35.715 [info] Open repository: /var/www/html/cpa
2025-04-15 18:05:35.733 [info] No remotes found in the git config file.
2025-04-15 18:05:35.736 [info] > git for-each-ref --format=%(refname)%00%(upstream:short)%00%(objectname)%00%(upstream:track)%00%(upstream:remotename)%00%(upstream:remoteref) refs/heads/master refs/remotes/master [3ms]
2025-04-15 18:05:35.736 [info] > git config --get commit.template [12ms]
2025-04-15 18:05:35.841 [info] > git status -z -uall [98ms] (cancelled)
2025-04-15 18:05:36.300 [info] > git check-ignore -v -z --stdin [2ms]
2025-04-15 18:06:02.108 [info] > git ls-files --stage -- /var/www/html/cpa/.org.chromium.Chromium.1sNCXy [11ms]
2025-04-15 18:06:02.110 [info] > git ls-files --stage -- /var/www/html/cpa/resources/views/pages/support_team/marks/print/sheet.blade.php [23ms]
2025-04-15 18:06:02.150 [info] > git ls-files --stage -- /var/www/html/cpa/.org.chromium.Chromium.rN7fAD [11ms]
2025-04-15 18:06:02.151 [info] > git ls-files --stage -- /var/www/html/cpa/.org.chromium.Chromium.TKWVeK [21ms]
2025-04-15 18:06:02.152 [info] > git ls-files --stage -- /var/www/html/cpa/.org.chromium.Chromium.whg8kl [31ms]
2025-04-15 18:06:02.153 [info] > git ls-files --stage -- /var/www/html/cpa/.org.chromium.Chromium.NkuyxN [47ms]
2025-04-15 18:06:02.174 [info] > git show --textconv :.org.chromium.Chromium.1sNCXy [11ms]
2025-04-15 18:06:02.174 [info] > git show --textconv :resources/views/pages/support_team/marks/print/sheet.blade.php [2ms]
2025-04-15 18:06:02.176 [info] > git ls-files --stage -- /var/www/html/cpa/.gitignore [28ms]
2025-04-15 18:06:02.214 [info] > git show --textconv :.org.chromium.Chromium.rN7fAD [29ms]
2025-04-15 18:06:02.214 [info] > git show --textconv :.org.chromium.Chromium.TKWVeK [20ms]
2025-04-15 18:06:02.214 [info] > git show --textconv :.org.chromium.Chromium.whg8kl [11ms]
2025-04-15 18:06:02.214 [info] > git show --textconv :.org.chromium.Chromium.NkuyxN [2ms]
2025-04-15 18:06:02.231 [info] > git show --textconv :.gitignore [5ms]
2025-04-15 18:07:06.371 [info] > git check-ignore -v -z --stdin [2ms]
2025-04-15 18:08:43.085 [info] > git check-ignore -v -z --stdin [2ms]
2025-04-15 18:09:11.050 [info] > git ls-files --stage -- /var/www/html/cpa/.org.chromium.Chromium.NkuyxN [11ms]
2025-04-15 18:09:11.052 [info] > git ls-files --stage -- /var/www/html/cpa/.org.chromium.Chromium.1sNCXy [23ms]
2025-04-15 18:09:11.053 [info] > git ls-files --stage -- /var/www/html/cpa/resources/views/pages/support_team/marks/print/sheet.blade.php [32ms]
2025-04-15 18:09:11.083 [info] > git ls-files --stage -- /var/www/html/cpa/.org.chromium.Chromium.rN7fAD [11ms]
2025-04-15 18:09:11.085 [info] > git ls-files --stage -- /var/www/html/cpa/.org.chromium.Chromium.TKWVeK [22ms]
2025-04-15 18:09:11.086 [info] > git ls-files --stage -- /var/www/html/cpa/.org.chromium.Chromium.whg8kl [38ms]
2025-04-15 18:09:11.115 [info] > git show --textconv :.org.chromium.Chromium.NkuyxN [19ms]
2025-04-15 18:09:11.115 [info] > git show --textconv :.org.chromium.Chromium.1sNCXy [11ms]
2025-04-15 18:09:11.117 [info] > git ls-files --stage -- /var/www/html/cpa/.gitignore [36ms]
2025-04-15 18:09:11.146 [info] > git show --textconv :resources/views/pages/support_team/marks/print/sheet.blade.php [33ms]
2025-04-15 18:09:11.146 [info] > git show --textconv :.org.chromium.Chromium.rN7fAD [19ms]
2025-04-15 18:09:11.147 [info] > git show --textconv :.org.chromium.Chromium.TKWVeK [12ms]
2025-04-15 18:09:11.160 [info] > git show --textconv :.org.chromium.Chromium.whg8kl [16ms]
2025-04-15 18:09:11.162 [info] > git show --textconv :.gitignore [3ms]
2025-04-15 18:09:24.332 [info] > git ls-files --stage -- /var/www/html/cpa/.org.chromium.Chromium.NkuyxN [9ms]
2025-04-15 18:09:24.333 [info] > git ls-files --stage -- /var/www/html/cpa/.org.chromium.Chromium.1sNCXy [18ms]
2025-04-15 18:09:24.333 [info] > git ls-files --stage -- /var/www/html/cpa/resources/views/pages/support_team/marks/print/sheet.blade.php [27ms]
2025-04-15 18:09:24.357 [info] > git ls-files --stage -- /var/www/html/cpa/.org.chromium.Chromium.rN7fAD [9ms]
2025-04-15 18:09:24.358 [info] > git ls-files --stage -- /var/www/html/cpa/.org.chromium.Chromium.TKWVeK [17ms]
2025-04-15 18:09:24.358 [info] > git ls-files --stage -- /var/www/html/cpa/.org.chromium.Chromium.whg8kl [28ms]
2025-04-15 18:09:24.382 [info] > git show --textconv :.org.chromium.Chromium.NkuyxN [16ms]
2025-04-15 18:09:24.382 [info] > git show --textconv :.org.chromium.Chromium.1sNCXy [9ms]
2025-04-15 18:09:24.383 [info] > git ls-files --stage -- /var/www/html/cpa/.gitignore [28ms]
2025-04-15 18:09:24.408 [info] > git show --textconv :resources/views/pages/support_team/marks/print/sheet.blade.php [28ms]
2025-04-15 18:09:24.408 [info] > git show --textconv :.org.chromium.Chromium.rN7fAD [17ms]
2025-04-15 18:09:24.408 [info] > git show --textconv :.org.chromium.Chromium.TKWVeK [10ms]
2025-04-15 18:09:24.420 [info] > git show --textconv :.org.chromium.Chromium.whg8kl [14ms]
2025-04-15 18:09:24.422 [info] > git show --textconv :.gitignore [3ms]
2025-04-15 18:09:36.662 [info] > git ls-files --stage -- /var/www/html/cpa/.org.chromium.Chromium.NkuyxN [10ms]
2025-04-15 18:09:36.664 [info] > git ls-files --stage -- /var/www/html/cpa/.org.chromium.Chromium.1sNCXy [21ms]
2025-04-15 18:09:36.665 [info] > git ls-files --stage -- /var/www/html/cpa/resources/views/pages/support_team/marks/print/sheet.blade.php [30ms]
2025-04-15 18:09:36.693 [info] > git ls-files --stage -- /var/www/html/cpa/.org.chromium.Chromium.rN7fAD [10ms]
2025-04-15 18:09:36.694 [info] > git ls-files --stage -- /var/www/html/cpa/.org.chromium.Chromium.TKWVeK [19ms]
2025-04-15 18:09:36.695 [info] > git ls-files --stage -- /var/www/html/cpa/.org.chromium.Chromium.whg8kl [34ms]
2025-04-15 18:09:36.725 [info] > git show --textconv :.org.chromium.Chromium.NkuyxN [19ms]
2025-04-15 18:09:36.725 [info] > git show --textconv :.org.chromium.Chromium.1sNCXy [11ms]
2025-04-15 18:09:36.727 [info] > git ls-files --stage -- /var/www/html/cpa/.gitignore [35ms]
2025-04-15 18:09:36.755 [info] > git show --textconv :resources/views/pages/support_team/marks/print/sheet.blade.php [32ms]
2025-04-15 18:09:36.755 [info] > git show --textconv :.org.chromium.Chromium.rN7fAD [19ms]
2025-04-15 18:09:36.756 [info] > git show --textconv :.org.chromium.Chromium.TKWVeK [10ms]
2025-04-15 18:09:36.768 [info] > git show --textconv :.org.chromium.Chromium.whg8kl [15ms]
2025-04-15 18:09:36.770 [info] > git show --textconv :.gitignore [4ms]
2025-04-15 18:20:54.587 [info] > git ls-files --stage -- /var/www/html/cpa/.org.chromium.Chromium.1sNCXy [10ms]
2025-04-15 18:20:54.588 [info] > git ls-files --stage -- /var/www/html/cpa/resources/views/pages/support_team/marks/print/sheet.blade.php [20ms]
2025-04-15 18:20:54.637 [info] > git ls-files --stage -- /var/www/html/cpa/.org.chromium.Chromium.rN7fAD [13ms]
2025-04-15 18:20:54.638 [info] > git ls-files --stage -- /var/www/html/cpa/.org.chromium.Chromium.TKWVeK [23ms]
2025-04-15 18:20:54.638 [info] > git ls-files --stage -- /var/www/html/cpa/.org.chromium.Chromium.whg8kl [32ms]
2025-04-15 18:20:54.639 [info] > git cat-file -s 5b99601aced6d72d5bbace2c1730cc067791b2a4 [43ms]
2025-04-15 18:20:54.640 [info] > git ls-files --stage -- /var/www/html/cpa/.org.chromium.Chromium.NkuyxN [55ms]
2025-04-15 18:20:54.653 [info] > git ls-files --stage -- /var/www/html/cpa/.gitignore [19ms]
2025-04-15 18:20:54.699 [info] > git show --textconv :.org.chromium.Chromium.1sNCXy [48ms]
2025-04-15 18:20:54.699 [info] > git show --textconv :.org.chromium.Chromium.rN7fAD [37ms]
2025-04-15 18:20:54.699 [info] > git show --textconv :.org.chromium.Chromium.TKWVeK [29ms]
2025-04-15 18:20:54.699 [info] > git show --textconv :.org.chromium.Chromium.whg8kl [20ms]
2025-04-15 18:20:54.699 [info] > git show --textconv :resources/views/pages/support_team/marks/print/sheet.blade.php [11ms]
2025-04-15 18:20:54.714 [info] > git show --textconv :.org.chromium.Chromium.NkuyxN [17ms]
2025-04-15 18:20:54.717 [info] > git show --textconv :.gitignore [5ms]
2025-04-15 18:21:00.264 [info] > git ls-files --stage -- /var/www/html/cpa/.org.chromium.Chromium.1sNCXy [15ms]
2025-04-15 18:21:00.266 [info] > git ls-files --stage -- /var/www/html/cpa/resources/views/pages/support_team/marks/print/sheet.blade.php [29ms]
2025-04-15 18:21:00.331 [info] > git ls-files --stage -- /var/www/html/cpa/.org.chromium.Chromium.rN7fAD [18ms]
2025-04-15 18:21:00.332 [info] > git ls-files --stage -- /var/www/html/cpa/.org.chromium.Chromium.TKWVeK [30ms]
2025-04-15 18:21:00.333 [info] > git ls-files --stage -- /var/www/html/cpa/.org.chromium.Chromium.whg8kl [42ms]
2025-04-15 18:21:00.334 [info] > git cat-file -s 5b99601aced6d72d5bbace2c1730cc067791b2a4 [55ms]
2025-04-15 18:21:00.335 [info] > git ls-files --stage -- /var/www/html/cpa/.org.chromium.Chromium.NkuyxN [73ms]
2025-04-15 18:21:00.336 [info] > git ls-files --stage -- /var/www/html/cpa/.gitignore [11ms]
2025-04-15 18:21:00.447 [info] > git show --textconv :.org.chromium.Chromium.1sNCXy [74ms]
2025-04-15 18:21:00.447 [info] > git show --textconv :.org.chromium.Chromium.rN7fAD [63ms]
2025-04-15 18:21:00.447 [info] > git show --textconv :.org.chromium.Chromium.TKWVeK [49ms]
2025-04-15 18:21:00.448 [info] > git show --textconv :.org.chromium.Chromium.whg8kl [38ms]
2025-04-15 18:21:00.448 [info] > git show --textconv :resources/views/pages/support_team/marks/print/sheet.blade.php [27ms]
2025-04-15 18:21:00.448 [info] > git show --textconv :.org.chromium.Chromium.NkuyxN [14ms]
2025-04-15 18:21:00.453 [info] > git show --textconv :.gitignore [8ms]
2025-04-15 18:21:30.312 [info] > git ls-files --stage -- /var/www/html/cpa/.org.chromium.Chromium.1sNCXy [18ms]
2025-04-15 18:21:30.313 [info] > git ls-files --stage -- /var/www/html/cpa/resources/views/pages/support_team/marks/print/sheet.blade.php [29ms]
2025-04-15 18:21:30.381 [info] > git ls-files --stage -- /var/www/html/cpa/.org.chromium.Chromium.rN7fAD [13ms]
2025-04-15 18:21:30.382 [info] > git ls-files --stage -- /var/www/html/cpa/.org.chromium.Chromium.TKWVeK [28ms]
2025-04-15 18:21:30.384 [info] > git ls-files --stage -- /var/www/html/cpa/.org.chromium.Chromium.whg8kl [43ms]
2025-04-15 18:21:30.385 [info] > git cat-file -s 5b99601aced6d72d5bbace2c1730cc067791b2a4 [56ms]
2025-04-15 18:21:30.386 [info] > git ls-files --stage -- /var/www/html/cpa/.org.chromium.Chromium.NkuyxN [80ms]
2025-04-15 18:21:30.390 [info] > git ls-files --stage -- /var/www/html/cpa/.gitignore [11ms]
2025-04-15 18:21:30.724 [info] > git show --textconv :.org.chromium.Chromium.1sNCXy [76ms]
2025-04-15 18:21:30.763 [info] > git show --textconv :.org.chromium.Chromium.rN7fAD [102ms]
2025-04-15 18:21:30.763 [info] > git show --textconv :.org.chromium.Chromium.TKWVeK [91ms]
2025-04-15 18:21:30.763 [info] > git show --textconv :.org.chromium.Chromium.whg8kl [79ms]
2025-04-15 18:21:30.763 [info] > git show --textconv :resources/views/pages/support_team/marks/print/sheet.blade.php [67ms]
2025-04-15 18:21:30.763 [info] > git show --textconv :.org.chromium.Chromium.NkuyxN [55ms]
2025-04-15 18:21:30.763 [info] > git show --textconv :.gitignore [41ms]
2025-04-15 18:21:49.864 [info] > git ls-files --stage -- /var/www/html/cpa/.org.chromium.Chromium.NkuyxN [9ms]
2025-04-15 18:21:49.865 [info] > git ls-files --stage -- /var/www/html/cpa/.org.chromium.Chromium.1sNCXy [20ms]
2025-04-15 18:21:49.865 [info] > git ls-files --stage -- /var/www/html/cpa/resources/views/pages/support_team/marks/print/sheet.blade.php [29ms]
2025-04-15 18:21:49.900 [info] > git ls-files --stage -- /var/www/html/cpa/.org.chromium.Chromium.rN7fAD [11ms]
2025-04-15 18:21:49.901 [info] > git ls-files --stage -- /var/www/html/cpa/.org.chromium.Chromium.TKWVeK [19ms]
2025-04-15 18:21:49.901 [info] > git cat-file -s 5b99601aced6d72d5bbace2c1730cc067791b2a4 [28ms]
2025-04-15 18:21:49.902 [info] > git ls-files --stage -- /var/www/html/cpa/.org.chromium.Chromium.whg8kl [40ms]
2025-04-15 18:21:49.932 [info] > git show --textconv :.org.chromium.Chromium.NkuyxN [21ms]
2025-04-15 18:21:49.932 [info] > git show --textconv :.org.chromium.Chromium.1sNCXy [12ms]
2025-04-15 18:21:49.933 [info] > git ls-files --stage -- /var/www/html/cpa/.gitignore [35ms]
2025-04-15 18:21:49.962 [info] > git show --textconv :.org.chromium.Chromium.rN7fAD [33ms]
2025-04-15 18:21:49.962 [info] > git show --textconv :.org.chromium.Chromium.TKWVeK [19ms]
2025-04-15 18:21:49.963 [info] > git show --textconv :resources/views/pages/support_team/marks/print/sheet.blade.php [10ms]
2025-04-15 18:21:49.975 [info] > git show --textconv :.org.chromium.Chromium.whg8kl [15ms]
2025-04-15 18:21:49.979 [info] > git show --textconv :.gitignore [5ms]
2025-04-15 18:22:30.021 [info] > git ls-files --stage -- /var/www/html/cpa/.org.chromium.Chromium.1sNCXy [13ms]
2025-04-15 18:22:30.021 [info] fatal: not a git repository (or any of the parent directories): .git
2025-04-15 18:22:30.026 [info] > git ls-files --stage -- /var/www/html/cpa/resources/views/pages/support_team/marks/print/sheet.blade.php [28ms]
2025-04-15 18:22:30.026 [info] fatal: not a git repository (or any of the parent directories): .git
2025-04-15 18:22:30.031 [info] > git ls-files --stage -- /var/www/html/cpa/.org.chromium.Chromium.NkuyxN [14ms]
2025-04-15 18:22:30.031 [info] fatal: not a git repository (or any of the parent directories): .git
2025-04-15 18:26:49.948 [info] > git rev-parse --show-toplevel [3ms]
2025-04-15 18:26:49.948 [info] fatal: not a git repository (or any of the parent directories): .git
2025-04-15 18:26:49.961 [info] > git rev-parse --show-toplevel [2ms]
2025-04-15 18:26:49.961 [info] fatal: not a git repository (or any of the parent directories): .git
2025-04-15 18:26:51.586 [info] > git rev-parse --show-toplevel [3ms]
2025-04-15 18:26:51.586 [info] fatal: not a git repository (or any of the parent directories): .git
2025-04-15 18:26:51.598 [info] > git rev-parse --show-toplevel [2ms]
2025-04-15 18:26:51.598 [info] fatal: not a git repository (or any of the parent directories): .git
2025-04-15 18:26:51.612 [info] > git rev-parse --show-toplevel [1ms]
2025-04-15 18:26:51.612 [info] fatal: not a git repository (or any of the parent directories): .git
2025-04-15 18:26:51.625 [info] > git rev-parse --show-toplevel [1ms]
2025-04-15 18:26:51.625 [info] fatal: not a git repository (or any of the parent directories): .git
2025-04-15 18:26:51.637 [info] > git rev-parse --show-toplevel [1ms]
2025-04-15 18:26:51.637 [info] fatal: not a git repository (or any of the parent directories): .git
2025-04-15 18:26:51.650 [info] > git rev-parse --show-toplevel [4ms]
2025-04-15 18:26:51.650 [info] fatal: not a git repository (or any of the parent directories): .git
2025-04-15 18:26:51.674 [info] > git rev-parse --show-toplevel [4ms]
2025-04-15 18:26:51.674 [info] fatal: not a git repository (or any of the parent directories): .git
2025-04-15 18:26:51.686 [info] > git rev-parse --show-toplevel [2ms]
2025-04-15 18:26:51.686 [info] fatal: not a git repository (or any of the parent directories): .git
2025-04-15 18:26:51.699 [info] > git rev-parse --show-toplevel [2ms]
2025-04-15 18:26:51.699 [info] fatal: not a git repository (or any of the parent directories): .git
2025-04-15 18:26:51.711 [info] > git rev-parse --show-toplevel [2ms]
2025-04-15 18:26:51.711 [info] fatal: not a git repository (or any of the parent directories): .git
2025-04-15 18:26:51.723 [info] > git rev-parse --show-toplevel [2ms]
2025-04-15 18:26:51.723 [info] fatal: not a git repository (or any of the parent directories): .git
2025-04-15 18:26:51.734 [info] > git rev-parse --show-toplevel [2ms]
2025-04-15 18:26:51.734 [info] fatal: not a git repository (or any of the parent directories): .git
2025-04-15 18:26:51.747 [info] > git rev-parse --show-toplevel [4ms]
2025-04-15 18:26:51.747 [info] fatal: not a git repository (or any of the parent directories): .git
2025-04-15 18:26:53.009 [info] > git rev-parse --show-toplevel [2ms]
2025-04-15 18:26:53.009 [info] fatal: not a git repository (or any of the parent directories): .git
2025-04-15 18:26:53.021 [info] > git rev-parse --show-toplevel [2ms]
2025-04-15 18:26:53.021 [info] fatal: not a git repository (or any of the parent directories): .git
2025-04-15 18:26:53.033 [info] > git rev-parse --show-toplevel [1ms]
2025-04-15 18:26:53.033 [info] fatal: not a git repository (or any of the parent directories): .git
2025-04-15 18:26:53.623 [info] > git rev-parse --show-toplevel [3ms]
2025-04-15 18:26:53.624 [info] fatal: not a git repository (or any of the parent directories): .git
2025-04-15 18:26:53.637 [info] > git rev-parse --show-toplevel [3ms]
2025-04-15 18:26:53.637 [info] fatal: not a git repository (or any of the parent directories): .git
2025-04-15 18:26:54.830 [info] > git rev-parse --show-toplevel [1ms]
2025-04-15 18:26:54.830 [info] fatal: not a git repository (or any of the parent directories): .git
2025-04-15 18:26:54.839 [info] > git rev-parse --show-toplevel [1ms]
2025-04-15 18:26:54.839 [info] fatal: not a git repository (or any of the parent directories): .git
2025-04-15 18:26:54.847 [info] > git rev-parse --show-toplevel [2ms]
2025-04-15 18:26:54.847 [info] fatal: not a git repository (or any of the parent directories): .git
2025-04-15 18:26:54.857 [info] > git rev-parse --show-toplevel [2ms]
2025-04-15 18:26:54.857 [info] fatal: not a git repository (or any of the parent directories): .git
2025-04-15 18:26:54.868 [info] > git rev-parse --show-toplevel [2ms]
2025-04-15 18:26:54.868 [info] fatal: not a git repository (or any of the parent directories): .git
2025-04-15 18:26:54.880 [info] > git rev-parse --show-toplevel [2ms]
2025-04-15 18:26:54.880 [info] fatal: not a git repository (or any of the parent directories): .git
2025-04-15 18:30:11.129 [info] > git rev-parse --show-toplevel [2ms]
2025-04-15 18:30:11.139 [info] > git rev-parse --git-dir --git-common-dir [2ms]
2025-04-15 18:30:11.148 [info] Open repository: /var/www/html/cpa
2025-04-15 18:30:11.161 [info] > git config --get commit.template [2ms]
2025-04-15 18:30:11.162 [info] No remotes found in the git config file.
2025-04-15 18:30:11.173 [info] > git for-each-ref --format=%(refname)%00%(upstream:short)%00%(objectname)%00%(upstream:track)%00%(upstream:remotename)%00%(upstream:remoteref) refs/heads/master refs/remotes/master [2ms]
2025-04-15 18:30:11.293 [info] > git status -z -uall [112ms] (cancelled)
2025-04-15 18:30:11.696 [info] > git check-ignore -v -z --stdin [2ms]
2025-04-15 18:32:37.263 [info] > git ls-files --stage -- /var/www/html/cpa/.org.chromium.Chromium.NkuyxN [12ms]
2025-04-15 18:32:37.265 [info] > git ls-files --stage -- /var/www/html/cpa/.org.chromium.Chromium.1sNCXy [23ms]
2025-04-15 18:32:37.265 [info] > git ls-files --stage -- /var/www/html/cpa/resources/views/pages/support_team/marks/print/sheet.blade.php [33ms]
2025-04-15 18:32:37.299 [info] > git ls-files --stage -- /var/www/html/cpa/.org.chromium.Chromium.rN7fAD [13ms]
2025-04-15 18:32:37.300 [info] > git ls-files --stage -- /var/www/html/cpa/.org.chromium.Chromium.TKWVeK [24ms]
2025-04-15 18:32:37.301 [info] > git ls-files --stage -- /var/www/html/cpa/.org.chromium.Chromium.whg8kl [39ms]
2025-04-15 18:32:37.335 [info] > git show --textconv :.org.chromium.Chromium.NkuyxN [22ms]
2025-04-15 18:32:37.335 [info] > git show --textconv :.org.chromium.Chromium.1sNCXy [12ms]
2025-04-15 18:32:37.335 [info] > git show --textconv :resources/views/pages/support_team/marks/print/sheet.blade.php [2ms]
2025-04-15 18:32:37.338 [info] > git ls-files --stage -- /var/www/html/cpa/.gitignore [41ms]
2025-04-15 18:32:37.382 [info] > git show --textconv :.org.chromium.Chromium.rN7fAD [26ms]
2025-04-15 18:32:37.382 [info] > git show --textconv :.org.chromium.Chromium.TKWVeK [18ms]
2025-04-15 18:32:37.382 [info] > git show --textconv :.org.chromium.Chromium.whg8kl [8ms]
2025-04-15 18:32:37.384 [info] > git cat-file -s 48b8bf9072d8716346ec810e5a1808305c97d50f [38ms]
2025-04-15 18:32:37.400 [info] > git show --textconv :.gitignore [3ms]
2025-04-15 18:33:03.331 [info] > git ls-files --stage -- /var/www/html/cpa/.org.chromium.Chromium.NkuyxN [9ms]
2025-04-15 18:33:03.339 [info] > git ls-files --stage -- /var/www/html/cpa/.org.chromium.Chromium.1sNCXy [28ms]
2025-04-15 18:33:03.347 [info] > git ls-files --stage -- /var/www/html/cpa/resources/views/pages/support_team/marks/print/sheet.blade.php [44ms]
2025-04-15 18:33:03.383 [info] > git ls-files --stage -- /var/www/html/cpa/.org.chromium.Chromium.rN7fAD [11ms]
2025-04-15 18:33:03.391 [info] > git ls-files --stage -- /var/www/html/cpa/.org.chromium.Chromium.TKWVeK [27ms]
2025-04-15 18:33:03.398 [info] > git cat-file -s 5b99601aced6d72d5bbace2c1730cc067791b2a4 [44ms]
2025-04-15 18:33:03.399 [info] > git cat-file -s 3673ab5d365fc9f869aeb0afe5d0639d673c1973 [53ms]
2025-04-15 18:33:03.400 [info] > git cat-file -s e69de29bb2d1d6434b8b29ae775ad8c2e48c5391 [62ms]
2025-04-15 18:33:03.401 [info] > git ls-files --stage -- /var/www/html/cpa/.org.chromium.Chromium.whg8kl [72ms]
2025-04-15 18:33:03.413 [info] > git cat-file -s df51ea46133ab6c56bc0f3daac7b9a8b269cac9e [16ms]
2025-04-15 18:33:03.414 [info] > git cat-file -s dfdfbd23d1502d942c55580822fad7d398faac12 [24ms]
2025-04-15 18:33:03.414 [info] > git ls-files --stage -- /var/www/html/cpa/.gitignore [34ms]
2025-04-15 18:33:03.450 [info] > git show --textconv :resources/views/pages/support_team/marks/print/sheet.blade.php [19ms]
2025-04-15 18:33:03.450 [info] > git show --textconv :.org.chromium.Chromium.1sNCXy [10ms]
2025-04-15 18:33:03.452 [info] > git cat-file -s 48b8bf9072d8716346ec810e5a1808305c97d50f [30ms]
2025-04-15 18:33:03.452 [info] > git cat-file -s 28249974f284b3bfe889adfd179c6f7bd70c58bf [44ms]
2025-04-15 18:33:03.473 [info] > git show --textconv :.org.chromium.Chromium.NkuyxN [25ms]
2025-04-15 18:33:03.473 [info] > git show --textconv :.org.chromium.Chromium.TKWVeK [11ms]
2025-04-15 18:33:03.476 [info] > git show --textconv :.org.chromium.Chromium.rN7fAD [5ms]
2025-04-15 18:33:03.533 [info] > git show --textconv :.gitignore [16ms]
2025-04-15 18:33:03.535 [info] > git show --textconv :.org.chromium.Chromium.whg8kl [6ms]
2025-04-15 18:33:44.342 [info] > git ls-files --stage -- /var/www/html/cpa/.org.chromium.Chromium.NkuyxN [16ms]
2025-04-15 18:33:44.352 [info] > git ls-files --stage -- /var/www/html/cpa/.org.chromium.Chromium.1sNCXy [39ms]
2025-04-15 18:33:44.363 [info] > git ls-files --stage -- /var/www/html/cpa/resources/views/pages/support_team/marks/print/sheet.blade.php [65ms]
2025-04-15 18:33:44.410 [info] > git ls-files --stage -- /var/www/html/cpa/.org.chromium.Chromium.rN7fAD [13ms]
2025-04-15 18:33:44.419 [info] > git ls-files --stage -- /var/www/html/cpa/.org.chromium.Chromium.TKWVeK [33ms]
2025-04-15 18:33:44.430 [info] > git cat-file -s 5b99601aced6d72d5bbace2c1730cc067791b2a4 [58ms]
2025-04-15 18:33:44.431 [info] > git cat-file -s 3673ab5d365fc9f869aeb0afe5d0639d673c1973 [68ms]
2025-04-15 18:33:44.432 [info] > git cat-file -s e69de29bb2d1d6434b8b29ae775ad8c2e48c5391 [80ms]
2025-04-15 18:33:44.433 [info] > git ls-files --stage -- /var/www/html/cpa/.org.chromium.Chromium.whg8kl [93ms]
2025-04-15 18:33:44.445 [info] > git cat-file -s df51ea46133ab6c56bc0f3daac7b9a8b269cac9e [16ms]
2025-04-15 18:33:44.446 [info] > git cat-file -s dfdfbd23d1502d942c55580822fad7d398faac12 [28ms]
2025-04-15 18:33:44.446 [info] > git ls-files --stage -- /var/www/html/cpa/.gitignore [39ms]
2025-04-15 18:33:44.458 [info] > git cat-file -s 28249974f284b3bfe889adfd179c6f7bd70c58bf [17ms]
2025-04-15 18:33:44.460 [info] > git cat-file -s 48b8bf9072d8716346ec810e5a1808305c97d50f [3ms]
2025-04-15 18:33:44.807 [info] > git show --textconv :resources/views/pages/support_team/marks/print/sheet.blade.php [84ms]
2025-04-15 18:33:44.807 [info] > git show --textconv :.org.chromium.Chromium.1sNCXy [67ms]
2025-04-15 18:33:44.807 [info] > git show --textconv :.org.chromium.Chromium.NkuyxN [51ms]
2025-04-15 18:33:44.807 [info] > git show --textconv :.org.chromium.Chromium.TKWVeK [40ms]
2025-04-15 18:33:44.807 [info] > git show --textconv :.org.chromium.Chromium.rN7fAD [28ms]
2025-04-15 18:33:44.807 [info] > git show --textconv :.org.chromium.Chromium.whg8kl [17ms]
2025-04-15 18:33:44.807 [info] > git show --textconv :.gitignore [6ms]
2025-04-15 18:36:09.521 [info] > git ls-files --stage -- /var/www/html/cpa/.org.chromium.Chromium.NkuyxN [10ms]
2025-04-15 18:36:09.529 [info] > git ls-files --stage -- /var/www/html/cpa/.org.chromium.Chromium.1sNCXy [27ms]
2025-04-15 18:36:09.537 [info] > git ls-files --stage -- /var/www/html/cpa/resources/views/pages/support_team/marks/print/sheet.blade.php [45ms]
2025-04-15 18:36:09.577 [info] > git ls-files --stage -- /var/www/html/cpa/.org.chromium.Chromium.rN7fAD [13ms]
2025-04-15 18:36:09.586 [info] > git ls-files --stage -- /var/www/html/cpa/.org.chromium.Chromium.TKWVeK [31ms]
2025-04-15 18:36:09.594 [info] > git cat-file -s 5b99601aced6d72d5bbace2c1730cc067791b2a4 [48ms]
2025-04-15 18:36:09.596 [info] > git cat-file -s 3673ab5d365fc9f869aeb0afe5d0639d673c1973 [58ms]
2025-04-15 18:36:09.596 [info] > git cat-file -s e69de29bb2d1d6434b8b29ae775ad8c2e48c5391 [67ms]
2025-04-15 18:36:09.597 [info] > git ls-files --stage -- /var/www/html/cpa/.org.chromium.Chromium.whg8kl [78ms]
2025-04-15 18:36:09.609 [info] > git cat-file -s df51ea46133ab6c56bc0f3daac7b9a8b269cac9e [15ms]
2025-04-15 18:36:09.610 [info] > git cat-file -s dfdfbd23d1502d942c55580822fad7d398faac12 [25ms]
2025-04-15 18:36:09.611 [info] > git ls-files --stage -- /var/www/html/cpa/.gitignore [36ms]
2025-04-15 18:36:09.649 [info] > git show --textconv :resources/views/pages/support_team/marks/print/sheet.blade.php [21ms]
2025-04-15 18:36:09.649 [info] > git show --textconv :.org.chromium.Chromium.1sNCXy [12ms]
2025-04-15 18:36:09.650 [info] > git cat-file -s 48b8bf9072d8716346ec810e5a1808305c97d50f [32ms]
2025-04-15 18:36:09.651 [info] > git cat-file -s 28249974f284b3bfe889adfd179c6f7bd70c58bf [45ms]
2025-04-15 18:36:09.674 [info] > git show --textconv :.org.chromium.Chromium.NkuyxN [26ms]
2025-04-15 18:36:09.674 [info] > git show --textconv :.org.chromium.Chromium.TKWVeK [12ms]
2025-04-15 18:36:09.695 [info] > git show --textconv :.org.chromium.Chromium.rN7fAD [24ms]
2025-04-15 18:36:09.695 [info] > git show --textconv :.gitignore [11ms]
2025-04-15 18:36:09.698 [info] > git show --textconv :.org.chromium.Chromium.whg8kl [4ms]
2025-04-15 18:40:58.085 [info] > git ls-files --stage -- /var/www/html/cpa/.org.chromium.Chromium.1sNCXy [11ms]
2025-04-15 18:40:58.094 [info] > git ls-files --stage -- /var/www/html/cpa/resources/views/pages/support_team/marks/print/sheet.blade.php [29ms]
2025-04-15 18:40:58.147 [info] > git ls-files --stage -- /var/www/html/cpa/.org.chromium.Chromium.rN7fAD [15ms]
2025-04-15 18:40:58.157 [info] > git ls-files --stage -- /var/www/html/cpa/.org.chromium.Chromium.TKWVeK [35ms]
2025-04-15 18:40:58.166 [info] > git ls-files --stage -- /var/www/html/cpa/.org.chromium.Chromium.whg8kl [54ms]
2025-04-15 18:40:58.174 [info] > git cat-file -s 5b99601aced6d72d5bbace2c1730cc067791b2a4 [72ms]
2025-04-15 18:40:58.176 [info] > git cat-file -s 3673ab5d365fc9f869aeb0afe5d0639d673c1973 [82ms]
2025-04-15 18:40:58.177 [info] > git ls-files --stage -- /var/www/html/cpa/.org.chromium.Chromium.NkuyxN [93ms]
2025-04-15 18:40:58.190 [info] > git cat-file -s e69de29bb2d1d6434b8b29ae775ad8c2e48c5391 [3ms]
2025-04-15 18:40:58.191 [info] > git cat-file -s 28249974f284b3bfe889adfd179c6f7bd70c58bf [17ms]
2025-04-15 18:40:58.192 [info] > git cat-file -s df51ea46133ab6c56bc0f3daac7b9a8b269cac9e [26ms]
2025-04-15 18:40:58.192 [info] > git cat-file -s dfdfbd23d1502d942c55580822fad7d398faac12 [36ms]
2025-04-15 18:40:58.193 [info] > git ls-files --stage -- /var/www/html/cpa/.gitignore [52ms]
2025-04-15 18:40:58.222 [info] > git show --textconv :resources/views/pages/support_team/marks/print/sheet.blade.php [10ms]
2025-04-15 18:40:58.224 [info] > git cat-file -s 48b8bf9072d8716346ec810e5a1808305c97d50f [21ms]
2025-04-15 18:40:58.264 [info] > git show --textconv :.org.chromium.Chromium.1sNCXy [42ms]
2025-04-15 18:40:58.264 [info] > git show --textconv :.org.chromium.Chromium.NkuyxN [31ms]
2025-04-15 18:40:58.264 [info] > git show --textconv :.org.chromium.Chromium.whg8kl [21ms]
2025-04-15 18:40:58.264 [info] > git show --textconv :.org.chromium.Chromium.TKWVeK [12ms]
2025-04-15 18:40:58.278 [info] > git show --textconv :.org.chromium.Chromium.rN7fAD [16ms]
2025-04-15 18:40:58.281 [info] > git show --textconv :.gitignore [5ms]
2025-04-15 18:44:14.423 [info] > git config --local branch.master.github-pr-owner-number [21ms]
2025-04-15 18:44:14.447 [info] > git config --get commit.template [10ms]
2025-04-15 18:44:14.459 [info] > git for-each-ref --format=%(refname)%00%(upstream:short)%00%(objectname)%00%(upstream:track)%00%(upstream:remotename)%00%(upstream:remoteref) refs/heads/master refs/remotes/master [2ms]
2025-04-15 18:44:14.519 [info] > git status -z -uall [50ms]
2025-04-15 18:44:14.605 [info] > git config --local branch.master.github-pr-owner-number [2ms]
2025-04-15 18:44:14.626 [info] > git config --get commit.template [9ms]
2025-04-15 18:44:14.655 [info] > git for-each-ref --format=%(refname)%00%(upstream:short)%00%(objectname)%00%(upstream:track)%00%(upstream:remotename)%00%(upstream:remoteref) refs/heads/master refs/remotes/master [30ms]
2025-04-15 18:44:14.709 [info] > git status -z -uall [42ms]
2025-04-15 18:45:38.581 [info] > git log --oneline --cherry master...master@{upstream} -- [3ms]
2025-04-15 18:45:38.581 [info] fatal: no upstream configured for branch 'master'
2025-04-15 18:45:39.844 [info] > git ls-files --stage -- /var/www/html/cpa/.org.chromium.Chromium.NkuyxN [10ms]
2025-04-15 18:45:39.852 [info] > git ls-files --stage -- /var/www/html/cpa/.org.chromium.Chromium.1sNCXy [27ms]
2025-04-15 18:45:39.862 [info] > git ls-files --stage -- /var/www/html/cpa/resources/views/pages/support_team/marks/print/sheet.blade.php [46ms]
2025-04-15 18:45:39.901 [info] > git ls-files --stage -- /var/www/html/cpa/.org.chromium.Chromium.rN7fAD [11ms]
2025-04-15 18:45:39.909 [info] > git ls-files --stage -- /var/www/html/cpa/.org.chromium.Chromium.TKWVeK [28ms]
2025-04-15 18:45:39.918 [info] > git cat-file -s 5b99601aced6d72d5bbace2c1730cc067791b2a4 [47ms]
2025-04-15 18:45:39.919 [info] > git cat-file -s 3673ab5d365fc9f869aeb0afe5d0639d673c1973 [58ms]
2025-04-15 18:45:39.920 [info] > git cat-file -s e69de29bb2d1d6434b8b29ae775ad8c2e48c5391 [68ms]
2025-04-15 18:45:39.921 [info] > git pull --tags [1329ms]
2025-04-15 18:45:39.921 [info] There is no tracking information for the current branch.
Please specify which branch you want to merge with.
See git-pull(1) for details.

    git pull <remote> <branch>

If you wish to set tracking information for this branch you can do so with:

    git branch --set-upstream-to=origin/<branch> master
2025-04-15 18:45:39.923 [info] > git ls-files --stage -- /var/www/html/cpa/.org.chromium.Chromium.whg8kl [80ms]
2025-04-15 18:45:39.942 [info] > git cat-file -s df51ea46133ab6c56bc0f3daac7b9a8b269cac9e [24ms]
2025-04-15 18:45:39.943 [info] > git cat-file -s dfdfbd23d1502d942c55580822fad7d398faac12 [34ms]
2025-04-15 18:45:39.944 [info] > git ls-files --stage -- /var/www/html/cpa/.gitignore [46ms]
2025-04-15 18:45:39.987 [info] > git show --textconv :resources/views/pages/support_team/marks/print/sheet.blade.php [25ms]
2025-04-15 18:45:39.987 [info] > git show --textconv :.org.chromium.Chromium.1sNCXy [15ms]
2025-04-15 18:45:39.987 [info] > git show --textconv :.org.chromium.Chromium.NkuyxN [5ms]
2025-04-15 18:45:39.989 [info] > git cat-file -s 48b8bf9072d8716346ec810e5a1808305c97d50f [38ms]
2025-04-15 18:45:39.990 [info] > git config --get commit.template [50ms]
2025-04-15 18:45:39.990 [info] > git cat-file -s 28249974f284b3bfe889adfd179c6f7bd70c58bf [59ms]
2025-04-15 18:45:40.012 [info] > git show --textconv :.org.chromium.Chromium.TKWVeK [12ms]
2025-04-15 18:45:40.042 [info] > git show --textconv :.org.chromium.Chromium.rN7fAD [31ms]
2025-04-15 18:45:40.042 [info] > git show --textconv :.gitignore [19ms]
2025-04-15 18:45:40.042 [info] > git show --textconv :.org.chromium.Chromium.whg8kl [10ms]
2025-04-15 18:45:40.045 [info] > git for-each-ref --format=%(refname)%00%(upstream:short)%00%(objectname)%00%(upstream:track)%00%(upstream:remotename)%00%(upstream:remoteref) refs/heads/master refs/remotes/master [5ms]
2025-04-15 18:45:40.089 [info] > git status -z -uall [36ms]
2025-04-15 18:45:58.694 [info] > git ls-files --stage -- /var/www/html/cpa/.org.chromium.Chromium.NkuyxN [10ms]
2025-04-15 18:45:58.702 [info] > git ls-files --stage -- /var/www/html/cpa/.org.chromium.Chromium.1sNCXy [27ms]
2025-04-15 18:45:58.711 [info] > git ls-files --stage -- /var/www/html/cpa/resources/views/pages/support_team/marks/print/sheet.blade.php [46ms]
2025-04-15 18:45:58.749 [info] > git ls-files --stage -- /var/www/html/cpa/.org.chromium.Chromium.rN7fAD [11ms]
2025-04-15 18:45:58.758 [info] > git ls-files --stage -- /var/www/html/cpa/.org.chromium.Chromium.TKWVeK [29ms]
2025-04-15 18:45:58.766 [info] > git cat-file -s 5b99601aced6d72d5bbace2c1730cc067791b2a4 [47ms]
2025-04-15 18:45:58.767 [info] > git cat-file -s 3673ab5d365fc9f869aeb0afe5d0639d673c1973 [57ms]
2025-04-15 18:45:58.768 [info] > git cat-file -s e69de29bb2d1d6434b8b29ae775ad8c2e48c5391 [66ms]
2025-04-15 18:45:58.769 [info] > git ls-files --stage -- /var/www/html/cpa/.org.chromium.Chromium.whg8kl [76ms]
2025-04-15 18:45:58.786 [info] > git cat-file -s 28249974f284b3bfe889adfd179c6f7bd70c58bf [8ms]
2025-04-15 18:45:58.787 [info] > git cat-file -s df51ea46133ab6c56bc0f3daac7b9a8b269cac9e [22ms]
2025-04-15 18:45:58.787 [info] > git cat-file -s dfdfbd23d1502d942c55580822fad7d398faac12 [30ms]
2025-04-15 18:45:58.788 [info] > git ls-files --stage -- /var/www/html/cpa/.gitignore [42ms]
2025-04-15 18:45:58.806 [info] > git cat-file -s 48b8bf9072d8716346ec810e5a1808305c97d50f [5ms]
2025-04-15 18:45:58.897 [info] > git show --textconv :resources/views/pages/support_team/marks/print/sheet.blade.php [55ms]
2025-04-15 18:45:58.897 [info] > git show --textconv :.org.chromium.Chromium.1sNCXy [45ms]
2025-04-15 18:45:58.897 [info] > git show --textconv :.org.chromium.Chromium.NkuyxN [35ms]
2025-04-15 18:45:58.897 [info] > git show --textconv :.org.chromium.Chromium.whg8kl [27ms]
2025-04-15 18:45:58.897 [info] > git show --textconv :.org.chromium.Chromium.TKWVeK [17ms]
2025-04-15 18:45:58.898 [info] > git show --textconv :.org.chromium.Chromium.rN7fAD [9ms]
2025-04-15 18:45:58.902 [info] > git show --textconv :.gitignore [7ms]
2025-04-15 18:46:05.352 [info] > git ls-files --stage -- /var/www/html/cpa/.org.chromium.Chromium.NkuyxN [18ms]
2025-04-15 18:46:05.361 [info] > git ls-files --stage -- /var/www/html/cpa/.org.chromium.Chromium.1sNCXy [37ms]
2025-04-15 18:46:05.369 [info] > git ls-files --stage -- /var/www/html/cpa/resources/views/pages/support_team/marks/print/sheet.blade.php [54ms]
2025-04-15 18:46:05.408 [info] > git ls-files --stage -- /var/www/html/cpa/.org.chromium.Chromium.rN7fAD [12ms]
2025-04-15 18:46:05.418 [info] > git ls-files --stage -- /var/www/html/cpa/.org.chromium.Chromium.TKWVeK [32ms]
2025-04-15 18:46:05.429 [info] > git cat-file -s 5b99601aced6d72d5bbace2c1730cc067791b2a4 [52ms]
2025-04-15 18:46:05.430 [info] > git cat-file -s 3673ab5d365fc9f869aeb0afe5d0639d673c1973 [62ms]
2025-04-15 18:46:05.431 [info] > git cat-file -s e69de29bb2d1d6434b8b29ae775ad8c2e48c5391 [71ms]
2025-04-15 18:46:05.431 [info] > git ls-files --stage -- /var/www/html/cpa/.org.chromium.Chromium.whg8kl [89ms]
2025-04-15 18:46:05.444 [info] > git cat-file -s df51ea46133ab6c56bc0f3daac7b9a8b269cac9e [16ms]
2025-04-15 18:46:05.445 [info] > git cat-file -s dfdfbd23d1502d942c55580822fad7d398faac12 [28ms]
2025-04-15 18:46:05.446 [info] > git ls-files --stage -- /var/www/html/cpa/.gitignore [41ms]
2025-04-15 18:46:05.457 [info] > git cat-file -s 28249974f284b3bfe889adfd179c6f7bd70c58bf [16ms]
2025-04-15 18:46:05.459 [info] > git cat-file -s 48b8bf9072d8716346ec810e5a1808305c97d50f [3ms]
2025-04-15 18:46:05.544 [info] > git show --textconv :resources/views/pages/support_team/marks/print/sheet.blade.php [65ms]
2025-04-15 18:46:05.544 [info] > git show --textconv :.org.chromium.Chromium.1sNCXy [55ms]
2025-04-15 18:46:05.544 [info] > git show --textconv :.org.chromium.Chromium.NkuyxN [39ms]
2025-04-15 18:46:05.544 [info] > git show --textconv :.org.chromium.Chromium.TKWVeK [25ms]
2025-04-15 18:46:05.544 [info] > git show --textconv :.org.chromium.Chromium.rN7fAD [18ms]
2025-04-15 18:46:05.544 [info] > git show --textconv :.org.chromium.Chromium.whg8kl [10ms]
2025-04-15 18:46:05.551 [info] > git show --textconv :.gitignore [9ms]
2025-04-15 18:47:17.708 [info] > git log --oneline --cherry master...master@{upstream} -- [3ms]
2025-04-15 18:47:17.708 [info] fatal: no upstream configured for branch 'master'
2025-04-15 18:47:18.954 [info] > git ls-files --stage -- /var/www/html/cpa/.org.chromium.Chromium.NkuyxN [12ms]
2025-04-15 18:47:18.962 [info] > git ls-files --stage -- /var/www/html/cpa/.org.chromium.Chromium.1sNCXy [30ms]
2025-04-15 18:47:18.971 [info] > git ls-files --stage -- /var/www/html/cpa/resources/views/pages/support_team/marks/print/sheet.blade.php [49ms]
2025-04-15 18:47:18.980 [info] > git pull --tags [1260ms]
2025-04-15 18:47:18.980 [info] There is no tracking information for the current branch.
Please specify which branch you want to merge with.
See git-pull(1) for details.

    git pull <remote> <branch>

If you wish to set tracking information for this branch you can do so with:

    git branch --set-upstream-to=origin/<branch> master
2025-04-15 18:47:19.025 [info] > git ls-files --stage -- /var/www/html/cpa/.org.chromium.Chromium.rN7fAD [22ms]
2025-04-15 18:47:19.034 [info] > git ls-files --stage -- /var/www/html/cpa/.org.chromium.Chromium.TKWVeK [40ms]
2025-04-15 18:47:19.043 [info] > git cat-file -s 5b99601aced6d72d5bbace2c1730cc067791b2a4 [63ms]
2025-04-15 18:47:19.044 [info] > git cat-file -s 3673ab5d365fc9f869aeb0afe5d0639d673c1973 [74ms]
2025-04-15 18:47:19.045 [info] > git cat-file -s e69de29bb2d1d6434b8b29ae775ad8c2e48c5391 [83ms]
2025-04-15 18:47:19.046 [info] > git ls-files --stage -- /var/www/html/cpa/.org.chromium.Chromium.whg8kl [94ms]
2025-04-15 18:47:19.062 [info] > git cat-file -s df51ea46133ab6c56bc0f3daac7b9a8b269cac9e [20ms]
2025-04-15 18:47:19.064 [info] > git cat-file -s dfdfbd23d1502d942c55580822fad7d398faac12 [30ms]
2025-04-15 18:47:19.064 [info] > git config --get commit.template [41ms]
2025-04-15 18:47:19.065 [info] > git ls-files --stage -- /var/www/html/cpa/.gitignore [52ms]
2025-04-15 18:47:19.105 [info] > git show --textconv :resources/views/pages/support_team/marks/print/sheet.blade.php [22ms]
2025-04-15 18:47:19.105 [info] > git show --textconv :.org.chromium.Chromium.1sNCXy [12ms]
2025-04-15 18:47:19.107 [info] > git cat-file -s 48b8bf9072d8716346ec810e5a1808305c97d50f [33ms]
2025-04-15 18:47:19.108 [info] > git cat-file -s 28249974f284b3bfe889adfd179c6f7bd70c58bf [53ms]
2025-04-15 18:47:19.137 [info] > git show --textconv :.org.chromium.Chromium.NkuyxN [34ms]
2025-04-15 18:47:19.138 [info] > git show --textconv :.org.chromium.Chromium.TKWVeK [20ms]
2025-04-15 18:47:19.138 [info] > git show --textconv :.org.chromium.Chromium.rN7fAD [11ms]
2025-04-15 18:47:19.169 [info] > git show --textconv :.gitignore [15ms]
2025-04-15 18:47:19.170 [info] > git for-each-ref --format=%(refname)%00%(upstream:short)%00%(objectname)%00%(upstream:track)%00%(upstream:remotename)%00%(upstream:remoteref) refs/heads/master refs/remotes/master [34ms]
2025-04-15 18:47:19.183 [info] > git show --textconv :.org.chromium.Chromium.whg8kl [16ms]
2025-04-15 18:47:19.224 [info] > git status -z -uall [44ms]
2025-04-15 18:47:43.531 [info] > git ls-files --stage -- /var/www/html/cpa/.org.chromium.Chromium.1sNCXy [11ms]
2025-04-15 18:47:43.542 [info] > git ls-files --stage -- /var/www/html/cpa/resources/views/pages/support_team/marks/print/sheet.blade.php [33ms]
2025-04-15 18:47:43.607 [info] > git ls-files --stage -- /var/www/html/cpa/.org.chromium.Chromium.rN7fAD [17ms]
2025-04-15 18:47:43.620 [info] > git ls-files --stage -- /var/www/html/cpa/.org.chromium.Chromium.TKWVeK [44ms]
2025-04-15 18:47:43.632 [info] > git ls-files --stage -- /var/www/html/cpa/.org.chromium.Chromium.whg8kl [68ms]
2025-04-15 18:47:43.641 [info] > git cat-file -s 5b99601aced6d72d5bbace2c1730cc067791b2a4 [89ms]
2025-04-15 18:47:43.642 [info] > git cat-file -s 3673ab5d365fc9f869aeb0afe5d0639d673c1973 [101ms]
2025-04-15 18:47:43.643 [info] > git ls-files --stage -- /var/www/html/cpa/.org.chromium.Chromium.NkuyxN [113ms]
2025-04-15 18:47:43.655 [info] > git cat-file -s e69de29bb2d1d6434b8b29ae775ad8c2e48c5391 [3ms]
2025-04-15 18:47:43.656 [info] > git cat-file -s 28249974f284b3bfe889adfd179c6f7bd70c58bf [16ms]
2025-04-15 18:47:43.657 [info] > git cat-file -s df51ea46133ab6c56bc0f3daac7b9a8b269cac9e [26ms]
2025-04-15 18:47:43.657 [info] > git cat-file -s dfdfbd23d1502d942c55580822fad7d398faac12 [37ms]
2025-04-15 18:47:43.658 [info] > git ls-files --stage -- /var/www/html/cpa/.gitignore [54ms]
2025-04-15 18:47:43.687 [info] > git show --textconv :resources/views/pages/support_team/marks/print/sheet.blade.php [12ms]
2025-04-15 18:47:43.688 [info] > git cat-file -s 48b8bf9072d8716346ec810e5a1808305c97d50f [23ms]
2025-04-15 18:47:43.726 [info] > git show --textconv :.org.chromium.Chromium.1sNCXy [42ms]
2025-04-15 18:47:43.726 [info] > git show --textconv :.org.chromium.Chromium.NkuyxN [29ms]
2025-04-15 18:47:43.726 [info] > git show --textconv :.org.chromium.Chromium.whg8kl [19ms]
2025-04-15 18:47:43.726 [info] > git show --textconv :.org.chromium.Chromium.TKWVeK [11ms]
2025-04-15 18:47:43.740 [info] > git show --textconv :.org.chromium.Chromium.rN7fAD [15ms]
2025-04-15 18:47:43.742 [info] > git show --textconv :.gitignore [4ms]
2025-04-15 18:49:14.403 [info] > git config --local branch.master.github-pr-owner-number [2ms]
2025-04-15 18:49:14.423 [info] > git config --get commit.template [10ms]
2025-04-15 18:49:14.424 [info] > git for-each-ref --format=%(refname)%00%(upstream:short)%00%(objectname)%00%(upstream:track)%00%(upstream:remotename)%00%(upstream:remoteref) refs/heads/master refs/remotes/master [3ms]
2025-04-15 18:49:14.470 [info] > git status -z -uall [37ms]
2025-04-15 18:54:14.490 [info] > git config --local branch.master.github-pr-owner-number [2ms]
2025-04-15 18:54:14.512 [info] > git config --get commit.template [10ms]
2025-04-15 18:54:14.513 [info] > git for-each-ref --format=%(refname)%00%(upstream:short)%00%(objectname)%00%(upstream:track)%00%(upstream:remotename)%00%(upstream:remoteref) refs/heads/master refs/remotes/master [2ms]
2025-04-15 18:54:14.558 [info] > git status -z -uall [35ms]
2025-04-15 18:59:14.581 [info] > git config --local branch.master.github-pr-owner-number [3ms]
2025-04-15 18:59:14.602 [info] > git config --get commit.template [10ms]
2025-04-15 18:59:14.603 [info] > git for-each-ref --format=%(refname)%00%(upstream:short)%00%(objectname)%00%(upstream:track)%00%(upstream:remotename)%00%(upstream:remoteref) refs/heads/master refs/remotes/master [2ms]
2025-04-15 18:59:14.647 [info] > git status -z -uall [34ms]
2025-04-15 19:04:14.666 [info] > git config --local branch.master.github-pr-owner-number [2ms]
2025-04-15 19:04:14.687 [info] > git config --get commit.template [10ms]
2025-04-15 19:04:14.688 [info] > git for-each-ref --format=%(refname)%00%(upstream:short)%00%(objectname)%00%(upstream:track)%00%(upstream:remotename)%00%(upstream:remoteref) refs/heads/master refs/remotes/master [2ms]
2025-04-15 19:04:14.732 [info] > git status -z -uall [35ms]
2025-04-15 19:09:14.753 [info] > git config --local branch.master.github-pr-owner-number [2ms]
2025-04-15 19:09:14.774 [info] > git config --get commit.template [9ms]
2025-04-15 19:09:14.775 [info] > git for-each-ref --format=%(refname)%00%(upstream:short)%00%(objectname)%00%(upstream:track)%00%(upstream:remotename)%00%(upstream:remoteref) refs/heads/master refs/remotes/master [2ms]
2025-04-15 19:09:14.818 [info] > git status -z -uall [34ms]
2025-04-15 19:14:14.839 [info] > git config --local branch.master.github-pr-owner-number [2ms]
2025-04-15 19:14:14.860 [info] > git config --get commit.template [10ms]
2025-04-15 19:14:14.861 [info] > git for-each-ref --format=%(refname)%00%(upstream:short)%00%(objectname)%00%(upstream:track)%00%(upstream:remotename)%00%(upstream:remoteref) refs/heads/master refs/remotes/master [2ms]
2025-04-15 19:14:14.904 [info] > git status -z -uall [34ms]
2025-04-15 19:19:14.923 [info] > git config --local branch.master.github-pr-owner-number [2ms]
2025-04-15 19:19:14.944 [info] > git config --get commit.template [10ms]
2025-04-15 19:19:14.945 [info] > git for-each-ref --format=%(refname)%00%(upstream:short)%00%(objectname)%00%(upstream:track)%00%(upstream:remotename)%00%(upstream:remoteref) refs/heads/master refs/remotes/master [2ms]
2025-04-15 19:19:14.989 [info] > git status -z -uall [34ms]
2025-04-15 19:24:15.011 [info] > git config --local branch.master.github-pr-owner-number [2ms]
2025-04-15 19:24:15.032 [info] > git config --get commit.template [11ms]
2025-04-15 19:24:15.033 [info] > git for-each-ref --format=%(refname)%00%(upstream:short)%00%(objectname)%00%(upstream:track)%00%(upstream:remotename)%00%(upstream:remoteref) refs/heads/master refs/remotes/master [2ms]
2025-04-15 19:24:15.078 [info] > git status -z -uall [36ms]
2025-04-15 19:28:34.386 [info] > git ls-files --stage -- /var/www/html/cpa/.org.chromium.Chromium.NkuyxN [12ms]
2025-04-15 19:28:34.396 [info] > git ls-files --stage -- /var/www/html/cpa/.org.chromium.Chromium.1sNCXy [33ms]
2025-04-15 19:28:34.406 [info] > git ls-files --stage -- /var/www/html/cpa/resources/views/pages/support_team/marks/print/sheet.blade.php [53ms]
2025-04-15 19:28:34.446 [info] > git ls-files --stage -- /var/www/html/cpa/.org.chromium.Chromium.rN7fAD [12ms]
2025-04-15 19:28:34.456 [info] > git ls-files --stage -- /var/www/html/cpa/.org.chromium.Chromium.TKWVeK [31ms]
2025-04-15 19:28:34.464 [info] > git cat-file -s 5b99601aced6d72d5bbace2c1730cc067791b2a4 [50ms]
2025-04-15 19:28:34.466 [info] > git cat-file -s 3673ab5d365fc9f869aeb0afe5d0639d673c1973 [61ms]
2025-04-15 19:28:34.466 [info] > git cat-file -s e69de29bb2d1d6434b8b29ae775ad8c2e48c5391 [71ms]
2025-04-15 19:28:34.467 [info] > git ls-files --stage -- /var/www/html/cpa/.org.chromium.Chromium.whg8kl [83ms]
2025-04-15 19:28:34.479 [info] > git cat-file -s df51ea46133ab6c56bc0f3daac7b9a8b269cac9e [15ms]
2025-04-15 19:28:34.480 [info] > git cat-file -s dfdfbd23d1502d942c55580822fad7d398faac12 [24ms]
2025-04-15 19:28:34.481 [info] > git ls-files --stage -- /var/www/html/cpa/.gitignore [37ms]
2025-04-15 19:28:34.520 [info] > git show --textconv :resources/views/pages/support_team/marks/print/sheet.blade.php [19ms]
2025-04-15 19:28:34.520 [info] > git show --textconv :.org.chromium.Chromium.1sNCXy [11ms]
2025-04-15 19:28:34.522 [info] > git cat-file -s d2409c033cca473470bb04151760b5e077085ab9 [32ms]
2025-04-15 19:28:34.522 [info] > git cat-file -s 28249974f284b3bfe889adfd179c6f7bd70c58bf [46ms]
2025-04-15 19:28:34.546 [info] > git show --textconv :.org.chromium.Chromium.NkuyxN [28ms]
2025-04-15 19:28:34.546 [info] > git show --textconv :.org.chromium.Chromium.TKWVeK [13ms]
2025-04-15 19:28:34.548 [info] > git show --textconv :.org.chromium.Chromium.rN7fAD [5ms]
2025-04-15 19:28:34.595 [info] > git show --textconv :.gitignore [13ms]
2025-04-15 19:28:34.597 [info] > git show --textconv :.org.chromium.Chromium.whg8kl [4ms]
2025-04-15 19:29:15.100 [info] > git config --local branch.master.github-pr-owner-number [2ms]
2025-04-15 19:29:15.123 [info] > git config --get commit.template [13ms]
2025-04-15 19:29:15.124 [info] > git for-each-ref --format=%(refname)%00%(upstream:short)%00%(objectname)%00%(upstream:track)%00%(upstream:remotename)%00%(upstream:remoteref) refs/heads/master refs/remotes/master [3ms]
2025-04-15 19:29:15.182 [info] > git status -z -uall [47ms]
2025-04-15 19:29:23.738 [info] > git ls-files --stage -- /var/www/html/cpa/.org.chromium.Chromium.1sNCXy [13ms]
2025-04-15 19:29:23.749 [info] > git ls-files --stage -- /var/www/html/cpa/resources/views/pages/support_team/marks/print/sheet.blade.php [36ms]
2025-04-15 19:29:23.807 [info] > git ls-files --stage -- /var/www/html/cpa/.org.chromium.Chromium.rN7fAD [13ms]
2025-04-15 19:29:23.818 [info] > git ls-files --stage -- /var/www/html/cpa/.org.chromium.Chromium.TKWVeK [35ms]
2025-04-15 19:29:23.826 [info] > git ls-files --stage -- /var/www/html/cpa/.org.chromium.Chromium.whg8kl [54ms]
2025-04-15 19:29:23.839 [info] > git cat-file -s 5b99601aced6d72d5bbace2c1730cc067791b2a4 [80ms]
2025-04-15 19:29:23.843 [info] > git cat-file -s 3673ab5d365fc9f869aeb0afe5d0639d673c1973 [95ms]
2025-04-15 19:29:23.843 [info] > git ls-files --stage -- /var/www/html/cpa/.org.chromium.Chromium.NkuyxN [106ms]
2025-04-15 19:29:23.853 [info] > git cat-file -s 28249974f284b3bfe889adfd179c6f7bd70c58bf [14ms]
2025-04-15 19:29:23.854 [info] > git cat-file -s df51ea46133ab6c56bc0f3daac7b9a8b269cac9e [29ms]
2025-04-15 19:29:23.855 [info] > git cat-file -s dfdfbd23d1502d942c55580822fad7d398faac12 [37ms]
2025-04-15 19:29:23.855 [info] > git ls-files --stage -- /var/www/html/cpa/.gitignore [54ms]
2025-04-15 19:29:23.864 [info] > git cat-file -s e69de29bb2d1d6434b8b29ae775ad8c2e48c5391 [12ms]
2025-04-15 19:29:23.866 [info] > git cat-file -s e70827acc68c3929973b2239d755d8b0740f5f85 [3ms]
2025-04-15 19:29:23.998 [info] > git show --textconv :resources/views/pages/support_team/marks/print/sheet.blade.php [71ms]
2025-04-15 19:29:23.998 [info] > git show --textconv :.org.chromium.Chromium.1sNCXy [59ms]
2025-04-15 19:29:23.998 [info] > git show --textconv :.org.chromium.Chromium.whg8kl [49ms]
2025-04-15 19:29:23.999 [info] > git show --textconv :.org.chromium.Chromium.TKWVeK [38ms]
2025-04-15 19:29:23.999 [info] > git show --textconv :.org.chromium.Chromium.rN7fAD [24ms]
2025-04-15 19:29:23.999 [info] > git show --textconv :.org.chromium.Chromium.NkuyxN [13ms]
2025-04-15 19:29:24.007 [info] > git show --textconv :.gitignore [10ms]
2025-04-15 19:29:24.420 [info] > git check-ignore -v -z --stdin [9ms]
2025-04-15 19:29:26.127 [info] > git check-ignore -v -z --stdin [15ms]
2025-04-15 19:29:38.491 [info] > git check-ignore -v -z --stdin [4ms]
2025-04-15 19:29:40.992 [info] > git ls-files --stage -- /var/www/html/cpa/.org.chromium.Chromium.NkuyxN [9ms]
2025-04-15 19:29:41.000 [info] > git ls-files --stage -- /var/www/html/cpa/.org.chromium.Chromium.1sNCXy [28ms]
2025-04-15 19:29:41.007 [info] > git ls-files --stage -- /var/www/html/cpa/resources/views/pages/support_team/marks/print/sheet.blade.php [48ms]
2025-04-15 19:29:41.048 [info] > git ls-files --stage -- /var/www/html/cpa/.org.chromium.Chromium.rN7fAD [12ms]
2025-04-15 19:29:41.057 [info] > git ls-files --stage -- /var/www/html/cpa/.org.chromium.Chromium.TKWVeK [32ms]
2025-04-15 19:29:41.067 [info] > git cat-file -s 5b99601aced6d72d5bbace2c1730cc067791b2a4 [51ms]
2025-04-15 19:29:41.068 [info] > git cat-file -s 3673ab5d365fc9f869aeb0afe5d0639d673c1973 [62ms]
2025-04-15 19:29:41.069 [info] > git cat-file -s e69de29bb2d1d6434b8b29ae775ad8c2e48c5391 [70ms]
2025-04-15 19:29:41.070 [info] > git ls-files --stage -- /var/www/html/cpa/.org.chromium.Chromium.whg8kl [80ms]
2025-04-15 19:29:41.082 [info] > git cat-file -s df51ea46133ab6c56bc0f3daac7b9a8b269cac9e [15ms]
2025-04-15 19:29:41.083 [info] > git cat-file -s dfdfbd23d1502d942c55580822fad7d398faac12 [26ms]
2025-04-15 19:29:41.084 [info] > git ls-files --stage -- /var/www/html/cpa/.gitignore [38ms]
2025-04-15 19:29:41.123 [info] > git show --textconv :resources/views/pages/support_team/marks/print/sheet.blade.php [21ms]
2025-04-15 19:29:41.123 [info] > git show --textconv :.org.chromium.Chromium.1sNCXy [11ms]
2025-04-15 19:29:41.125 [info] > git cat-file -s e70827acc68c3929973b2239d755d8b0740f5f85 [33ms]
2025-04-15 19:29:41.126 [info] > git cat-file -s 28249974f284b3bfe889adfd179c6f7bd70c58bf [47ms]
2025-04-15 19:29:41.148 [info] > git show --textconv :.org.chromium.Chromium.NkuyxN [27ms]
2025-04-15 19:29:41.148 [info] > git show --textconv :.org.chromium.Chromium.TKWVeK [13ms]
2025-04-15 19:29:41.170 [info] > git show --textconv :.org.chromium.Chromium.rN7fAD [24ms]
2025-04-15 19:29:41.170 [info] > git show --textconv :.gitignore [11ms]
2025-04-15 19:29:41.172 [info] > git show --textconv :.org.chromium.Chromium.whg8kl [4ms]
2025-04-15 19:30:09.752 [info] > git ls-files --stage -- /var/www/html/cpa/.org.chromium.Chromium.NkuyxN [12ms]
2025-04-15 19:30:09.761 [info] > git ls-files --stage -- /var/www/html/cpa/.org.chromium.Chromium.1sNCXy [31ms]
2025-04-15 19:30:09.770 [info] > git ls-files --stage -- /var/www/html/cpa/resources/views/pages/support_team/marks/print/sheet.blade.php [49ms]
2025-04-15 19:30:09.808 [info] > git ls-files --stage -- /var/www/html/cpa/.org.chromium.Chromium.rN7fAD [11ms]
2025-04-15 19:30:09.817 [info] > git ls-files --stage -- /var/www/html/cpa/.org.chromium.Chromium.TKWVeK [29ms]
2025-04-15 19:30:09.825 [info] > git cat-file -s 5b99601aced6d72d5bbace2c1730cc067791b2a4 [47ms]
2025-04-15 19:30:09.826 [info] > git cat-file -s 3673ab5d365fc9f869aeb0afe5d0639d673c1973 [56ms]
2025-04-15 19:30:09.826 [info] > git cat-file -s e69de29bb2d1d6434b8b29ae775ad8c2e48c5391 [65ms]
2025-04-15 19:30:09.827 [info] > git ls-files --stage -- /var/www/html/cpa/.org.chromium.Chromium.whg8kl [78ms]
2025-04-15 19:30:09.837 [info] > git cat-file -s df51ea46133ab6c56bc0f3daac7b9a8b269cac9e [13ms]
2025-04-15 19:30:09.838 [info] > git cat-file -s dfdfbd23d1502d942c55580822fad7d398faac12 [22ms]
2025-04-15 19:30:09.839 [info] > git ls-files --stage -- /var/www/html/cpa/.gitignore [33ms]
2025-04-15 19:30:09.876 [info] > git show --textconv :resources/views/pages/support_team/marks/print/sheet.blade.php [19ms]
2025-04-15 19:30:09.877 [info] > git show --textconv :.org.chromium.Chromium.1sNCXy [11ms]
2025-04-15 19:30:09.879 [info] > git cat-file -s e70827acc68c3929973b2239d755d8b0740f5f85 [31ms]
2025-04-15 19:30:09.880 [info] > git cat-file -s 28249974f284b3bfe889adfd179c6f7bd70c58bf [45ms]
2025-04-15 19:30:09.901 [info] > git show --textconv :.org.chromium.Chromium.NkuyxN [26ms]
2025-04-15 19:30:09.902 [info] > git show --textconv :.org.chromium.Chromium.TKWVeK [11ms]
2025-04-15 19:30:09.924 [info] > git show --textconv :.org.chromium.Chromium.rN7fAD [24ms]
2025-04-15 19:30:09.924 [info] > git show --textconv :.gitignore [11ms]
2025-04-15 19:30:09.927 [info] > git show --textconv :.org.chromium.Chromium.whg8kl [6ms]
