2025-01-07 19:54:53.859 [info] Log level: Info
2025-01-07 19:54:53.859 [info] Validating found git in: "git"
2025-01-07 19:54:53.859 [info] Using git "2.34.1" from "git"
2025-01-07 19:54:53.859 [info] > git rev-parse --show-toplevel [49ms]
2025-01-07 19:54:53.859 [info] > git rev-parse --git-dir --git-common-dir [21ms]
2025-01-07 19:54:53.859 [info] Open repository: /var/www/html/cpa
2025-01-07 19:54:54.095 [info] > git config --get commit.template [239ms]
2025-01-07 19:54:54.102 [info] > git rev-parse --show-toplevel [14ms]
2025-01-07 19:54:54.167 [info] > git for-each-ref --format=%(refname)%00%(upstream:short)%00%(objectname)%00%(upstream:track)%00%(upstream:remotename)%00%(upstream:remoteref) refs/heads/avara refs/remotes/avara [26ms]
2025-01-07 19:54:55.122 [info] > git rev-parse --show-toplevel [57ms]
2025-01-07 19:54:55.132 [info] > git check-ignore -v -z --stdin [102ms]
2025-01-07 19:54:55.321 [info] > git status -z -uall [1141ms] (cancelled)
2025-01-07 19:54:55.412 [info] > git rev-parse --show-toplevel [73ms]
2025-01-07 19:54:55.464 [info] > git rev-parse --show-toplevel [4ms]
2025-01-07 19:54:55.482 [info] > git rev-parse --show-toplevel [3ms]
2025-01-07 19:54:55.516 [info] > git rev-parse --show-toplevel [2ms]
2025-01-07 19:54:55.530 [info] > git rev-parse --show-toplevel [2ms]
2025-01-07 19:54:55.545 [info] > git rev-parse --show-toplevel [3ms]
2025-01-07 19:54:55.569 [info] > git rev-parse --show-toplevel [11ms]
2025-01-07 19:54:55.588 [info] > git rev-parse --show-toplevel [3ms]
2025-01-07 19:54:55.607 [info] > git rev-parse --show-toplevel [2ms]
2025-01-07 19:54:55.623 [info] > git rev-parse --show-toplevel [2ms]
2025-01-07 19:54:55.639 [info] > git rev-parse --show-toplevel [2ms]
2025-01-07 19:54:55.655 [info] > git rev-parse --show-toplevel [2ms]
2025-01-07 19:54:55.670 [info] > git rev-parse --show-toplevel [2ms]
2025-01-07 19:54:55.684 [info] > git rev-parse --show-toplevel [2ms]
2025-01-07 19:54:55.703 [info] > git rev-parse --show-toplevel [9ms]
2025-01-07 19:54:55.717 [info] > git rev-parse --show-toplevel [3ms]
2025-01-07 19:54:55.731 [info] > git rev-parse --show-toplevel [2ms]
2025-01-07 19:54:55.744 [info] > git rev-parse --show-toplevel [3ms]
2025-01-07 19:54:55.757 [info] > git rev-parse --show-toplevel [2ms]
2025-01-07 19:54:55.769 [info] > git rev-parse --show-toplevel [2ms]
2025-01-07 19:54:55.781 [info] > git rev-parse --show-toplevel [2ms]
2025-01-07 19:54:55.794 [info] > git rev-parse --show-toplevel [2ms]
2025-01-07 19:54:55.807 [info] > git rev-parse --show-toplevel [2ms]
2025-01-07 19:54:55.823 [info] > git rev-parse --show-toplevel [1ms]
2025-01-07 19:54:55.837 [info] > git rev-parse --show-toplevel [2ms]
2025-01-07 19:54:55.850 [info] > git rev-parse --show-toplevel [2ms]
2025-01-07 19:54:55.865 [info] > git rev-parse --show-toplevel [3ms]
2025-01-07 19:54:55.894 [info] > git show --textconv :resources/views/pages/support_team/marks/print/sheet.blade.php [15ms]
2025-01-07 19:54:55.902 [info] > git ls-files --stage -- /var/www/html/cpa/resources/views/pages/support_team/marks/print/sheet.blade.php [10ms]
2025-01-07 19:54:55.915 [info] > git cat-file -s 12866a5e51d69b7a60216a65fafd33ee8a512413 [2ms]
2025-01-07 19:56:04.990 [info] > git show --textconv :resources/views/pages/support_team/marks/show/sheet.blade.php [15ms]
2025-01-07 19:56:05.004 [info] > git ls-files --stage -- /var/www/html/cpa/resources/views/pages/support_team/marks/show/sheet.blade.php [14ms]
2025-01-07 19:56:05.017 [info] > git cat-file -s e51fed2f96e5a44aff3998373da6f2c3b3cce708 [3ms]
2025-01-07 19:57:07.389 [info] > git show --textconv :resources/views/pages/support_team/marks/print/sheet.blade.phpmù [14ms]
2025-01-07 19:57:07.397 [info] > git ls-files --stage -- /var/www/html/cpa/resources/views/pages/support_team/marks/print/sheet.blade.phpmù [9ms]
2025-01-07 19:57:07.546 [info] > git check-ignore -v -z --stdin [15ms]
2025-01-07 19:57:40.193 [info] > git show --textconv :resources/views/pages/support_team/marks/print/sheet.blade.php [11ms]
2025-01-07 19:57:40.202 [info] > git ls-files --stage -- /var/www/html/cpa/resources/views/pages/support_team/marks/print/sheet.blade.php [10ms]
2025-01-07 19:57:40.214 [info] > git cat-file -s 12866a5e51d69b7a60216a65fafd33ee8a512413 [2ms]
2025-01-07 19:58:07.815 [info] > git show --textconv :resources/views/pages/support_team/marks/print/index.blade.php [17ms]
2025-01-07 19:58:07.819 [info] > git ls-files --stage -- /var/www/html/cpa/resources/views/pages/support_team/marks/print/index.blade.php [9ms]
2025-01-07 19:58:07.830 [info] > git cat-file -s 5f51e401b52fbe464d4f4b3bb3e35f1ea6d8d906 [2ms]
2025-01-07 19:58:15.142 [info] > git show --textconv :resources/views/pages/support_team/marks/print/skills.blade.php [11ms]
2025-01-07 19:58:15.151 [info] > git ls-files --stage -- /var/www/html/cpa/resources/views/pages/support_team/marks/print/skills.blade.php [11ms]
2025-01-07 19:58:15.164 [info] > git cat-file -s 1137eb15c0c15f117d112f0252c68df80b06e010 [2ms]
2025-01-07 20:02:45.781 [info] > git show --textconv :resources/views/pages/support_team/marks/print/sheet.blade copy.php [12ms]
2025-01-07 20:02:45.789 [info] > git ls-files --stage -- /var/www/html/cpa/resources/views/pages/support_team/marks/print/sheet.blade copy.php [9ms]
2025-01-07 20:02:45.804 [info] > git cat-file -s a9ae69345f1e58d2cfc470c840e0ab6674c504b2 [2ms]
2025-01-07 20:04:21.796 [info] > git show --textconv :resources/views/pages/support_team/marks/print/sheet.blade copy211223.php [13ms]
2025-01-07 20:04:21.805 [info] > git ls-files --stage -- /var/www/html/cpa/resources/views/pages/support_team/marks/print/sheet.blade copy211223.php [10ms]
2025-01-07 20:04:23.102 [info] > git show --textconv :app/Models/Mark.php [12ms]
2025-01-07 20:04:23.110 [info] > git ls-files --stage -- /var/www/html/cpa/app/Models/Mark.php [9ms]
2025-01-07 20:04:23.122 [info] > git cat-file -s 9979fac39c89e463f1aebe85b87d4c9876d36db6 [3ms]
2025-01-07 20:04:23.604 [info] > git check-ignore -v -z --stdin [61ms]
2025-01-07 20:04:28.475 [info] > git check-ignore -v -z --stdin [52ms]
2025-01-07 20:04:29.631 [info] > git check-ignore -v -z --stdin [15ms]
2025-01-07 20:04:30.790 [info] > git check-ignore -v -z --stdin [34ms]
2025-01-07 20:09:12.750 [info] > git show --textconv :resources/views/pages/support_team/marks/show/sheet.blade copy.php [16ms]
2025-01-07 20:09:12.763 [info] > git ls-files --stage -- /var/www/html/cpa/resources/views/pages/support_team/marks/show/sheet.blade copy.php [13ms]
2025-01-07 20:09:12.793 [info] > git cat-file -s e9a06af57cb09aae68f637a581db85570f2b2e60 [3ms]
2025-01-07 20:10:55.979 [info] > git check-ignore -v -z --stdin [13ms]
2025-01-07 20:13:40.712 [info] > git check-ignore -v -z --stdin [19ms]
2025-01-07 20:15:09.387 [info] > git show --textconv :resources/views/pages/support_team/marks/print/sheet.blade.phpjk [13ms]
2025-01-07 20:15:09.395 [info] > git ls-files --stage -- /var/www/html/cpa/resources/views/pages/support_team/marks/print/sheet.blade.phpjk [9ms]
2025-01-07 20:15:09.597 [info] > git check-ignore -v -z --stdin [15ms]
2025-01-07 20:15:21.214 [info] > git check-ignore -v -z --stdin [20ms]
2025-01-07 20:15:23.374 [info] > git show --textconv :resources/views/pages/support_team/marks/print/comments.blade.php [12ms]
2025-01-07 20:15:23.383 [info] > git ls-files --stage -- /var/www/html/cpa/resources/views/pages/support_team/marks/print/comments.blade.php [9ms]
2025-01-07 20:15:23.395 [info] > git cat-file -s 577cf5c405ae62e254567ae588bd8fac42e7e305 [3ms]
