2025-01-07 19:47:33.568 [info] Log level: Info
2025-01-07 19:47:33.568 [info] Validating found git in: "git"
2025-01-07 19:47:33.568 [info] Using git "2.34.1" from "git"
2025-01-07 19:47:33.568 [info] > git rev-parse --show-toplevel [266ms]
2025-01-07 19:47:33.568 [info] > git rev-parse --git-dir --git-common-dir [9ms]
2025-01-07 19:47:33.568 [info] Open repository: /var/www/html/cpa
2025-01-07 19:47:33.600 [info] > git config --get commit.template [20ms]
2025-01-07 19:47:34.211 [info] > git rev-parse --show-toplevel [614ms]
2025-01-07 19:47:34.286 [info] > git for-each-ref --format=%(refname)%00%(upstream:short)%00%(objectname)%00%(upstream:track)%00%(upstream:remotename)%00%(upstream:remoteref) refs/heads/avara refs/remotes/avara [40ms]
2025-01-07 19:47:34.852 [info] > git rev-parse --show-toplevel [99ms]
2025-01-07 19:47:35.018 [info] > git status -z -uall [721ms] (cancelled)
2025-01-07 19:47:35.018 [info] > git check-ignore -v -z --stdin [215ms]
2025-01-07 19:47:35.120 [info] > git rev-parse --show-toplevel [108ms]
2025-01-07 19:47:35.151 [info] > git rev-parse --show-toplevel [7ms]
2025-01-07 19:47:35.272 [info] > git rev-parse --show-toplevel [3ms]
2025-01-07 19:47:35.291 [info] > git rev-parse --show-toplevel [6ms]
2025-01-07 19:47:35.328 [info] > git rev-parse --show-toplevel [2ms]
2025-01-07 19:47:35.343 [info] > git rev-parse --show-toplevel [3ms]
2025-01-07 19:47:35.360 [info] > git rev-parse --show-toplevel [3ms]
2025-01-07 19:47:35.375 [info] > git rev-parse --show-toplevel [2ms]
2025-01-07 19:47:35.391 [info] > git rev-parse --show-toplevel [1ms]
2025-01-07 19:47:35.405 [info] > git rev-parse --show-toplevel [2ms]
2025-01-07 19:47:35.422 [info] > git rev-parse --show-toplevel [3ms]
2025-01-07 19:47:35.434 [info] > git rev-parse --show-toplevel [1ms]
2025-01-07 19:47:35.445 [info] > git rev-parse --show-toplevel [1ms]
2025-01-07 19:47:35.458 [info] > git rev-parse --show-toplevel [1ms]
2025-01-07 19:47:35.469 [info] > git rev-parse --show-toplevel [1ms]
2025-01-07 19:47:35.486 [info] > git rev-parse --show-toplevel [4ms]
2025-01-07 19:47:35.501 [info] > git rev-parse --show-toplevel [2ms]
2025-01-07 19:47:35.515 [info] > git rev-parse --show-toplevel [2ms]
2025-01-07 19:47:35.529 [info] > git rev-parse --show-toplevel [1ms]
2025-01-07 19:47:35.560 [info] > git rev-parse --show-toplevel [5ms]
2025-01-07 19:47:35.573 [info] > git rev-parse --show-toplevel [2ms]
2025-01-07 19:47:35.586 [info] > git rev-parse --show-toplevel [2ms]
2025-01-07 19:47:35.600 [info] > git rev-parse --show-toplevel [2ms]
2025-01-07 19:47:35.613 [info] > git rev-parse --show-toplevel [1ms]
2025-01-07 19:47:35.625 [info] > git rev-parse --show-toplevel [2ms]
2025-01-07 19:47:35.636 [info] > git rev-parse --show-toplevel [2ms]
2025-01-07 19:47:35.648 [info] > git rev-parse --show-toplevel [1ms]
2025-01-07 19:47:35.672 [info] > git show --textconv :resources/views/pages/support_team/marks/print/sheet.blade.php [12ms]
2025-01-07 19:47:35.679 [info] > git ls-files --stage -- /var/www/html/cpa/resources/views/pages/support_team/marks/print/sheet.blade.php [9ms]
2025-01-07 19:47:35.696 [info] > git cat-file -s 12866a5e51d69b7a60216a65fafd33ee8a512413 [6ms]
2025-01-07 19:53:56.471 [info] > git ls-files --stage -- /var/www/html/cpa/resources/views/pages/support_team/marks/print/skills.blade.php [10ms]
2025-01-07 19:53:56.481 [info] > git show --textconv :resources/views/pages/support_team/marks/print/skills.blade.php [31ms]
2025-01-07 19:53:56.485 [info] > git cat-file -s 1137eb15c0c15f117d112f0252c68df80b06e010 [4ms]
2025-01-07 19:54:12.509 [info] > git show --textconv :resources/views/pages/support_team/marks/show/sheet.blade.php [12ms]
2025-01-07 19:54:12.519 [info] > git ls-files --stage -- /var/www/html/cpa/resources/views/pages/support_team/marks/show/sheet.blade.php [11ms]
2025-01-07 19:54:12.533 [info] > git cat-file -s e51fed2f96e5a44aff3998373da6f2c3b3cce708 [2ms]
