2025-01-07 19:47:30.615 [info] Extension host with pid 7808 started
2025-01-07 19:47:30.615 [info] Skipping acquiring lock for /var/www/html/cpa/User/workspaceStorage/36dc8be9c84159de429994b94ed188a6.
2025-01-07 19:47:30.913 [info] ExtensionService#_doActivateExtension onecentlin.laravel-blade, startup: false, activationEvent: 'onLanguage:blade'
2025-01-07 19:47:30.947 [info] ExtensionService#_doActivateExtension shufo.vscode-blade-formatter, startup: false, activationEvent: 'onLanguage:blade'
2025-01-07 19:47:31.589 [info] ExtensionService#_doActivateExtension vscode.emmet, startup: false, activationEvent: 'onLanguage'
2025-01-07 19:47:32.443 [info] ExtensionService#_doActivateExtension vscode.git-base, startup: true, activationEvent: '*', root cause: vscode.git
2025-01-07 19:47:32.446 [info] ExtensionService#_doActivateExtension christian-kohler.path-intellisense, startup: true, activationEvent: '*'
2025-01-07 19:47:32.476 [info] ExtensionService#_doActivateExtension Zignd.html-css-class-completion, startup: true, activationEvent: '*'
2025-01-07 19:47:32.607 [info] ExtensionService#_doActivateExtension vscode.npm, startup: true, activationEvent: 'workspaceContains:package.json'
2025-01-07 19:47:32.735 [info] ExtensionService#_doActivateExtension vscode.git, startup: true, activationEvent: '*'
2025-01-07 19:47:32.774 [info] ExtensionService#_doActivateExtension vscode.github, startup: true, activationEvent: '*'
2025-01-07 19:47:32.929 [info] ExtensionService#_doActivateExtension zobo.php-intellisense, startup: true, activationEvent: 'workspaceContains:**/*.php'
2025-01-07 19:47:33.091 [info] ExtensionService#_doActivateExtension pranaygp.vscode-css-peek, startup: true, activationEvent: 'workspaceContains:**/*.css,**/*.scss,**/*.sass,**/*.less'
2025-01-07 19:47:34.307 [info] ExtensionService#_doActivateExtension vscode.github-authentication, startup: false, activationEvent: 'onAuthenticationRequest:github'
2025-01-07 19:47:35.070 [info] Eager extensions activated
2025-01-07 19:47:35.082 [info] ExtensionService#_doActivateExtension vscode.microsoft-authentication, startup: false, activationEvent: 'onAuthenticationRequest:microsoft'
2025-01-07 19:47:35.152 [info] ExtensionService#_doActivateExtension vscode.debug-auto-launch, startup: false, activationEvent: 'onStartupFinished'
2025-01-07 19:47:35.155 [info] ExtensionService#_doActivateExtension vscode.merge-conflict, startup: false, activationEvent: 'onStartupFinished'
2025-01-07 19:47:35.164 [info] ExtensionService#_doActivateExtension ionutvmi.path-autocomplete, startup: false, activationEvent: 'onStartupFinished'
2025-01-07 19:47:35.178 [info] ExtensionService#_doActivateExtension PKief.material-icon-theme, startup: false, activationEvent: 'onStartupFinished'
2025-01-07 19:54:44.126 [info] Extension host terminating: renderer closed the MessagePort
2025-01-07 19:54:44.171 [error] Canceled: Canceled
    at new h (/usr/share/code/resources/app/out/vs/workbench/api/node/extensionHostProcess.js:102:56634)
    at t.O (/usr/share/code/resources/app/out/vs/workbench/api/node/extensionHostProcess.js:114:8020)
    at Proxy.N.<computed>.T.charCodeAt.N.<computed> (/usr/share/code/resources/app/out/vs/workbench/api/node/extensionHostProcess.js:114:5459)
    at a.g (/usr/share/code/resources/app/out/vs/workbench/api/node/extensionHostProcess.js:102:77241)
    at a.executeCommand (/usr/share/code/resources/app/out/vs/workbench/api/node/extensionHostProcess.js:102:76679)
    at v.registerCommand.description (/usr/share/code/resources/app/out/vs/workbench/api/node/extensionHostProcess.js:102:76000)
    at a.h (/usr/share/code/resources/app/out/vs/workbench/api/node/extensionHostProcess.js:102:77777)
    at a.g (/usr/share/code/resources/app/out/vs/workbench/api/node/extensionHostProcess.js:102:76772)
    at a.executeCommand (/usr/share/code/resources/app/out/vs/workbench/api/node/extensionHostProcess.js:102:76679)
    at Object.executeCommand (/usr/share/code/resources/app/out/vs/workbench/api/node/extensionHostProcess.js:120:20977)
    at r.D [as value] (/usr/share/code/resources/app/extensions/git/dist/main.js:2:1261690)
    at f.w (/usr/share/code/resources/app/out/vs/workbench/api/node/extensionHostProcess.js:63:1902)
    at f.x (/usr/share/code/resources/app/out/vs/workbench/api/node/extensionHostProcess.js:63:1972)
    at fire (/usr/share/code/resources/app/out/vs/workbench/api/node/extensionHostProcess.js:63:2188)
    at Object.m [as dispose] (/usr/share/code/resources/app/extensions/git/dist/main.js:2:1277293)
    at /usr/share/code/resources/app/extensions/git/dist/main.js:2:1282023
    at Array.forEach (<anonymous>)
    at g.dispose (/usr/share/code/resources/app/extensions/git/dist/main.js:2:1282009)
    at p.<anonymous> (/usr/share/code/resources/app/out/vs/workbench/api/node/extensionHostProcess.js:98:3381)
    at p.dispose (/usr/share/code/resources/app/out/vs/workbench/api/node/extensionHostProcess.js:98:3478)
    at p.<anonymous> (/usr/share/code/resources/app/extensions/git/dist/main.js:2:1263703)
    at p.dispose (/usr/share/code/resources/app/out/vs/workbench/api/node/extensionHostProcess.js:98:3478)
    at S (/usr/share/code/resources/app/out/vs/workbench/api/node/extensionHostProcess.js:13:11731)
    at r.Z (/usr/share/code/resources/app/out/vs/workbench/api/node/extensionHostProcess.js:116:9686)
    at /usr/share/code/resources/app/out/vs/workbench/api/node/extensionHostProcess.js:116:7582
    at Array.map (<anonymous>)
    at r.S (/usr/share/code/resources/app/out/vs/workbench/api/node/extensionHostProcess.js:116:7570)
    at r.terminate (/usr/share/code/resources/app/out/vs/workbench/api/node/extensionHostProcess.js:116:7842)
    at s.terminate (/usr/share/code/resources/app/out/vs/workbench/api/node/extensionHostProcess.js:120:1506)
    at C (/usr/share/code/resources/app/out/vs/workbench/api/node/extensionHostProcess.js:130:32254)
    at MessagePortMain.<anonymous> (/usr/share/code/resources/app/out/vs/workbench/api/node/extensionHostProcess.js:130:28679)
    at MessagePortMain.emit (node:events:513:28)
    at Object.MessagePortMain._internalPort.emit (node:electron/js2c/utility_init:2:367) setContext undefined
2025-01-07 19:54:44.180 [error] Canceled: Canceled
    at new h (/usr/share/code/resources/app/out/vs/workbench/api/node/extensionHostProcess.js:102:56634)
    at t.O (/usr/share/code/resources/app/out/vs/workbench/api/node/extensionHostProcess.js:114:8020)
    at Proxy.N.<computed>.T.charCodeAt.N.<computed> (/usr/share/code/resources/app/out/vs/workbench/api/node/extensionHostProcess.js:114:5459)
    at a.g (/usr/share/code/resources/app/out/vs/workbench/api/node/extensionHostProcess.js:102:77241)
    at a.executeCommand (/usr/share/code/resources/app/out/vs/workbench/api/node/extensionHostProcess.js:102:76679)
    at v.registerCommand.description (/usr/share/code/resources/app/out/vs/workbench/api/node/extensionHostProcess.js:102:76000)
    at a.h (/usr/share/code/resources/app/out/vs/workbench/api/node/extensionHostProcess.js:102:77777)
    at a.g (/usr/share/code/resources/app/out/vs/workbench/api/node/extensionHostProcess.js:102:76772)
    at a.executeCommand (/usr/share/code/resources/app/out/vs/workbench/api/node/extensionHostProcess.js:102:76679)
    at Object.executeCommand (/usr/share/code/resources/app/out/vs/workbench/api/node/extensionHostProcess.js:120:20977)
    at t.$Ne.set b [as b] (/usr/share/code/resources/app/extensions/github/dist/extension.js:2:676183)
    at /usr/share/code/resources/app/extensions/github/dist/extension.js:2:676827
    at r.value (/usr/share/code/resources/app/extensions/git/dist/main.js:2:1349176)
    at f.w (/usr/share/code/resources/app/out/vs/workbench/api/node/extensionHostProcess.js:63:1902)
    at f.x (/usr/share/code/resources/app/out/vs/workbench/api/node/extensionHostProcess.js:63:1972)
    at fire (/usr/share/code/resources/app/out/vs/workbench/api/node/extensionHostProcess.js:63:2188)
    at Object.m [as dispose] (/usr/share/code/resources/app/extensions/git/dist/main.js:2:1277293)
    at /usr/share/code/resources/app/extensions/git/dist/main.js:2:1282023
    at Array.forEach (<anonymous>)
    at g.dispose (/usr/share/code/resources/app/extensions/git/dist/main.js:2:1282009)
    at p.<anonymous> (/usr/share/code/resources/app/out/vs/workbench/api/node/extensionHostProcess.js:98:3381)
    at p.dispose (/usr/share/code/resources/app/out/vs/workbench/api/node/extensionHostProcess.js:98:3478)
    at p.<anonymous> (/usr/share/code/resources/app/extensions/git/dist/main.js:2:1263703)
    at p.dispose (/usr/share/code/resources/app/out/vs/workbench/api/node/extensionHostProcess.js:98:3478)
    at S (/usr/share/code/resources/app/out/vs/workbench/api/node/extensionHostProcess.js:13:11731)
    at r.Z (/usr/share/code/resources/app/out/vs/workbench/api/node/extensionHostProcess.js:116:9686)
    at /usr/share/code/resources/app/out/vs/workbench/api/node/extensionHostProcess.js:116:7582
    at Array.map (<anonymous>)
    at r.S (/usr/share/code/resources/app/out/vs/workbench/api/node/extensionHostProcess.js:116:7570)
    at r.terminate (/usr/share/code/resources/app/out/vs/workbench/api/node/extensionHostProcess.js:116:7842)
    at s.terminate (/usr/share/code/resources/app/out/vs/workbench/api/node/extensionHostProcess.js:120:1506)
    at C (/usr/share/code/resources/app/out/vs/workbench/api/node/extensionHostProcess.js:130:32254)
    at MessagePortMain.<anonymous> (/usr/share/code/resources/app/out/vs/workbench/api/node/extensionHostProcess.js:130:28679)
    at MessagePortMain.emit (node:events:513:28)
    at Object.MessagePortMain._internalPort.emit (node:electron/js2c/utility_init:2:367) setContext undefined
2025-01-07 19:54:44.236 [info] Extension host with pid 7808 exiting with code 0
