2025-01-07 22:28:43.474 [info] Extension host with pid 2966 started
2025-01-07 22:28:43.474 [info] Skipping acquiring lock for /var/www/html/cpa/User/workspaceStorage/36dc8be9c84159de429994b94ed188a6.
2025-01-07 22:28:43.571 [info] ExtensionService#_doActivateExtension vscode.emmet, startup: false, activationEvent: 'onLanguage'
2025-01-07 22:28:43.608 [info] ExtensionService#_doActivateExtension vscode.php-language-features, startup: false, activationEvent: 'onLanguage:php'
2025-01-07 22:28:43.637 [info] ExtensionService#_doActivateExtension bmewburn.vscode-intelephense-client, startup: false, activationEvent: 'onLanguage:php'
2025-01-07 22:28:43.698 [info] ExtensionService#_doActivateExtension MehediDracula.php-namespace-resolver, startup: false, activationEvent: 'onLanguage:php'
2025-01-07 22:28:43.774 [info] ExtensionService#_doActivateExtension zobo.php-intellisense, startup: false, activationEvent: 'onLanguage:php'
2025-01-07 22:28:44.650 [info] ExtensionService#_doActivateExtension vscode.git-base, startup: true, activationEvent: '*', root cause: vscode.git
2025-01-07 22:28:44.666 [info] ExtensionService#_doActivateExtension christian-kohler.path-intellisense, startup: true, activationEvent: '*'
2025-01-07 22:28:44.988 [info] ExtensionService#_doActivateExtension Zignd.html-css-class-completion, startup: true, activationEvent: '*'
2025-01-07 22:28:45.126 [info] ExtensionService#_doActivateExtension vscode.npm, startup: true, activationEvent: 'workspaceContains:package.json'
2025-01-07 22:28:45.994 [info] ExtensionService#_doActivateExtension vscode.git, startup: true, activationEvent: '*'
2025-01-07 22:28:46.149 [info] ExtensionService#_doActivateExtension vscode.github, startup: true, activationEvent: '*'
2025-01-07 22:28:46.293 [info] ExtensionService#_doActivateExtension onecentlin.laravel-blade, startup: false, activationEvent: 'onLanguage:blade'
2025-01-07 22:28:46.439 [info] ExtensionService#_doActivateExtension shufo.vscode-blade-formatter, startup: false, activationEvent: 'onLanguage:blade'
2025-01-07 22:28:53.981 [info] ExtensionService#_doActivateExtension pranaygp.vscode-css-peek, startup: true, activationEvent: 'workspaceContains:**/*.css,**/*.scss,**/*.sass,**/*.less'
2025-01-07 22:28:54.461 [info] ExtensionService#_doActivateExtension vscode.github-authentication, startup: false, activationEvent: 'onAuthenticationRequest:github'
2025-01-07 22:28:55.324 [info] ExtensionService#_doActivateExtension vscode.debug-auto-launch, startup: false, activationEvent: 'onStartupFinished'
2025-01-07 22:28:55.345 [info] ExtensionService#_doActivateExtension vscode.merge-conflict, startup: false, activationEvent: 'onStartupFinished'
2025-01-07 22:28:55.398 [info] ExtensionService#_doActivateExtension ionutvmi.path-autocomplete, startup: false, activationEvent: 'onStartupFinished'
2025-01-07 22:28:55.539 [info] ExtensionService#_doActivateExtension PKief.material-icon-theme, startup: false, activationEvent: 'onStartupFinished'
2025-01-07 22:28:55.760 [warning] DiagnosticCollection with name 'css-peek' does already exist.
2025-01-07 22:28:56.023 [info] ExtensionService#_doActivateExtension vscode.microsoft-authentication, startup: false, activationEvent: 'onAuthenticationRequest:microsoft'
2025-01-07 22:28:57.464 [info] Eager extensions activated
2025-01-07 19:47:22.020 [info] Extension host terminating: renderer closed the MessagePort
2025-01-07 19:47:22.047 [error] An error occurred when deactivating the subscriptions for extension 'bmewburn.vscode-intelephense-client':
2025-01-07 19:47:22.049 [error] TypeError: Cannot read private member #e from an object whose class did not declare it
    at Object.dispose (/usr/share/code/resources/app/out/vs/workbench/api/node/extensionHostProcess.js:98:3454)
    at S (/usr/share/code/resources/app/out/vs/workbench/api/node/extensionHostProcess.js:13:11731)
    at r.Z (/usr/share/code/resources/app/out/vs/workbench/api/node/extensionHostProcess.js:116:9686)
    at /usr/share/code/resources/app/out/vs/workbench/api/node/extensionHostProcess.js:116:7582
    at Array.map (<anonymous>)
    at r.S (/usr/share/code/resources/app/out/vs/workbench/api/node/extensionHostProcess.js:116:7570)
    at r.terminate (/usr/share/code/resources/app/out/vs/workbench/api/node/extensionHostProcess.js:116:7842)
    at s.terminate (/usr/share/code/resources/app/out/vs/workbench/api/node/extensionHostProcess.js:120:1506)
    at C (/usr/share/code/resources/app/out/vs/workbench/api/node/extensionHostProcess.js:130:32254)
    at MessagePortMain.<anonymous> (/usr/share/code/resources/app/out/vs/workbench/api/node/extensionHostProcess.js:130:28679)
    at MessagePortMain.emit (node:events:513:28)
    at Object.MessagePortMain._internalPort.emit (node:electron/js2c/utility_init:2:367)
2025-01-07 19:47:22.049 [error] An error occurred when deactivating the subscriptions for extension 'MehediDracula.php-namespace-resolver':
2025-01-07 19:47:22.050 [error] TypeError: d.dispose is not a function
    at S (/usr/share/code/resources/app/out/vs/workbench/api/node/extensionHostProcess.js:13:11731)
    at r.Z (/usr/share/code/resources/app/out/vs/workbench/api/node/extensionHostProcess.js:116:9686)
    at /usr/share/code/resources/app/out/vs/workbench/api/node/extensionHostProcess.js:116:7582
    at Array.map (<anonymous>)
    at r.S (/usr/share/code/resources/app/out/vs/workbench/api/node/extensionHostProcess.js:116:7570)
    at r.terminate (/usr/share/code/resources/app/out/vs/workbench/api/node/extensionHostProcess.js:116:7842)
    at s.terminate (/usr/share/code/resources/app/out/vs/workbench/api/node/extensionHostProcess.js:120:1506)
    at C (/usr/share/code/resources/app/out/vs/workbench/api/node/extensionHostProcess.js:130:32254)
    at MessagePortMain.<anonymous> (/usr/share/code/resources/app/out/vs/workbench/api/node/extensionHostProcess.js:130:28679)
    at MessagePortMain.emit (node:events:513:28)
    at Object.MessagePortMain._internalPort.emit (node:electron/js2c/utility_init:2:367)
2025-01-07 19:47:22.063 [error] Canceled: Canceled
    at new h (/usr/share/code/resources/app/out/vs/workbench/api/node/extensionHostProcess.js:102:56634)
    at t.O (/usr/share/code/resources/app/out/vs/workbench/api/node/extensionHostProcess.js:114:8020)
    at Proxy.N.<computed>.T.charCodeAt.N.<computed> (/usr/share/code/resources/app/out/vs/workbench/api/node/extensionHostProcess.js:114:5459)
    at a.g (/usr/share/code/resources/app/out/vs/workbench/api/node/extensionHostProcess.js:102:77241)
    at a.executeCommand (/usr/share/code/resources/app/out/vs/workbench/api/node/extensionHostProcess.js:102:76679)
    at v.registerCommand.description (/usr/share/code/resources/app/out/vs/workbench/api/node/extensionHostProcess.js:102:76000)
    at a.h (/usr/share/code/resources/app/out/vs/workbench/api/node/extensionHostProcess.js:102:77777)
    at a.g (/usr/share/code/resources/app/out/vs/workbench/api/node/extensionHostProcess.js:102:76772)
    at a.executeCommand (/usr/share/code/resources/app/out/vs/workbench/api/node/extensionHostProcess.js:102:76679)
    at Object.executeCommand (/usr/share/code/resources/app/out/vs/workbench/api/node/extensionHostProcess.js:120:20977)
    at r.D [as value] (/usr/share/code/resources/app/extensions/git/dist/main.js:2:1261690)
    at f.w (/usr/share/code/resources/app/out/vs/workbench/api/node/extensionHostProcess.js:63:1902)
    at f.x (/usr/share/code/resources/app/out/vs/workbench/api/node/extensionHostProcess.js:63:1972)
    at fire (/usr/share/code/resources/app/out/vs/workbench/api/node/extensionHostProcess.js:63:2188)
    at Object.m [as dispose] (/usr/share/code/resources/app/extensions/git/dist/main.js:2:1277293)
    at /usr/share/code/resources/app/extensions/git/dist/main.js:2:1282023
    at Array.forEach (<anonymous>)
    at g.dispose (/usr/share/code/resources/app/extensions/git/dist/main.js:2:1282009)
    at p.<anonymous> (/usr/share/code/resources/app/out/vs/workbench/api/node/extensionHostProcess.js:98:3381)
    at p.dispose (/usr/share/code/resources/app/out/vs/workbench/api/node/extensionHostProcess.js:98:3478)
    at p.<anonymous> (/usr/share/code/resources/app/extensions/git/dist/main.js:2:1263703)
    at p.dispose (/usr/share/code/resources/app/out/vs/workbench/api/node/extensionHostProcess.js:98:3478)
    at S (/usr/share/code/resources/app/out/vs/workbench/api/node/extensionHostProcess.js:13:11731)
    at r.Z (/usr/share/code/resources/app/out/vs/workbench/api/node/extensionHostProcess.js:116:9686)
    at /usr/share/code/resources/app/out/vs/workbench/api/node/extensionHostProcess.js:116:7582
    at Array.map (<anonymous>)
    at r.S (/usr/share/code/resources/app/out/vs/workbench/api/node/extensionHostProcess.js:116:7570)
    at r.terminate (/usr/share/code/resources/app/out/vs/workbench/api/node/extensionHostProcess.js:116:7842)
    at s.terminate (/usr/share/code/resources/app/out/vs/workbench/api/node/extensionHostProcess.js:120:1506)
    at C (/usr/share/code/resources/app/out/vs/workbench/api/node/extensionHostProcess.js:130:32254)
    at MessagePortMain.<anonymous> (/usr/share/code/resources/app/out/vs/workbench/api/node/extensionHostProcess.js:130:28679)
    at MessagePortMain.emit (node:events:513:28)
    at Object.MessagePortMain._internalPort.emit (node:electron/js2c/utility_init:2:367) setContext undefined
2025-01-07 19:47:22.068 [error] Canceled: Canceled
    at new h (/usr/share/code/resources/app/out/vs/workbench/api/node/extensionHostProcess.js:102:56634)
    at t.O (/usr/share/code/resources/app/out/vs/workbench/api/node/extensionHostProcess.js:114:8020)
    at Proxy.N.<computed>.T.charCodeAt.N.<computed> (/usr/share/code/resources/app/out/vs/workbench/api/node/extensionHostProcess.js:114:5459)
    at a.g (/usr/share/code/resources/app/out/vs/workbench/api/node/extensionHostProcess.js:102:77241)
    at a.executeCommand (/usr/share/code/resources/app/out/vs/workbench/api/node/extensionHostProcess.js:102:76679)
    at v.registerCommand.description (/usr/share/code/resources/app/out/vs/workbench/api/node/extensionHostProcess.js:102:76000)
    at a.h (/usr/share/code/resources/app/out/vs/workbench/api/node/extensionHostProcess.js:102:77777)
    at a.g (/usr/share/code/resources/app/out/vs/workbench/api/node/extensionHostProcess.js:102:76772)
    at a.executeCommand (/usr/share/code/resources/app/out/vs/workbench/api/node/extensionHostProcess.js:102:76679)
    at Object.executeCommand (/usr/share/code/resources/app/out/vs/workbench/api/node/extensionHostProcess.js:120:20977)
    at t.$Ne.set b [as b] (/usr/share/code/resources/app/extensions/github/dist/extension.js:2:676183)
    at /usr/share/code/resources/app/extensions/github/dist/extension.js:2:676827
    at r.value (/usr/share/code/resources/app/extensions/git/dist/main.js:2:1349176)
    at f.w (/usr/share/code/resources/app/out/vs/workbench/api/node/extensionHostProcess.js:63:1902)
    at f.x (/usr/share/code/resources/app/out/vs/workbench/api/node/extensionHostProcess.js:63:1972)
    at fire (/usr/share/code/resources/app/out/vs/workbench/api/node/extensionHostProcess.js:63:2188)
    at Object.m [as dispose] (/usr/share/code/resources/app/extensions/git/dist/main.js:2:1277293)
    at /usr/share/code/resources/app/extensions/git/dist/main.js:2:1282023
    at Array.forEach (<anonymous>)
    at g.dispose (/usr/share/code/resources/app/extensions/git/dist/main.js:2:1282009)
    at p.<anonymous> (/usr/share/code/resources/app/out/vs/workbench/api/node/extensionHostProcess.js:98:3381)
    at p.dispose (/usr/share/code/resources/app/out/vs/workbench/api/node/extensionHostProcess.js:98:3478)
    at p.<anonymous> (/usr/share/code/resources/app/extensions/git/dist/main.js:2:1263703)
    at p.dispose (/usr/share/code/resources/app/out/vs/workbench/api/node/extensionHostProcess.js:98:3478)
    at S (/usr/share/code/resources/app/out/vs/workbench/api/node/extensionHostProcess.js:13:11731)
    at r.Z (/usr/share/code/resources/app/out/vs/workbench/api/node/extensionHostProcess.js:116:9686)
    at /usr/share/code/resources/app/out/vs/workbench/api/node/extensionHostProcess.js:116:7582
    at Array.map (<anonymous>)
    at r.S (/usr/share/code/resources/app/out/vs/workbench/api/node/extensionHostProcess.js:116:7570)
    at r.terminate (/usr/share/code/resources/app/out/vs/workbench/api/node/extensionHostProcess.js:116:7842)
    at s.terminate (/usr/share/code/resources/app/out/vs/workbench/api/node/extensionHostProcess.js:120:1506)
    at C (/usr/share/code/resources/app/out/vs/workbench/api/node/extensionHostProcess.js:130:32254)
    at MessagePortMain.<anonymous> (/usr/share/code/resources/app/out/vs/workbench/api/node/extensionHostProcess.js:130:28679)
    at MessagePortMain.emit (node:events:513:28)
    at Object.MessagePortMain._internalPort.emit (node:electron/js2c/utility_init:2:367) setContext undefined
2025-01-07 19:47:22.156 [info] Extension host with pid 2966 exiting with code 0
